# /dev/cpu_dma_latency set to 0us
# Histogram
000000 000000	000000	000000	000000	000000	000000	000000	000000
000001 000000	000000	000000	000000	000000	000000	000000	000000
000002 000004	000000	000059	000024	000000	000374	000001	000003
000003 664617	451695	821229	368385	306689	1294041	270855	739534
000004 968805	1176612	810292	1148290	1308137	356815	1153837	896959
000005 053306	056624	057704	160792	065151	050126	248059	053631
000006 046273	046932	047333	047676	046578	045076	048624	045359
000007 037617	039004	036490	040168	039390	031710	041465	036519
000008 014048	015072	012575	019600	017643	009983	021526	013567
000009 007012	006349	006468	006763	007023	005944	006895	006973
000010 004863	004326	004406	004495	004959	003656	004499	004403
000011 002670	002478	002392	002819	003242	001676	002987	002344
000012 000272	000434	000331	000547	000634	000080	000763	000222
000013 000017	000021	000146	000024	000029	000015	000033	000028
000014 000017	000018	000096	000010	000016	000015	000023	000013
000015 000014	000005	000020	000010	000015	000006	000010	000007
000016 000011	000014	000005	000008	000007	000004	000011	000008
000017 000005	000005	000011	000007	000008	000008	000008	000005
000018 000010	000002	000014	000006	000007	000006	000003	000006
000019 000006	000007	000008	000004	000007	000006	000007	000009
000020 000008	000007	000004	000009	000014	000008	000009	000010
000021 000008	000002	000003	000009	000003	000012	000005	000002
000022 000004	000004	000006	000004	000009	000004	000008	000005
000023 000005	000002	000009	000003	000005	000008	000007	000007
000024 000003	000006	000000	000006	000006	000006	000005	000008
000025 000007	000009	000002	000004	000007	000010	000002	000004
000026 000003	000011	000005	000003	000015	000008	000010	000012
000027 000009	000008	000003	000007	000010	000007	000004	000004
000028 000009	000004	000009	000004	000013	000002	000008	000009
000029 000004	000007	000006	000006	000005	000009	000006	000004
000030 000008	000007	000007	000007	000012	000011	000004	000006
000031 000002	000005	000003	000004	000006	000011	000013	000005
000032 000003	000007	000004	000004	000006	000011	000005	000008
000033 000008	000009	000003	000006	000011	000006	000004	000007
000034 000012	000006	000008	000008	000006	000004	000006	000004
000035 000005	000006	000005	000005	000004	000009	000006	000005
000036 000004	000005	000008	000006	000009	000003	000000	000003
000037 000005	000005	000008	000005	000008	000006	000005	000005
000038 000005	000004	000006	000006	000010	000009	000002	000006
000039 000009	000003	000009	000003	000008	000005	000005	000006
000040 000005	000002	000002	000006	000005	000012	000011	000004
000041 000010	000003	000009	000003	000002	000005	000010	000009
000042 000008	000005	000006	000007	000003	000010	000006	000003
000043 000013	000007	000006	000008	000003	000008	000006	000007
000044 000007	000006	000003	000004	000007	000004	000007	000006
000045 000008	000004	000003	000005	000007	000009	000005	000006
000046 000009	000004	000003	000002	000005	000010	000005	000007
000047 000008	000004	000005	000005	000005	000006	000003	000005
000048 000004	000005	000004	000006	000005	000006	000006	000005
000049 000004	000004	000007	000005	000007	000005	000003	000003
000050 000003	000010	000003	000002	000002	000005	000004	000004
000051 000002	000001	000004	000002	000007	000005	000002	000003
000052 000006	000001	000007	000002	000004	000005	000003	000004
000053 000004	000006	000004	000001	000001	000003	000000	000004
000054 000003	000002	000004	000005	000003	000005	000004	000003
000055 000004	000007	000006	000001	000001	000001	000001	000005
000056 000006	000002	000006	000004	000006	000007	000002	000005
000057 000005	000007	000006	000002	000004	000004	000004	000005
000058 000003	000006	000003	000005	000004	000005	000004	000002
000059 000004	000002	000003	000002	000004	000005	000003	000005
000060 000002	000003	000005	000006	000002	000003	000003	000003
000061 000007	000004	000005	000003	000008	000009	000003	000005
000062 000006	000004	000003	000006	000005	000002	000002	000002
000063 000004	000003	000003	000004	000005	000005	000004	000002
000064 000002	000006	000006	000000	000003	000003	000007	000010
000065 000004	000001	000004	000002	000002	000007	000007	000002
000066 000001	000001	000006	000006	000001	000004	000002	000008
000067 000002	000003	000005	000001	000005	000005	000000	000005
000068 000004	000002	000006	000005	000003	000001	000005	000006
000069 000001	000005	000005	000000	000005	000004	000001	000005
000070 000002	000002	000007	000003	000003	000003	000007	000008
000071 000002	000002	000005	000002	000004	000001	000003	000005
000072 000001	000002	000001	000003	000008	000003	000006	000003
000073 000003	000002	000004	000005	000000	000002	000005	000005
000074 000006	000005	000004	000001	000004	000000	000000	000003
000075 000002	000005	000004	000002	000005	000000	000003	000004
000076 000005	000008	000002	000001	000003	000001	000003	000003
000077 000002	000003	000011	000003	000006	000007	000006	000002
000078 000008	000004	000002	000004	000003	000007	000003	000001
000079 000002	000006	000002	000004	000001	000006	000005	000003
000080 000005	000002	000003	000005	000004	000006	000000	000006
000081 000003	000002	000004	000004	000007	000001	000001	000003
000082 000005	000005	000001	000002	000007	000004	000003	000002
000083 000003	000002	000001	000006	000004	000005	000004	000001
000084 000004	000004	000003	000008	000003	000003	000003	000002
000085 000001	000001	000002	000001	000002	000002	000001	000004
000086 000006	000005	000001	000001	000003	000001	000002	000005
000087 000004	000005	000006	000003	000001	000000	000002	000002
000088 000003	000003	000003	000003	000005	000002	000003	000001
000089 000004	000003	000003	000002	000003	000007	000003	000000
000090 000003	000004	000008	000001	000003	000003	000004	000003
000091 000003	000003	000002	000004	000006	000004	000009	000002
000092 000003	000003	000004	000001	000002	000004	000002	000004
000093 000005	000002	000001	000004	000003	000004	000003	000005
000094 000002	000002	000005	000002	000006	000005	000004	000002
000095 000001	000004	000004	000002	000006	000003	000002	000007
000096 000004	000001	000001	000002	000001	000005	000001	000002
000097 000005	000005	000003	000003	000006	000002	000005	000001
000098 000003	000004	000003	000003	000002	000002	000002	000003
000099 000002	000005	000002	000004	000000	000003	000004	000004
000100 000001	000002	000003	000002	000000	000003	000001	000004
000101 000003	000003	000003	000004	000000	000001	000003	000001
000102 000002	000002	000003	000004	000000	000003	000004	000001
000103 000002	000002	000003	000003	000005	000004	000001	000000
000104 000002	000004	000000	000005	000006	000005	000002	000002
000105 000005	000002	000004	000004	000006	000002	000003	000001
000106 000001	000002	000002	000001	000002	000002	000000	000001
000107 000002	000001	000000	000001	000002	000002	000002	000004
000108 000001	000002	000003	000002	000002	000000	000001	000002
000109 000004	000000	000004	000002	000003	000001	000003	000002
000110 000000	000002	000001	000001	000002	000000	000001	000002
000111 000002	000003	000003	000001	000001	000002	000001	000002
000112 000002	000003	000002	000000	000004	000000	000004	000000
000113 000002	000000	000000	000008	000001	000001	000002	000002
000114 000000	000001	000003	000000	000001	000001	000001	000000
000115 000000	000000	000002	000003	000000	000000	000001	000002
000116 000002	000003	000000	000000	000000	000001	000001	000001
000117 000000	000000	000000	000000	000001	000001	000000	000001
000118 000000	000001	000000	000000	000001	000000	000002	000000
000119 000003	000000	000003	000000	000001	000000	000000	000000
000120 000001	000000	000000	000000	000000	000001	000000	000002
000121 000000	000002	000001	000002	000001	000000	000000	000000
000122 000002	000000	000000	000001	000001	000001	000000	000000
000123 000000	000000	000000	000000	000001	000000	000001	000001
000124 000002	000000	000000	000002	000000	000000	000000	000001
000125 000000	000001	000001	000000	000000	000000	000000	000000
000126 000000	000000	000000	000001	000000	000002	000002	000000
000127 000000	000001	000000	000000	000000	000000	000001	000000
000128 000000	000000	000000	000000	000002	000000	000000	000001
000129 000000	000002	000001	000000	000001	000000	000000	000000
000130 000001	000000	000000	000000	000001	000001	000000	000001
000131 000000	000001	000002	000001	000000	000001	000000	000000
000132 000000	000001	000001	000001	000000	000000	000000	000000
000133 000000	000000	000001	000000	000000	000000	000001	000000
000134 000000	000000	000000	000001	000001	000000	000000	000000
000135 000002	000000	000001	000001	000000	000000	000000	000000
000136 000000	000000	000001	000001	000000	000001	000000	000000
000137 000000	000000	000001	000000	000000	000001	000000	000000
000138 000000	000002	000000	000000	000001	000000	000000	000000
000139 000001	000000	000000	000001	000001	000000	000000	000000
000140 000000	000000	000001	000001	000000	000000	000001	000000
000141 000000	000001	000000	000002	000001	000002	000000	000000
000142 000002	000000	000000	000000	000000	000000	000001	000003
000143 000001	000000	000000	000000	000000	000000	000000	000000
000144 000000	000000	000000	000000	000000	000000	000002	000000
000145 000000	000000	000000	000000	000000	000000	000000	000000
000146 000001	000001	000001	000000	000000	000000	000000	000001
000147 000000	000000	000002	000000	000002	000000	000001	000000
000148 000000	000001	000000	000000	000000	000000	000000	000001
000149 000000	000000	000000	000001	000001	000001	000000	000000
000150 000000	000001	000000	000001	000000	000000	000000	000000
000151 000001	000000	000000	000000	000000	000000	000000	000000
000152 000000	000000	000001	000000	000000	000000	000000	000000
000153 000000	000001	000000	000000	000001	000001	000002	000000
000154 000000	000000	000000	000000	000000	000000	000000	000000
000155 000000	000001	000000	000000	000000	000000	000000	000000
000156 000000	000000	000001	000000	000001	000000	000001	000000
000157 000001	000000	000000	000000	000000	000000	000000	000001
000158 000001	000001	000000	000001	000000	000001	000000	000000
000159 000000	000000	000000	000000	000000	000001	000000	000000
000160 000001	000000	000001	000000	000000	000000	000000	000000
000161 000000	000000	000000	000000	000000	000000	000000	000001
000162 000000	000000	000000	000000	000000	000000	000000	000000
000163 000000	000000	000000	000000	000000	000000	000001	000001
000164 000001	000000	000001	000000	000000	000001	000000	000000
000165 000000	000000	000001	000000	000000	000000	000001	000000
000166 000000	000000	000001	000000	000000	000001	000000	000000
000167 000000	000000	000000	000000	000000	000000	000000	000000
000168 000000	000000	000000	000000	000000	000000	000001	000001
000169 000000	000000	000001	000000	000000	000000	000000	000000
000170 000000	000000	000001	000000	000001	000002	000001	000000
000171 000001	000000	000000	000001	000000	000000	000000	000000
000172 000000	000002	000000	000001	000000	000000	000001	000000
000173 000000	000000	000000	000000	000001	000000	000000	000000
000174 000000	000000	000000	000000	000000	000000	000000	000000
000175 000000	000000	000000	000001	000000	000001	000000	000000
000176 000000	000000	000001	000000	000000	000001	000000	000001
000177 000000	000000	000000	000000	000000	000000	000000	000000
000178 000000	000000	000000	000000	000000	000000	000000	000000
000179 000000	000001	000001	000000	000000	000000	000000	000000
000180 000000	000000	000000	000000	000000	000000	000000	000000
000181 000000	000000	000000	000000	000000	000000	000000	000000
000182 000000	000000	000000	000000	000001	000000	000000	000000
000183 000000	000000	000001	000000	000000	000000	000000	000000
000184 000000	000000	000000	000000	000000	000000	000000	000000
000185 000000	000000	000000	000000	000000	000000	000000	000000
000186 000000	000000	000000	000000	000000	000000	000000	000000
000187 000000	000001	000000	000000	000001	000000	000002	000000
000188 000002	000000	000000	000000	000001	000000	000000	000000
000189 000000	000000	000000	000000	000000	000001	000000	000000
000190 000000	000000	000000	000000	000000	000000	000000	000000
000191 000001	000000	000000	000000	000000	000000	000000	000001
000192 000000	000001	000000	000000	000001	000000	000000	000000
000193 000000	000000	000000	000000	000000	000000	000000	000000
000194 000001	000001	000000	000000	000000	000000	000001	000001
000195 000000	000000	000001	000000	000000	000000	000000	000000
000196 000000	000000	000001	000000	000000	000000	000000	000000
000197 000000	000000	000001	000000	000000	000000	000000	000000
000198 000000	000001	000000	000000	000000	000000	000000	000001
000199 000000	000000	000000	000001	000000	000000	000000	000000
000200 000002	000000	000000	000000	000001	000000	000000	000000
000201 000000	000000	000000	000000	000000	000000	000000	000000
000202 000000	000000	000000	000000	000000	000000	000001	000000
000203 000000	000000	000001	000000	000000	000000	000000	000001
000204 000000	000000	000000	000000	000001	000000	000000	000000
000205 000000	000000	000000	000000	000000	000000	000000	000000
000206 000000	000000	000000	000000	000000	000000	000001	000000
000207 000000	000001	000000	000000	000000	000000	000000	000000
000208 000001	000000	000000	000000	000000	000000	000000	000000
000209 000000	000000	000000	000000	000000	000000	000000	000000
000210 000000	000000	000000	000000	000000	000000	000000	000000
000211 000000	000000	000000	000000	000000	000000	000000	000000
000212 000000	000000	000000	000000	000000	000000	000000	000001
000213 000000	000000	000000	000000	000000	000000	000000	000000
000214 000000	000000	000000	000000	000000	000000	000000	000000
000215 000000	000000	000000	000000	000000	000000	000000	000000
000216 000000	000000	000000	000001	000000	000000	000000	000000
000217 000000	000000	000000	000000	000000	000000	000000	000000
000218 000000	000000	000000	000000	000000	000000	000000	000000
000219 000000	000000	000000	000000	000000	000001	000000	000000
000220 000000	000000	000000	000000	000000	000000	000000	000000
000221 000000	000000	000001	000000	000000	000000	000000	000000
000222 000000	000001	000000	000000	000000	000000	000000	000000
000223 000000	000000	000000	000000	000000	000000	000000	000000
000224 000000	000001	000000	000000	000000	000000	000000	000000
000225 000000	000000	000000	000000	000000	000000	000000	000000
000226 000000	000000	000000	000000	000000	000000	000000	000000
000227 000000	000000	000000	000000	000000	000000	000000	000000
000228 000000	000000	000000	000000	000000	000000	000000	000000
000229 000000	000000	000000	000000	000000	000000	000000	000000
000230 000000	000000	000000	000000	000000	000000	000000	000000
000231 000000	000000	000000	000000	000000	000000	000000	000000
000232 000000	000000	000000	000000	000000	000000	000000	000000
000233 000000	000000	000000	000000	000000	000000	000000	000000
000234 000000	000000	000000	000000	000000	000000	000000	000000
000235 000000	000000	000000	000000	000000	000000	000000	000000
000236 000000	000000	000000	000000	000000	000000	000001	000000
000237 000000	000000	000000	000000	000000	000000	000000	000000
000238 000000	000000	000000	000000	000000	000000	000000	000000
000239 000000	000000	000000	000000	000000	000000	000000	000000
000240 000000	000000	000000	000000	000000	000000	000000	000000
000241 000000	000000	000000	000000	000000	000000	000000	000000
000242 000000	000000	000000	000000	000000	000000	000000	000000
000243 000000	000000	000000	000000	000000	000000	000000	000000
000244 000000	000000	000000	000000	000000	000000	000000	000000
000245 000000	000000	000000	000000	000000	000000	000000	000000
000246 000000	000000	000000	000000	000000	000000	000000	000000
000247 000000	000000	000000	000000	000000	000000	000000	000000
000248 000000	000000	000000	000000	000000	000000	000000	000000
000249 000000	000000	000000	000000	000000	000000	000000	000000
000250 000000	000000	000000	000000	000000	000000	000000	000000
000251 000000	000000	000000	000000	000000	000000	000000	000000
000252 000000	000000	000000	000000	000000	000000	000000	000000
000253 000000	000000	000000	000000	000000	000000	000000	000000
000254 000000	000000	000000	000000	000000	000000	000000	000000
000255 000000	000000	000000	000000	000000	000000	000000	000000
000256 000000	000000	000000	000000	000000	000000	000000	000000
000257 000000	000000	000000	000000	000000	000000	000000	000000
000258 000000	000000	000000	000000	000000	000000	000000	000000
000259 000000	000000	000000	000000	000000	000000	000000	000000
000260 000000	000000	000000	000000	000000	000000	000000	000000
000261 000000	000000	000000	000000	000000	000000	000000	000000
000262 000000	000000	000000	000000	000000	000000	000000	000000
000263 000000	000000	000000	000000	000000	000000	000000	000000
000264 000000	000000	000000	000000	000000	000000	000000	000000
000265 000000	000000	000000	000000	000000	000000	000000	000000
000266 000000	000000	000000	000000	000000	000000	000000	000000
000267 000000	000000	000000	000000	000000	000000	000000	000000
000268 000000	000000	000000	000000	000000	000000	000000	000000
000269 000000	000000	000000	000000	000000	000000	000000	000000
000270 000000	000000	000000	000000	000000	000000	000000	000000
000271 000000	000000	000000	000000	000000	000000	000000	000000
000272 000000	000000	000000	000000	000000	000000	000000	000000
000273 000000	000000	000000	000000	000000	000000	000000	000000
000274 000000	000000	000000	000000	000000	000000	000000	000000
000275 000000	000000	000000	000000	000000	000000	000000	000000
000276 000000	000000	000000	000000	000000	000000	000000	000000
000277 000000	000000	000000	000000	000000	000000	000000	000000
000278 000000	000000	000000	000000	000000	000000	000000	000000
000279 000000	000000	000000	000000	000000	000000	000000	000000
000280 000000	000000	000000	000000	000000	000000	000000	000000
000281 000000	000000	000000	000000	000000	000000	000000	000000
000282 000000	000000	000000	000000	000000	000000	000000	000000
000283 000000	000000	000000	000000	000000	000000	000000	000000
000284 000000	000000	000000	000000	000000	000000	000000	000000
000285 000000	000000	000000	000000	000000	000000	000000	000000
000286 000000	000000	000000	000000	000000	000000	000000	000000
000287 000000	000000	000000	000000	000000	000000	000000	000000
000288 000000	000000	000000	000000	000000	000000	000000	000000
000289 000000	000000	000000	000000	000000	000000	000000	000000
000290 000000	000000	000000	000000	000000	000000	000000	000000
000291 000000	000000	000000	000000	000000	000000	000000	000000
000292 000000	000000	000000	000000	000000	000000	000000	000000
000293 000000	000000	000000	000000	000000	000000	000000	000000
000294 000000	000000	000000	000000	000000	000000	000000	000000
000295 000000	000000	000000	000000	000000	000000	000000	000000
000296 000000	000000	000000	000000	000000	000000	000000	000000
000297 000000	000000	000000	000000	000000	000000	000000	000000
000298 000000	000000	000000	000000	000000	000000	000000	000000
000299 000000	000000	000000	000000	000000	000000	000000	000000
000300 000000	000000	000000	000000	000000	000000	000000	000000
000301 000000	000000	000000	000000	000000	000000	000000	000000
000302 000000	000000	000000	000000	000000	000000	000000	000000
000303 000000	000000	000000	000000	000000	000000	000000	000000
000304 000000	000000	000000	000000	000000	000000	000000	000000
000305 000000	000000	000000	000000	000000	000000	000000	000000
000306 000000	000000	000000	000000	000000	000000	000000	000000
000307 000000	000000	000000	000000	000000	000000	000000	000000
000308 000000	000000	000000	000000	000000	000000	000000	000000
000309 000000	000000	000000	000000	000000	000000	000000	000000
000310 000000	000000	000000	000000	000000	000000	000000	000000
000311 000000	000000	000000	000000	000000	000000	000000	000000
000312 000000	000000	000000	000000	000000	000000	000000	000000
000313 000000	000000	000000	000000	000000	000000	000000	000000
000314 000000	000000	000000	000000	000000	000000	000000	000000
000315 000000	000000	000000	000000	000000	000000	000000	000000
000316 000000	000000	000000	000000	000000	000000	000000	000000
000317 000000	000000	000000	000000	000000	000000	000000	000000
000318 000000	000000	000000	000000	000000	000000	000000	000000
000319 000000	000000	000000	000000	000000	000000	000000	000000
000320 000000	000000	000000	000000	000000	000000	000000	000000
000321 000000	000000	000000	000000	000000	000000	000000	000000
000322 000000	000000	000000	000000	000000	000000	000000	000000
000323 000000	000000	000000	000000	000000	000000	000000	000000
000324 000000	000000	000000	000000	000000	000000	000000	000000
000325 000000	000000	000000	000000	000000	000000	000000	000000
000326 000000	000000	000000	000000	000000	000000	000000	000000
000327 000000	000000	000000	000000	000000	000000	000000	000000
000328 000000	000000	000000	000000	000000	000000	000000	000000
000329 000000	000000	000000	000000	000000	000000	000000	000000
000330 000000	000000	000000	000000	000000	000000	000000	000000
000331 000000	000000	000000	000000	000000	000000	000000	000000
000332 000000	000000	000000	000000	000000	000000	000000	000000
000333 000000	000000	000000	000000	000000	000000	000000	000000
000334 000000	000000	000000	000000	000000	000000	000000	000000
000335 000000	000000	000000	000000	000000	000000	000000	000000
000336 000000	000000	000000	000000	000000	000000	000000	000000
000337 000000	000000	000000	000000	000000	000000	000000	000000
000338 000000	000000	000000	000000	000000	000000	000000	000000
000339 000000	000000	000000	000000	000000	000000	000000	000000
000340 000000	000000	000000	000000	000000	000000	000000	000000
000341 000000	000000	000000	000000	000000	000000	000000	000000
000342 000000	000000	000000	000000	000000	000000	000000	000000
000343 000000	000000	000000	000000	000000	000000	000000	000000
000344 000000	000000	000000	000000	000000	000000	000000	000000
000345 000000	000000	000000	000000	000000	000000	000000	000000
000346 000000	000000	000000	000000	000000	000000	000000	000000
000347 000000	000000	000000	000000	000000	000000	000000	000000
000348 000000	000000	000000	000000	000000	000000	000000	000000
000349 000000	000000	000000	000000	000000	000000	000000	000000
000350 000000	000000	000000	000000	000000	000000	000000	000000
000351 000000	000000	000000	000000	000000	000000	000000	000000
000352 000000	000000	000000	000000	000000	000000	000000	000000
000353 000000	000000	000000	000000	000000	000000	000000	000000
000354 000000	000000	000000	000000	000000	000000	000000	000000
000355 000000	000000	000000	000000	000000	000000	000000	000000
000356 000000	000000	000000	000000	000000	000000	000000	000000
000357 000000	000000	000000	000000	000000	000000	000000	000000
000358 000000	000000	000000	000000	000000	000000	000000	000000
000359 000000	000000	000000	000000	000000	000000	000000	000000
000360 000000	000000	000000	000000	000000	000000	000000	000000
000361 000000	000000	000000	000000	000000	000000	000000	000000
000362 000000	000000	000000	000000	000000	000000	000000	000000
000363 000000	000000	000000	000000	000000	000000	000000	000000
000364 000000	000000	000000	000000	000000	000000	000000	000000
000365 000000	000000	000000	000000	000000	000000	000000	000000
000366 000000	000000	000000	000000	000000	000000	000000	000000
000367 000000	000000	000000	000000	000000	000000	000000	000000
000368 000000	000000	000000	000000	000000	000000	000000	000000
000369 000000	000000	000000	000000	000000	000000	000000	000000
000370 000000	000000	000000	000000	000000	000000	000000	000000
000371 000000	000000	000000	000000	000000	000000	000000	000000
000372 000000	000000	000000	000000	000000	000000	000000	000000
000373 000000	000000	000000	000000	000000	000000	000000	000000
000374 000000	000000	000000	000000	000000	000000	000000	000000
000375 000000	000000	000000	000000	000000	000000	000000	000000
000376 000000	000000	000000	000000	000000	000000	000000	000000
000377 000000	000000	000000	000000	000000	000000	000000	000000
000378 000000	000000	000000	000000	000000	000000	000000	000000
000379 000000	000000	000000	000000	000000	000000	000000	000000
000380 000000	000000	000000	000000	000000	000000	000000	000000
000381 000000	000000	000000	000000	000000	000000	000000	000000
000382 000000	000000	000000	000000	000000	000000	000000	000000
000383 000000	000000	000000	000000	000000	000000	000000	000000
000384 000000	000000	000000	000000	000000	000000	000000	000000
000385 000000	000000	000000	000000	000000	000000	000000	000000
000386 000000	000000	000000	000000	000000	000000	000000	000000
000387 000000	000000	000000	000000	000000	000000	000000	000000
000388 000000	000000	000000	000000	000000	000000	000000	000000
000389 000000	000000	000000	000000	000000	000000	000000	000000
000390 000000	000000	000000	000000	000000	000000	000000	000000
000391 000000	000000	000000	000000	000000	000000	000000	000000
000392 000000	000000	000000	000000	000000	000000	000000	000000
000393 000000	000000	000000	000000	000000	000000	000000	000000
000394 000000	000000	000000	000000	000000	000000	000000	000000
000395 000000	000000	000000	000000	000000	000000	000000	000000
000396 000000	000000	000000	000000	000000	000000	000000	000000
000397 000000	000000	000000	000000	000000	000000	000000	000000
000398 000000	000000	000000	000000	000000	000000	000000	000000
000399 000000	000000	000000	000000	000000	000000	000000	000000
# Total: 001799999 001799999 001800000 001800000 001799999 001800000 001799999 001799998
# Min Latencies: 00002 00003 00002 00002 00003 00002 00002 00002
# Avg Latencies: 00003 00003 00003 00004 00004 00003 00004 00003
# Max Latencies: 00417 00500 00221 00216 00204 00219 00514 00469
# Histogram Overflows: 00001 00001 00000 00000 00000 00000 00001 00001
# Histogram Overflow at cycle number:
# Thread 0: 710270
# Thread 1: 710270
# Thread 2:
# Thread 3:
# Thread 4:
# Thread 5:
# Thread 6: 710269
# Thread 7: 710269

