# /dev/cpu_dma_latency set to 0us
# Histogram
000000 000000	000000	000000	000000	000000	000000	000000	000000
000001 000000	000000	000000	000000	000000	000000	000000	000000
000002 000000	000000	000000	000000	000000	000000	000000	000000
000003 000000	000000	000000	000000	000000	000000	000000	000000
000004 000000	000000	000000	000000	000000	000000	000000	000000
000005 003870	003458	002849	003970	006224	004600	004895	001761
000006 414626	356091	271485	732480	4713165	892688	537023	143697
000007 15907376	12636605	14238582	16858980	18579333	17321735	16695473	9865859
000008 9397482	11945890	11040004	8135522	2964299	7544599	8477327	13810439
000009 1216519	1768061	1547412	1166725	868500	1153375	1186880	2715833
000010 965383	1047694	828822	959784	804053	953515	961966	1046457
000011 573175	662169	521989	575619	518183	557231	576351	727425
000012 159850	206804	174184	176415	151832	174464	174010	265097
000013 086464	092775	092155	100287	083940	104965	099194	111021
000014 053252	053632	056424	062259	069038	066618	061574	071595
000015 019526	021076	022979	025006	034834	023838	022896	034627
000016 001429	003819	002153	001953	004984	001416	001510	004861
000017 000443	001135	000396	000392	000442	000413	000369	000552
000018 000247	000405	000215	000255	000295	000235	000180	000324
000019 000121	000151	000145	000142	000259	000108	000127	000155
000020 000101	000104	000085	000087	000162	000067	000081	000119
000021 000062	000051	000049	000055	000205	000056	000056	000082
000022 000039	000039	000038	000031	000136	000035	000034	000048
000023 000018	000019	000016	000016	000083	000019	000020	000020
000024 000005	000005	000004	000005	000016	000004	000009	000011
000025 000002	000003	000002	000003	000001	000003	000003	000002
000026 000000	000000	000002	000001	000001	000001	000002	000001
000027 000000	000000	000000	000000	000000	000000	000000	000001
000028 000000	000001	000000	000000	000001	000000	000001	000000
000029 000000	000000	000000	000000	000000	000001	000000	000000
000030 000000	000000	000000	000000	000000	000000	000000	000000
000031 000000	000000	000000	000000	000000	000000	000000	000000
000032 000000	000000	000000	000000	000000	000000	000001	000000
000033 000000	000000	000000	000000	000000	000000	000000	000000
000034 000000	000000	000000	000000	000000	000000	000000	000000
000035 000000	000000	000000	000000	000000	000000	000000	000001
000036 000000	000000	000000	000000	000000	000001	000000	000000
000037 000000	000000	000000	000000	000000	000000	000000	000000
000038 000000	000000	000000	000000	000000	000000	000000	000000
000039 000000	000000	000000	000000	000000	000000	000001	000000
000040 000000	000000	000000	000000	000000	000001	000000	000000
000041 000000	000000	000000	000000	000000	000000	000000	000000
000042 000000	000000	000000	000000	000000	000000	000000	000000
000043 000000	000000	000000	000000	000000	000001	000000	000000
000044 000000	000000	000000	000000	000000	000000	000000	000000
000045 000000	000000	000000	000000	000000	000000	000000	000000
000046 000000	000000	000000	000001	000000	000000	000000	000000
000047 000000	000001	000000	000000	000000	000000	000000	000000
000048 000000	000000	000000	000000	000000	000000	000000	000000
000049 000000	000000	000000	000000	000000	000000	000000	000000
000050 000000	000001	000000	000001	000000	000000	000000	000000
000051 000000	000000	000000	000000	000000	000000	000000	000000
000052 000000	000003	000000	000000	000000	000000	000000	000000
000053 000001	000000	000000	000000	000000	000000	000000	000000
000054 000000	000000	000000	000000	000000	000000	000000	000000
000055 000000	000000	000000	000000	000000	000000	000000	000000
000056 000000	000000	000000	000001	000000	000000	000000	000000
000057 000000	000000	000000	000000	000000	000000	000000	000000
000058 000000	000000	000000	000000	000000	000000	000000	000000
000059 000002	000000	000000	000000	000000	000000	000000	000000
000060 000000	000000	000000	000000	000000	000000	000000	000000
000061 000000	000000	000000	000000	000000	000000	000002	000000
000062 000000	000000	000000	000000	000001	000000	000001	000000
000063 000000	000000	000000	000000	000000	000000	000000	000000
000064 000000	000000	000001	000000	000000	000000	000001	000001
000065 000001	000000	000000	000000	000000	000000	000000	000000
000066 000000	000000	000000	000000	000000	000000	000000	000001
000067 000000	000000	000000	000000	000000	000000	000000	000001
000068 000000	000000	000000	000000	000000	000000	000000	000000
000069 000000	000000	000000	000000	000000	000000	000000	000000
000070 000000	000000	000000	000000	000000	000000	000001	000000
000071 000000	000000	000000	000000	000000	000000	000000	000000
000072 000000	000000	000000	000000	000000	000001	000000	000000
000073 000000	000000	000000	000000	000000	000000	000000	000000
000074 000000	000000	000000	000000	000000	000000	000000	000001
000075 000000	000000	000000	000000	000000	000000	000000	000000
000076 000000	000000	000000	000000	000000	000000	000000	000000
000077 000000	000000	000000	000000	000000	000000	000000	000000
000078 000000	000000	000000	000000	000000	000000	000000	000000
000079 000000	000000	000000	000000	000001	000000	000000	000000
000080 000000	000000	000000	000000	000000	000000	000000	000000
000081 000000	000000	000000	000000	000000	000000	000000	000000
000082 000000	000000	000000	000000	000000	000000	000001	000000
000083 000000	000000	000000	000001	000001	000000	000000	000000
000084 000000	000000	000000	000000	000000	000000	000000	000000
000085 000000	000000	000000	000000	000000	000000	000000	000000
000086 000000	000000	000001	000000	000000	000000	000000	000000
000087 000000	000000	000000	000000	000000	000000	000000	000000
000088 000000	000000	000000	000000	000000	000000	000000	000000
000089 000000	000000	000000	000000	000000	000000	000000	000000
000090 000000	000001	000000	000000	000000	000000	000000	000000
000091 000000	000000	000000	000000	000000	000000	000000	000000
000092 000000	000000	000000	000000	000000	000000	000000	000000
000093 000000	000000	000000	000000	000000	000000	000000	000000
000094 000000	000000	000000	000001	000000	000000	000000	000000
000095 000000	000000	000000	000000	000000	000000	000000	000000
000096 000000	000000	000000	000000	000000	000000	000000	000000
000097 000000	000000	000000	000000	000000	000000	000000	000000
000098 000000	000001	000000	000000	000000	000000	000000	000000
000099 000000	000000	000000	000000	000000	000000	000000	000000
000100 000000	000000	000000	000000	000000	000000	000000	000000
000101 000000	000000	000000	000000	000000	000000	000000	000000
000102 000001	000000	000000	000000	000001	000000	000000	000000
000103 000000	000000	000000	000000	000000	000000	000000	000000
000104 000000	000000	000000	000000	000000	000000	000001	000000
000105 000000	000000	000001	000000	000000	000000	000000	000000
000106 000000	000000	000000	000000	000000	000000	000000	000000
000107 000000	000000	000000	000000	000000	000000	000000	000000
000108 000000	000000	000000	000000	000000	000000	000001	000000
000109 000000	000000	000000	000001	000000	000000	000000	000000
000110 000000	000000	000000	000000	000000	000000	000000	000000
000111 000000	000000	000000	000000	000000	000001	000000	000000
000112 000000	000000	000000	000000	000000	000000	000000	000000
000113 000000	000000	000000	000000	000001	000000	000000	000000
000114 000000	000000	000000	000000	000000	000000	000000	000000
000115 000000	000000	000000	000000	000000	000000	000000	000001
000116 000000	000000	000001	000000	000000	000000	000000	000000
000117 000000	000000	000000	000000	000000	000000	000000	000000
000118 000000	000000	000000	000000	000000	000000	000000	000000
000119 000000	000000	000000	000000	000000	000000	000000	000000
000120 000000	000000	000000	000000	000000	000000	000000	000000
000121 000000	000000	000000	000000	000000	000000	000000	000000
000122 000000	000000	000000	000000	000000	000000	000000	000000
000123 000000	000000	000000	000000	000000	000000	000000	000000
000124 000000	000000	000000	000000	000000	000000	000000	000000
000125 000000	000000	000000	000000	000000	000000	000000	000000
000126 000000	000000	000000	000000	000000	000000	000000	000000
000127 000000	000000	000000	000000	000000	000000	000000	000000
000128 000000	000000	000000	000000	000000	000000	000000	000000
000129 000000	000000	000000	000000	000000	000000	000001	000000
000130 000000	000000	000000	000000	000000	000000	000000	000000
000131 000000	000000	000000	000000	000000	000000	000000	000000
000132 000000	000000	000000	000000	000000	000000	000000	000000
000133 000000	000000	000000	000000	000000	000000	000000	000000
000134 000000	000000	000000	000000	000001	000000	000000	000000
000135 000000	000000	000000	000000	000000	000001	000000	000000
000136 000000	000000	000000	000000	000000	000000	000000	000001
000137 000000	000000	000001	000001	000000	000000	000000	000000
000138 000000	000000	000000	000000	000000	000000	000000	000000
000139 000000	000000	000000	000000	000000	000000	000000	000000
000140 000000	000000	000000	000000	000000	000000	000000	000000
000141 000000	000001	000000	000000	000000	000000	000000	000000
000142 000000	000000	000000	000000	000000	000000	000000	000000
000143 000000	000000	000000	000000	000000	000000	000000	000000
000144 000000	000000	000000	000000	000000	000000	000000	000000
000145 000000	000000	000000	000000	000000	000000	000000	000000
000146 000000	000000	000000	000000	000000	000000	000000	000000
000147 000000	000000	000000	000000	000000	000000	000000	000000
000148 000000	000000	000000	000000	000000	000000	000000	000000
000149 000000	000000	000000	000000	000000	000000	000000	000000
000150 000000	000000	000000	000000	000000	000000	000000	000000
000151 000000	000000	000000	000000	000000	000000	000000	000000
000152 000000	000000	000000	000000	000000	000000	000000	000000
000153 000000	000000	000000	000000	000000	000000	000000	000000
000154 000000	000000	000000	000000	000000	000000	000000	000000
000155 000000	000000	000000	000000	000000	000000	000000	000000
000156 000000	000000	000000	000000	000000	000000	000000	000000
000157 000000	000000	000000	000000	000000	000000	000000	000000
000158 000000	000000	000000	000000	000000	000000	000000	000000
000159 000000	000000	000000	000000	000000	000000	000000	000000
000160 000000	000000	000000	000000	000000	000000	000000	000000
000161 000000	000000	000000	000000	000000	000000	000000	000000
000162 000000	000000	000000	000000	000000	000000	000000	000000
000163 000000	000000	000000	000000	000000	000000	000000	000000
000164 000000	000000	000000	000000	000000	000001	000000	000000
000165 000000	000000	000000	000000	000000	000000	000000	000000
000166 000000	000000	000000	000000	000000	000000	000000	000000
000167 000000	000000	000000	000000	000000	000000	000000	000000
000168 000000	000000	000000	000000	000000	000000	000000	000000
000169 000000	000000	000000	000000	000000	000000	000000	000000
000170 000000	000000	000000	000000	000000	000000	000000	000000
000171 000000	000000	000000	000000	000000	000000	000000	000000
000172 000000	000000	000000	000000	000000	000001	000000	000000
000173 000000	000000	000000	000000	000000	000000	000000	000000
000174 000000	000000	000000	000000	000000	000000	000000	000000
000175 000000	000000	000000	000000	000000	000000	000000	000000
000176 000000	000000	000000	000000	000000	000000	000000	000000
000177 000000	000000	000000	000000	000000	000000	000000	000000
000178 000000	000000	000000	000000	000000	000000	000000	000000
000179 000000	000000	000000	000000	000000	000000	000000	000000
000180 000000	000000	000000	000000	000000	000000	000000	000000
000181 000000	000000	000000	000000	000000	000000	000000	000000
000182 000000	000000	000000	000000	000000	000000	000000	000000
000183 000000	000000	000000	000000	000000	000000	000000	000000
000184 000000	000000	000000	000000	000000	000000	000000	000000
000185 000000	000000	000000	000000	000000	000000	000000	000000
000186 000000	000000	000000	000000	000000	000000	000000	000001
000187 000000	000000	000000	000000	000000	000000	000000	000000
000188 000000	000000	000000	000000	000000	000000	000000	000000
000189 000000	000000	000000	000000	000000	000000	000000	000000
000190 000000	000000	000000	000000	000000	000000	000000	000000
000191 000000	000000	000000	000000	000000	000000	000000	000000
000192 000000	000000	000000	000000	000000	000000	000000	000000
000193 000000	000000	000000	000000	000000	000000	000000	000000
000194 000000	000000	000000	000000	000000	000000	000000	000000
000195 000000	000000	000000	000000	000000	000000	000000	000000
000196 000000	000000	000000	000000	000000	000000	000000	000000
000197 000000	000000	000000	000000	000000	000000	000000	000000
000198 000000	000000	000000	000000	000000	000000	000000	000000
000199 000000	000000	000000	000000	000000	000000	000000	000000
000200 000000	000000	000000	000001	000000	000000	000000	000000
000201 000000	000000	000000	000000	000000	000000	000000	000000
000202 000000	000000	000000	000000	000000	000000	000000	000000
000203 000000	000000	000000	000000	000000	000000	000000	000000
000204 000000	000000	000000	000000	000000	000000	000000	000000
000205 000000	000000	000000	000000	000000	000000	000000	000000
000206 000000	000000	000000	000000	000000	000000	000000	000000
000207 000000	000000	000000	000000	000000	000000	000000	000000
000208 000000	000000	000000	000000	000000	000000	000000	000000
000209 000000	000000	000000	000000	000000	000000	000000	000000
000210 000000	000000	000000	000000	000000	000000	000000	000000
000211 000000	000000	000000	000000	000000	000000	000000	000000
000212 000000	000000	000000	000000	000000	000000	000000	000000
000213 000000	000000	000000	000000	000000	000000	000000	000000
000214 000000	000000	000000	000000	000000	000000	000000	000000
000215 000000	000000	000000	000000	000000	000000	000000	000000
000216 000000	000000	000000	000000	000000	000000	000000	000000
000217 000000	000000	000000	000000	000000	000000	000000	000000
000218 000000	000000	000000	000000	000000	000000	000000	000000
000219 000000	000000	000000	000000	000000	000000	000000	000000
000220 000000	000000	000000	000000	000000	000000	000000	000000
000221 000000	000000	000000	000000	000000	000000	000000	000000
000222 000000	000000	000000	000000	000000	000000	000000	000000
000223 000000	000000	000000	000000	000000	000000	000000	000000
000224 000000	000000	000000	000000	000000	000000	000000	000000
000225 000000	000000	000000	000000	000000	000000	000000	000000
000226 000000	000000	000000	000000	000000	000000	000000	000000
000227 000000	000000	000000	000000	000000	000000	000000	000000
000228 000000	000000	000000	000000	000000	000000	000000	000000
000229 000000	000000	000000	000000	000000	000000	000000	000000
000230 000000	000000	000000	000000	000000	000000	000000	000000
000231 000000	000000	000000	000000	000000	000000	000000	000000
000232 000000	000000	000000	000000	000000	000000	000000	000000
000233 000000	000000	000000	000000	000000	000000	000000	000000
000234 000000	000000	000000	000000	000000	000000	000000	000000
000235 000000	000000	000000	000000	000000	000000	000000	000000
000236 000000	000000	000000	000000	000000	000000	000000	000000
000237 000000	000000	000000	000000	000000	000000	000000	000000
000238 000000	000000	000000	000000	000000	000000	000000	000000
000239 000000	000000	000000	000000	000000	000000	000000	000000
000240 000000	000000	000000	000000	000000	000000	000000	000000
000241 000000	000000	000000	000000	000000	000000	000000	000000
000242 000000	000000	000000	000000	000000	000000	000000	000000
000243 000000	000000	000000	000000	000000	000000	000000	000000
000244 000000	000000	000000	000000	000000	000000	000000	000000
000245 000000	000000	000000	000000	000000	000000	000000	000000
000246 000000	000000	000000	000000	000000	000000	000000	000000
000247 000000	000000	000000	000000	000000	000000	000000	000000
000248 000000	000000	000000	000000	000000	000000	000000	000000
000249 000000	000000	000000	000000	000000	000000	000000	000000
000250 000000	000000	000000	000000	000000	000000	000000	000000
000251 000000	000000	000000	000000	000000	000000	000000	000000
000252 000000	000000	000000	000000	000000	000000	000000	000000
000253 000000	000000	000000	000000	000000	000000	000000	000000
000254 000000	000000	000000	000000	000000	000000	000000	000000
000255 000000	000000	000000	000000	000000	000000	000000	000000
000256 000000	000000	000000	000000	000000	000000	000000	000000
000257 000000	000000	000000	000000	000000	000000	000000	000000
000258 000000	000000	000000	000000	000000	000000	000000	000000
000259 000000	000000	000000	000000	000000	000000	000000	000000
000260 000000	000000	000000	000000	000000	000000	000000	000000
000261 000000	000000	000000	000000	000000	000000	000000	000000
000262 000000	000000	000000	000000	000000	000000	000000	000000
000263 000000	000000	000000	000000	000000	000000	000000	000000
000264 000000	000000	000000	000000	000000	000000	000000	000000
000265 000000	000000	000000	000000	000000	000000	000000	000000
000266 000000	000000	000000	000000	000000	000000	000000	000000
000267 000000	000000	000000	000000	000000	000000	000000	000000
000268 000000	000000	000000	000000	000000	000000	000000	000000
000269 000000	000000	000000	000000	000000	000000	000000	000000
000270 000000	000000	000000	000000	000000	000000	000000	000000
000271 000000	000000	000000	000000	000000	000000	000000	000000
000272 000000	000000	000000	000000	000000	000000	000000	000000
000273 000000	000000	000000	000000	000000	000000	000000	000000
000274 000000	000000	000000	000000	000000	000000	000000	000000
000275 000000	000000	000000	000000	000000	000000	000000	000000
000276 000000	000000	000000	000000	000000	000000	000000	000000
000277 000000	000000	000000	000000	000000	000000	000000	000000
000278 000000	000000	000000	000000	000000	000000	000000	000000
000279 000000	000000	000000	000000	000000	000000	000000	000000
000280 000000	000000	000000	000000	000000	000000	000000	000000
000281 000000	000000	000000	000000	000000	000000	000000	000000
000282 000000	000000	000000	000000	000000	000000	000000	000000
000283 000000	000000	000000	000000	000000	000000	000000	000000
000284 000000	000000	000000	000000	000000	000000	000000	000000
000285 000000	000000	000000	000000	000000	000000	000000	000000
000286 000000	000000	000000	000000	000000	000000	000000	000000
000287 000000	000000	000000	000000	000000	000000	000000	000000
000288 000000	000000	000000	000000	000000	000000	000000	000000
000289 000000	000000	000000	000000	000000	000000	000000	000000
000290 000000	000000	000000	000000	000000	000000	000000	000000
000291 000000	000000	000000	000000	000000	000000	000000	000000
000292 000000	000000	000000	000000	000000	000000	000000	000000
000293 000000	000000	000000	000000	000000	000000	000000	000000
000294 000000	000000	000000	000000	000000	000000	000000	000000
000295 000000	000000	000000	000000	000000	000000	000000	000000
000296 000000	000000	000000	000000	000000	000000	000000	000000
000297 000000	000000	000000	000000	000000	000000	000000	000000
000298 000000	000000	000000	000000	000000	000000	000000	000000
000299 000000	000000	000000	000000	000000	000000	000000	000000
000300 000000	000000	000000	000000	000000	000000	000000	000000
000301 000000	000000	000000	000000	000000	000000	000000	000000
000302 000000	000000	000000	000000	000000	000000	000000	000000
000303 000000	000000	000000	000000	000000	000000	000000	000000
000304 000000	000000	000000	000000	000000	000000	000000	000000
000305 000000	000000	000000	000000	000000	000000	000000	000000
000306 000000	000000	000000	000000	000000	000000	000000	000000
000307 000000	000000	000000	000000	000000	000000	000000	000000
000308 000000	000000	000000	000000	000000	000000	000000	000000
000309 000000	000000	000000	000000	000000	000000	000001	000000
000310 000000	000000	000000	000000	000000	000000	000000	000000
000311 000000	000000	000000	000000	000000	000000	000000	000000
000312 000000	000000	000000	000000	000000	000000	000000	000000
000313 000000	000000	000000	000000	000000	000000	000000	000000
000314 000000	000000	000000	000000	000000	000000	000000	000000
000315 000000	000000	000000	000000	000000	000000	000000	000000
000316 000000	000000	000000	000000	000000	000000	000000	000000
000317 000000	000000	000000	000000	000000	000000	000000	000000
000318 000000	000000	000000	000000	000000	000000	000000	000000
000319 000000	000000	000000	000000	000000	000000	000000	000000
000320 000000	000000	000000	000000	000000	000000	000000	000000
000321 000000	000000	000000	000000	000000	000000	000000	000000
000322 000000	000000	000000	000000	000000	000000	000000	000000
000323 000000	000000	000000	000000	000000	000000	000000	000000
000324 000000	000000	000000	000000	000000	000000	000000	000000
000325 000000	000000	000000	000000	000000	000000	000000	000000
000326 000000	000000	000000	000000	000000	000000	000000	000000
000327 000000	000000	000000	000000	000000	000000	000000	000000
000328 000000	000000	000000	000000	000000	000000	000000	000000
000329 000000	000000	000000	000000	000000	000000	000000	000000
000330 000000	000000	000000	000000	000000	000000	000000	000000
000331 000000	000000	000000	000000	000000	000000	000000	000000
000332 000000	000000	000000	000000	000000	000000	000000	000000
000333 000000	000000	000000	000000	000000	000000	000000	000000
000334 000000	000000	000000	000000	000000	000000	000000	000000
000335 000000	000000	000000	000000	000000	000000	000000	000000
000336 000000	000000	000000	000000	000000	000000	000000	000000
000337 000000	000000	000000	000000	000000	000000	000000	000000
000338 000000	000000	000000	000000	000000	000000	000000	000000
000339 000000	000000	000000	000000	000000	000000	000000	000000
000340 000000	000000	000000	000000	000000	000000	000000	000000
000341 000000	000000	000000	000000	000000	000000	000000	000000
000342 000000	000000	000000	000000	000000	000000	000000	000000
000343 000000	000000	000000	000000	000000	000000	000000	000000
000344 000000	000000	000000	000000	000000	000000	000001	000000
000345 000000	000000	000000	000000	000000	000000	000000	000000
000346 000000	000000	000000	000000	000000	000000	000000	000000
000347 000000	000000	000000	000000	000000	000000	000000	000000
000348 000000	000000	000000	000000	000000	000000	000000	000000
000349 000000	000000	000000	000000	000000	000000	000000	000000
000350 000000	000000	000000	000000	000000	000000	000000	000000
000351 000000	000000	000000	000000	000000	000000	000000	000000
000352 000000	000000	000000	000000	000000	000000	000000	000000
000353 000000	000000	000000	000000	000000	000000	000000	000000
000354 000000	000000	000000	000000	000000	000000	000000	000000
000355 000000	000000	000000	000000	000000	000000	000000	000000
000356 000000	000000	000000	000000	000000	000000	000000	000000
000357 000000	000000	000000	000000	000000	000000	000000	000000
000358 000000	000000	000000	000000	000000	000000	000000	000000
000359 000000	000000	000000	000000	000000	000000	000000	000000
000360 000000	000000	000000	000000	000000	000000	000000	000000
000361 000000	000000	000000	000000	000000	000000	000000	000000
000362 000000	000000	000000	000000	000000	000000	000000	000000
000363 000000	000000	000000	000000	000000	000000	000000	000000
000364 000000	000000	000000	000000	000000	000000	000000	000000
000365 000000	000000	000000	000000	000000	000000	000000	000000
000366 000000	000000	000000	000000	000000	000000	000000	000000
000367 000000	000000	000000	000000	000000	000000	000000	000000
000368 000000	000000	000000	000000	000000	000000	000000	000000
000369 000000	000000	000000	000000	000000	000000	000000	000000
000370 000000	000000	000000	000000	000000	000000	000000	000000
000371 000000	000000	000000	000000	000000	000000	000000	000000
000372 000000	000000	000000	000000	000000	000000	000000	000000
000373 000000	000000	000000	000000	000000	000000	000000	000000
000374 000000	000000	000000	000000	000000	000000	000000	000000
000375 000000	000000	000000	000000	000000	000000	000000	000000
000376 000000	000000	000000	000000	000000	000000	000000	000000
000377 000000	000000	000000	000000	000000	000000	000000	000000
000378 000000	000000	000000	000000	000000	000000	000000	000000
000379 000000	000000	000000	000000	000000	000000	000000	000000
000380 000000	000000	000000	000000	000000	000000	000000	000000
000381 000000	000000	000000	000000	000000	000000	000000	000000
000382 000000	000000	000000	000000	000001	000000	000000	000000
000383 000000	000000	000000	000000	000000	000000	000000	000000
000384 000000	000000	000000	000000	000000	000000	000000	000000
000385 000000	000000	000001	000000	000000	000000	000000	000000
000386 000000	000000	000000	000000	000000	000000	000000	000000
000387 000000	000000	000000	000000	000000	000000	000000	000000
000388 000000	000000	000000	000000	000000	000000	000000	000000
000389 000000	000000	000000	000000	000000	000000	000000	000000
000390 000000	000000	000000	000000	000000	000000	000000	000000
000391 000000	000000	000000	000000	000000	000000	000000	000000
000392 000000	000000	000000	000000	000000	000000	000000	000000
000393 000000	000000	000000	000000	000000	000000	000000	000000
000394 000000	000000	000000	000000	000000	000000	000000	000000
000395 000000	000000	000000	000000	000000	000000	000000	000000
000396 000000	000000	000000	000000	000000	000000	000000	000000
000397 000000	000000	000000	000000	000000	000000	000000	000000
000398 000000	000000	000000	000000	000000	000000	000000	000000
000399 000000	000000	000000	000000	000000	000000	000000	000000
# Total: 028799995 028799995 028799996 028799995 028799993 028799994 028799994 028799995
# Min Latencies: 00005 00005 00005 00005 00005 00005 00005 00005
# Avg Latencies: 00007 00007 00007 00007 00007 00007 00007 00007
# Max Latencies: 00880 00920 00541 00834 00538 00768 00465 00590
# Histogram Overflows: 00003 00003 00004 00003 00004 00003 00003 00003
# Histogram Overflow at cycle number:
# Thread 0: 6313067 28217324 28217430
# Thread 1: 6313067 28217324 28217430
# Thread 2: 6313070 28217326 28217327 28217432
# Thread 3: 6313067 28217324 28217430
# Thread 4: 6313067 28217323 28217324 28217429
# Thread 5: 6313066 28217323 28217429
# Thread 6: 6313067 28217323 28217429
# Thread 7: 6313067 28217324 28217430

