# /dev/cpu_dma_latency set to 0us
# Histogram
000000 000000	000000	000000	000000	000000	000000	000000	000000
000001 000000	000000	000000	000000	000000	000000	000000	000000
000002 000000	000000	000000	000000	000000	000000	000000	000000
000003 591739	451155	518862	990588	609029	274874	406206	509618
000004 1019602	1152630	1084156	635409	999646	1312717	1195707	1062419
000005 065491	069893	070813	062027	065811	076943	068883	103185
000006 054239	054618	054054	053567	055526	056069	054916	055118
000007 041700	042692	042061	036662	042171	045654	043338	042357
000008 014199	015087	016412	010540	014570	018210	016160	015236
000009 006161	006233	006045	005151	006179	006851	006412	005258
000010 004152	004449	004223	003704	004272	004888	004806	003797
000011 002227	002605	002630	001924	002238	002792	002861	002401
000012 000219	000363	000443	000138	000252	000506	000384	000338
000013 000024	000020	000032	000019	000020	000097	000027	000024
000014 000006	000009	000005	000011	000013	000104	000014	000015
000015 000007	000006	000012	000007	000006	000042	000006	000006
000016 000005	000004	000004	000009	000008	000006	000008	000007
000017 000008	000006	000010	000005	000003	000003	000005	000007
000018 000002	000004	000004	000005	000004	000003	000005	000003
000019 000007	000004	000003	000004	000005	000005	000002	000003
000020 000006	000007	000003	000005	000003	000002	000007	000003
000021 000003	000005	000002	000001	000004	000005	000003	000000
000022 000002	000003	000004	000002	000006	000003	000001	000002
000023 000002	000004	000000	000002	000002	000004	000003	000001
000024 000003	000002	000003	000008	000004	000001	000004	000004
000025 000004	000003	000007	000005	000000	000004	000001	000001
000026 000001	000005	000005	000004	000002	000003	000007	000002
000027 000002	000002	000000	000002	000001	000003	000005	000003
000028 000002	000002	000005	000002	000003	000003	000003	000000
000029 000002	000005	000004	000000	000006	000004	000005	000005
000030 000003	000003	000009	000000	000004	000008	000005	000004
000031 000003	000001	000002	000006	000006	000011	000004	000003
000032 000001	000003	000003	000004	000002	000002	000003	000004
000033 000002	000003	000005	000005	000003	000004	000001	000002
000034 000002	000003	000007	000001	000004	000003	000003	000001
000035 000002	000001	000005	000009	000004	000004	000005	000002
000036 000003	000003	000002	000003	000001	000004	000006	000004
000037 000002	000002	000002	000007	000003	000005	000006	000003
000038 000001	000002	000002	000003	000003	000003	000006	000007
000039 000002	000003	000003	000004	000002	000003	000007	000002
000040 000005	000002	000004	000001	000004	000004	000005	000001
000041 000001	000002	000004	000000	000001	000003	000001	000001
000042 000003	000003	000006	000003	000003	000003	000010	000005
000043 000005	000001	000002	000003	000001	000005	000001	000006
000044 000003	000007	000003	000001	000004	000005	000001	000004
000045 000001	000004	000002	000002	000004	000003	000006	000002
000046 000002	000004	000001	000004	000003	000001	000004	000003
000047 000003	000002	000003	000003	000001	000003	000004	000003
000048 000003	000003	000000	000004	000002	000002	000003	000002
000049 000005	000002	000002	000000	000002	000001	000004	000002
000050 000004	000003	000004	000003	000003	000002	000001	000002
000051 000002	000001	000001	000005	000003	000005	000005	000002
000052 000003	000002	000001	000002	000002	000001	000003	000001
000053 000002	000001	000000	000002	000003	000000	000001	000001
000054 000000	000001	000000	000003	000001	000003	000002	000001
000055 000004	000003	000000	000000	000005	000001	000004	000001
000056 000002	000002	000004	000002	000002	000001	000002	000001
000057 000004	000000	000005	000001	000002	000001	000000	000002
000058 000002	000002	000001	000001	000001	000000	000001	000002
000059 000001	000001	000001	000002	000007	000002	000000	000002
000060 000001	000004	000001	000001	000001	000004	000001	000001
000061 000003	000002	000000	000003	000003	000006	000003	000003
000062 000002	000004	000005	000001	000002	000002	000000	000007
000063 000001	000001	000003	000003	000001	000002	000001	000002
000064 000000	000002	000001	000001	000003	000001	000002	000006
000065 000001	000002	000003	000003	000003	000002	000003	000003
000066 000004	000001	000003	000001	000004	000001	000005	000005
000067 000003	000000	000003	000001	000004	000000	000003	000002
000068 000001	000002	000004	000002	000000	000002	000000	000002
000069 000000	000001	000000	000003	000003	000002	000003	000003
000070 000000	000002	000003	000002	000000	000002	000002	000000
000071 000004	000005	000000	000001	000005	000002	000001	000003
000072 000001	000000	000000	000002	000004	000003	000003	000002
000073 000002	000002	000002	000001	000003	000003	000001	000002
000074 000000	000001	000000	000003	000003	000002	000003	000001
000075 000003	000004	000000	000002	000003	000003	000001	000001
000076 000001	000005	000000	000001	000001	000002	000004	000002
000077 000003	000000	000005	000001	000001	000002	000002	000001
000078 000004	000001	000003	000002	000002	000002	000003	000002
000079 000004	000002	000001	000003	000002	000001	000003	000001
000080 000000	000002	000003	000002	000003	000000	000004	000003
000081 000003	000002	000002	000000	000001	000001	000002	000001
000082 000002	000002	000002	000004	000003	000001	000000	000002
000083 000004	000001	000002	000000	000001	000002	000000	000000
000084 000002	000001	000002	000003	000001	000001	000001	000000
000085 000003	000002	000003	000005	000004	000001	000003	000000
000086 000000	000000	000000	000001	000001	000000	000002	000002
000087 000001	000002	000002	000000	000002	000001	000003	000003
000088 000000	000000	000001	000002	000001	000001	000003	000001
000089 000001	000002	000001	000005	000001	000001	000001	000002
000090 000001	000003	000003	000001	000004	000003	000002	000001
000091 000001	000000	000002	000002	000005	000001	000003	000000
000092 000001	000003	000000	000000	000001	000002	000003	000001
000093 000002	000001	000002	000001	000000	000001	000000	000001
000094 000003	000003	000002	000002	000001	000002	000001	000002
000095 000003	000001	000001	000004	000002	000001	000001	000002
000096 000001	000002	000001	000004	000000	000001	000002	000001
000097 000000	000002	000003	000000	000003	000001	000002	000000
000098 000002	000001	000000	000001	000000	000004	000000	000001
000099 000001	000001	000002	000000	000002	000000	000002	000001
000100 000001	000001	000000	000001	000002	000003	000002	000001
000101 000001	000002	000000	000002	000001	000001	000001	000001
000102 000001	000001	000002	000002	000001	000000	000001	000003
000103 000001	000001	000001	000001	000003	000002	000000	000000
000104 000004	000003	000001	000003	000001	000002	000003	000001
000105 000001	000001	000001	000000	000001	000000	000003	000001
000106 000002	000002	000000	000001	000003	000002	000001	000003
000107 000000	000000	000002	000000	000002	000000	000001	000000
000108 000000	000001	000001	000001	000000	000003	000002	000001
000109 000001	000000	000001	000003	000001	000001	000001	000002
000110 000001	000003	000001	000001	000000	000001	000002	000001
000111 000001	000003	000000	000000	000000	000000	000001	000000
000112 000000	000001	000001	000003	000000	000003	000001	000001
000113 000002	000001	000000	000000	000000	000002	000001	000001
000114 000000	000000	000001	000001	000001	000002	000000	000001
000115 000001	000001	000001	000000	000002	000000	000000	000001
000116 000000	000000	000000	000001	000000	000000	000001	000000
000117 000001	000000	000001	000000	000000	000000	000000	000001
000118 000001	000000	000000	000000	000000	000000	000000	000000
000119 000001	000000	000000	000001	000000	000000	000000	000000
000120 000000	000000	000000	000001	000001	000000	000000	000000
000121 000001	000000	000001	000000	000000	000000	000000	000000
000122 000001	000001	000000	000001	000000	000001	000000	000001
000123 000000	000000	000000	000000	000000	000000	000001	000000
000124 000000	000001	000001	000001	000000	000001	000001	000001
000125 000000	000000	000001	000000	000001	000000	000000	000000
000126 000000	000000	000000	000000	000000	000000	000000	000001
000127 000000	000000	000000	000001	000000	000000	000001	000000
000128 000000	000001	000000	000000	000000	000001	000001	000000
000129 000001	000000	000000	000001	000000	000000	000000	000002
000130 000001	000000	000000	000000	000001	000000	000000	000000
000131 000000	000001	000001	000000	000000	000000	000000	000000
000132 000000	000000	000001	000000	000000	000000	000000	000000
000133 000000	000000	000000	000001	000000	000000	000000	000000
000134 000000	000001	000001	000001	000001	000000	000000	000003
000135 000000	000000	000000	000000	000000	000000	000001	000000
000136 000000	000000	000000	000000	000000	000000	000000	000000
000137 000000	000000	000000	000001	000000	000000	000001	000000
000138 000000	000000	000001	000000	000000	000001	000000	000002
000139 000000	000000	000001	000000	000000	000000	000001	000001
000140 000000	000000	000001	000000	000000	000001	000000	000001
000141 000000	000001	000000	000000	000000	000001	000000	000000
000142 000000	000000	000000	000000	000001	000000	000000	000000
000143 000000	000000	000000	000000	000000	000000	000000	000001
000144 000000	000000	000004	000001	000000	000000	000000	000001
000145 000000	000000	000001	000000	000002	000000	000000	000001
000146 000001	000000	000000	000000	000000	000000	000000	000000
000147 000000	000001	000001	000000	000000	000000	000000	000000
000148 000000	000000	000000	000000	000000	000000	000000	000000
000149 000000	000000	000000	000000	000000	000000	000000	000000
000150 000001	000000	000000	000001	000000	000000	000000	000000
000151 000000	000001	000000	000000	000001	000002	000000	000000
000152 000000	000000	000001	000000	000000	000000	000000	000000
000153 000001	000000	000001	000000	000000	000000	000000	000000
000154 000000	000001	000000	000000	000000	000000	000000	000000
000155 000000	000000	000000	000000	000000	000001	000000	000000
000156 000000	000000	000000	000000	000000	000001	000000	000000
000157 000000	000002	000000	000000	000000	000000	000001	000000
000158 000001	000000	000000	000000	000000	000001	000000	000000
000159 000000	000000	000000	000000	000000	000000	000000	000000
000160 000000	000000	000000	000000	000000	000000	000000	000001
000161 000000	000000	000000	000000	000001	000000	000000	000000
000162 000001	000000	000001	000000	000000	000000	000000	000000
000163 000000	000000	000000	000000	000000	000000	000000	000000
000164 000000	000000	000001	000001	000000	000000	000000	000000
000165 000000	000001	000000	000000	000001	000000	000000	000000
000166 000000	000000	000000	000000	000000	000000	000000	000000
000167 000001	000000	000000	000000	000000	000000	000000	000001
000168 000000	000001	000000	000000	000000	000003	000000	000000
000169 000001	000000	000000	000000	000000	000000	000000	000000
000170 000000	000000	000000	000000	000000	000001	000000	000000
000171 000000	000000	000000	000000	000000	000000	000001	000000
000172 000001	000000	000001	000000	000001	000000	000000	000000
000173 000000	000001	000000	000000	000001	000000	000000	000000
000174 000000	000000	000000	000000	000000	000000	000000	000000
000175 000000	000000	000000	000002	000000	000000	000000	000000
000176 000000	000000	000000	000000	000000	000000	000000	000000
000177 000001	000000	000000	000000	000000	000000	000000	000000
000178 000000	000000	000000	000000	000000	000000	000000	000000
000179 000000	000001	000000	000000	000001	000000	000000	000000
000180 000000	000000	000002	000000	000000	000000	000000	000000
000181 000000	000000	000000	000001	000000	000000	000000	000000
000182 000000	000000	000001	000000	000000	000000	000000	000000
000183 000000	000000	000000	000000	000000	000000	000000	000000
000184 000000	000000	000000	000000	000000	000000	000000	000000
000185 000000	000000	000000	000000	000001	000000	000001	000000
000186 000000	000000	000000	000000	000000	000000	000000	000000
000187 000000	000000	000000	000000	000000	000001	000000	000000
000188 000000	000000	000000	000000	000000	000000	000000	000000
000189 000001	000000	000000	000000	000000	000000	000000	000000
000190 000000	000001	000000	000000	000001	000000	000000	000000
000191 000000	000001	000000	000001	000000	000001	000000	000000
000192 000001	000000	000000	000000	000002	000000	000000	000000
000193 000000	000000	000001	000000	000001	000000	000000	000000
000194 000000	000000	000000	000000	000000	000000	000000	000000
000195 000000	000000	000000	000000	000000	000000	000000	000001
000196 000000	000000	000000	000000	000001	000000	000000	000000
000197 000000	000000	000000	000000	000000	000000	000000	000000
000198 000001	000000	000000	000000	000000	000000	000000	000000
000199 000000	000000	000000	000000	000000	000000	000000	000000
000200 000000	000000	000000	000000	000001	000000	000000	000001
000201 000000	000001	000001	000000	000000	000000	000000	000000
000202 000000	000000	000000	000001	000000	000000	000000	000000
000203 000000	000000	000000	000000	000000	000000	000000	000000
000204 000000	000000	000000	000000	000000	000000	000000	000000
000205 000000	000001	000000	000000	000001	000000	000000	000000
000206 000000	000000	000000	000000	000000	000000	000001	000000
000207 000000	000000	000000	000000	000000	000000	000000	000000
000208 000001	000000	000000	000000	000000	000000	000000	000000
000209 000000	000000	000000	000000	000000	000000	000000	000000
000210 000000	000000	000000	000000	000000	000000	000000	000000
000211 000000	000000	000000	000000	000001	000000	000000	000000
000212 000001	000000	000000	000000	000000	000000	000000	000000
000213 000000	000000	000000	000000	000000	000000	000000	000000
000214 000000	000000	000000	000000	000000	000000	000000	000000
000215 000000	000000	000000	000000	000000	000000	000000	000000
000216 000000	000000	000000	000000	000000	000000	000000	000000
000217 000000	000000	000000	000000	000000	000000	000000	000000
000218 000000	000000	000000	000000	000000	000000	000000	000000
000219 000000	000000	000000	000000	000000	000000	000000	000000
000220 000000	000000	000000	000000	000000	000000	000000	000000
000221 000000	000000	000000	000000	000000	000000	000000	000000
000222 000000	000000	000000	000001	000000	000000	000000	000000
000223 000000	000000	000000	000000	000000	000000	000000	000000
000224 000000	000000	000000	000000	000000	000000	000000	000000
000225 000000	000000	000000	000000	000000	000000	000000	000000
000226 000000	000000	000000	000000	000000	000000	000000	000000
000227 000000	000000	000000	000000	000000	000000	000000	000000
000228 000000	000000	000000	000000	000000	000000	000000	000000
000229 000000	000000	000000	000000	000000	000000	000000	000000
000230 000000	000000	000000	000000	000000	000000	000000	000000
000231 000000	000000	000000	000000	000000	000000	000000	000000
000232 000000	000000	000000	000000	000000	000000	000000	000000
000233 000000	000000	000000	000000	000000	000000	000000	000000
000234 000000	000000	000000	000000	000000	000000	000000	000000
000235 000000	000000	000000	000000	000000	000000	000000	000000
000236 000000	000000	000000	000000	000000	000000	000000	000000
000237 000000	000000	000000	000000	000000	000000	000000	000000
000238 000000	000000	000000	000000	000000	000000	000000	000000
000239 000000	000000	000000	000000	000000	000000	000000	000000
000240 000000	000000	000001	000000	000000	000000	000000	000000
000241 000000	000000	000000	000000	000000	000000	000000	000000
000242 000000	000000	000000	000000	000000	000000	000000	000000
000243 000000	000000	000000	000000	000000	000000	000000	000000
000244 000000	000000	000000	000000	000000	000000	000000	000000
000245 000000	000000	000000	000000	000000	000000	000000	000000
000246 000000	000000	000000	000000	000000	000000	000000	000000
000247 000000	000000	000000	000000	000000	000000	000000	000000
000248 000000	000000	000000	000000	000000	000000	000000	000000
000249 000000	000000	000000	000000	000000	000000	000000	000000
000250 000000	000000	000000	000000	000000	000000	000000	000000
000251 000000	000000	000000	000000	000000	000000	000000	000000
000252 000000	000000	000000	000000	000000	000000	000000	000000
000253 000000	000000	000000	000000	000000	000000	000000	000000
000254 000000	000000	000000	000000	000000	000000	000000	000000
000255 000000	000000	000000	000000	000000	000000	000000	000000
000256 000000	000000	000000	000000	000000	000000	000000	000000
000257 000000	000000	000000	000000	000001	000000	000000	000000
000258 000000	000000	000000	000000	000000	000000	000000	000000
000259 000000	000000	000000	000000	000000	000000	000000	000000
000260 000000	000000	000000	000000	000000	000000	000000	000000
000261 000000	000000	000000	000000	000000	000000	000000	000000
000262 000000	000000	000000	000000	000000	000000	000000	000000
000263 000000	000000	000000	000000	000000	000000	000000	000000
000264 000000	000000	000000	000000	000000	000000	000000	000000
000265 000000	000000	000000	000000	000000	000000	000000	000000
000266 000000	000000	000000	000000	000000	000000	000000	000000
000267 000000	000000	000000	000000	000000	000000	000000	000000
000268 000000	000000	000000	000000	000000	000000	000000	000000
000269 000000	000000	000000	000000	000000	000000	000000	000000
000270 000000	000000	000000	000000	000000	000000	000000	000000
000271 000000	000000	000000	000000	000000	000000	000000	000000
000272 000000	000000	000000	000000	000000	000000	000000	000000
000273 000000	000000	000000	000000	000000	000000	000000	000000
000274 000000	000000	000000	000000	000000	000000	000000	000000
000275 000000	000000	000000	000000	000000	000000	000000	000000
000276 000000	000000	000000	000000	000000	000000	000000	000000
000277 000000	000000	000000	000000	000000	000000	000000	000000
000278 000000	000000	000000	000000	000000	000000	000000	000000
000279 000000	000000	000000	000000	000000	000000	000000	000000
000280 000000	000000	000000	000000	000000	000000	000001	000000
000281 000000	000000	000000	000000	000000	000000	000000	000000
000282 000000	000000	000000	000000	000000	000000	000000	000000
000283 000000	000000	000000	000000	000000	000000	000000	000000
000284 000000	000000	000000	000000	000000	000000	000000	000000
000285 000000	000000	000000	000000	000000	000000	000000	000000
000286 000000	000000	000000	000000	000000	000000	000000	000000
000287 000000	000000	000000	000001	000000	000000	000000	000000
000288 000000	000000	000000	000000	000000	000000	000000	000000
000289 000000	000000	000000	000000	000000	000000	000000	000000
000290 000000	000000	000000	000000	000000	000000	000000	000000
000291 000000	000000	000000	000000	000000	000000	000000	000000
000292 000000	000000	000000	000000	000000	000000	000000	000000
000293 000000	000000	000000	000000	000000	000000	000000	000000
000294 000000	000000	000000	000000	000000	000000	000000	000000
000295 000000	000000	000000	000000	000000	000000	000000	000000
000296 000000	000000	000000	000000	000000	000000	000000	000000
000297 000000	000000	000000	000000	000000	000000	000000	000000
000298 000000	000000	000000	000000	000000	000000	000000	000000
000299 000000	000000	000000	000000	000000	000000	000000	000000
000300 000000	000000	000000	000000	000000	000000	000000	000000
000301 000000	000000	000000	000000	000000	000000	000000	000000
000302 000000	000000	000000	000000	000001	000000	000000	000000
000303 000000	000000	000000	000000	000000	000000	000000	000000
000304 000000	000000	000000	000000	000000	000000	000000	000000
000305 000000	000000	000000	000000	000000	000000	000000	000000
000306 000000	000000	000000	000000	000000	000000	000000	000000
000307 000000	000000	000000	000000	000000	000000	000000	000000
000308 000000	000000	000000	000000	000000	000000	000000	000000
000309 000000	000000	000000	000000	000000	000000	000000	000000
000310 000000	000000	000000	000000	000000	000000	000000	000000
000311 000000	000000	000000	000000	000000	000000	000000	000000
000312 000000	000000	000000	000000	000000	000000	000000	000000
000313 000000	000000	000000	000000	000000	000000	000000	000000
000314 000000	000000	000000	000000	000000	000000	000000	000000
000315 000000	000000	000000	000000	000000	000000	000000	000000
000316 000000	000000	000000	000000	000000	000000	000000	000000
000317 000000	000000	000000	000000	000000	000000	000000	000000
000318 000000	000000	000001	000000	000000	000000	000000	000000
000319 000000	000000	000000	000000	000000	000000	000000	000000
000320 000000	000000	000000	000000	000000	000000	000001	000000
000321 000000	000000	000000	000000	000000	000000	000000	000000
000322 000000	000000	000000	000000	000000	000000	000000	000000
000323 000000	000000	000000	000000	000000	000000	000000	000000
000324 000000	000000	000000	000000	000000	000000	000000	000000
000325 000000	000000	000000	000000	000000	000000	000000	000000
000326 000000	000000	000000	000000	000000	000000	000000	000000
000327 000000	000000	000000	000000	000000	000000	000000	000000
000328 000000	000000	000000	000000	000000	000000	000000	000000
000329 000000	000000	000000	000000	000000	000000	000000	000000
000330 000000	000000	000001	000000	000000	000000	000000	000000
000331 000000	000000	000000	000000	000000	000000	000000	000000
000332 000000	000000	000000	000001	000000	000000	000000	000000
000333 000000	000000	000000	000000	000000	000000	000000	000000
000334 000000	000000	000000	000000	000000	000000	000000	000000
000335 000000	000000	000000	000000	000000	000000	000000	000000
000336 000000	000000	000000	000000	000000	000000	000000	000000
000337 000000	000000	000000	000000	000000	000000	000000	000000
000338 000000	000000	000000	000000	000000	000000	000000	000000
000339 000000	000000	000000	000000	000000	000000	000000	000000
000340 000000	000000	000000	000000	000000	000000	000000	000000
000341 000000	000000	000000	000000	000000	000000	000000	000000
000342 000000	000000	000000	000000	000000	000000	000000	000000
000343 000000	000000	000000	000000	000000	000000	000000	000000
000344 000000	000000	000000	000000	000000	000000	000000	000000
000345 000000	000000	000000	000000	000000	000000	000000	000000
000346 000000	000000	000000	000000	000000	000000	000000	000000
000347 000000	000000	000000	000000	000000	000000	000000	000000
000348 000000	000000	000000	000000	000000	000000	000000	000000
000349 000000	000000	000000	000000	000000	000000	000000	000000
000350 000000	000000	000000	000000	000000	000000	000000	000000
000351 000000	000000	000000	000000	000000	000000	000000	000000
000352 000000	000000	000000	000000	000000	000000	000000	000000
000353 000000	000000	000000	000000	000000	000000	000000	000000
000354 000000	000000	000000	000000	000000	000000	000000	000000
000355 000000	000000	000000	000000	000000	000000	000000	000000
000356 000000	000000	000000	000000	000000	000000	000000	000000
000357 000000	000000	000000	000000	000000	000000	000000	000000
000358 000000	000000	000000	000000	000000	000000	000000	000000
000359 000000	000000	000000	000000	000000	000000	000000	000000
000360 000000	000000	000000	000000	000000	000000	000000	000000
000361 000000	000000	000000	000000	000000	000000	000000	000000
000362 000000	000000	000000	000000	000000	000000	000000	000000
000363 000000	000000	000000	000000	000000	000000	000000	000000
000364 000000	000000	000000	000000	000000	000000	000000	000000
000365 000000	000000	000000	000000	000000	000000	000000	000000
000366 000000	000000	000000	000000	000000	000000	000000	000000
000367 000000	000000	000000	000000	000000	000000	000000	000000
000368 000000	000000	000000	000000	000000	000000	000000	000000
000369 000000	000000	000000	000000	000000	000000	000000	000000
000370 000000	000000	000000	000000	000000	000000	000000	000000
000371 000000	000000	000000	000000	000000	000000	000000	000000
000372 000000	000000	000000	000000	000000	000000	000000	000000
000373 000000	000000	000000	000000	000000	000000	000000	000000
000374 000000	000000	000000	000000	000000	000000	000000	000000
000375 000000	000000	000000	000000	000000	000000	000000	000000
000376 000000	000000	000000	000000	000000	000000	000000	000000
000377 000000	000000	000000	000000	000000	000000	000000	000000
000378 000000	000000	000000	000000	000000	000000	000000	000000
000379 000000	000000	000000	000000	000000	000000	000000	000000
000380 000000	000000	000000	000000	000000	000000	000000	000000
000381 000000	000000	000000	000000	000000	000000	000000	000000
000382 000000	000000	000000	000000	000000	000000	000000	000000
000383 000000	000000	000000	000000	000000	000000	000000	000000
000384 000000	000000	000000	000000	000000	000000	000000	000000
000385 000000	000000	000000	000000	000000	000000	000000	000000
000386 000001	000000	000000	000000	000000	000000	000000	000000
000387 000001	000000	000000	000000	000000	000000	000000	000000
000388 000000	000000	000000	000000	000000	000000	000000	000000
000389 000000	000000	000000	000000	000000	000000	000000	000000
000390 000000	000000	000000	000000	000000	000000	000000	000000
000391 000000	000000	000000	000000	000000	000000	000000	000000
000392 000000	000000	000000	000000	000000	000000	000000	000000
000393 000000	000000	000000	000000	000000	000000	000000	000000
000394 000000	000000	000000	000000	000000	000000	000000	000000
000395 000000	000000	000000	000000	000000	000000	000000	000000
000396 000000	000000	000000	000000	000000	000000	000000	000000
000397 000000	000000	000000	000000	000000	000000	000000	000000
000398 000000	000000	000000	000000	000000	000000	000000	000000
000399 000000	000000	000000	000000	000000	000000	000000	000000
# Total: 001800000 001799998 001799999 001799999 001799996 001799997 001799996 001800000
# Min Latencies: 00003 00003 00003 00003 00003 00003 00003 00003
# Avg Latencies: 00003 00004 00003 00003 00003 00004 00004 00003
# Max Latencies: 00387 00756 00634 00506 00477 00935 00872 00200
# Histogram Overflows: 00000 00002 00001 00001 00002 00001 00002 00000
# Histogram Overflow at cycle number:
# Thread 0:
# Thread 1: 1330329 1334333
# Thread 2: 1334333
# Thread 3: 1334333
# Thread 4: 672498 1334331
# Thread 5: 1334330
# Thread 6: 1330326 1334330
# Thread 7:


== 결과 (30분 부하 상태) ==
  ⚠️  30분 부하   최악  935 µs (CPU 13) | 평균  3.4 µs | 400µs 초과 9회
  ✅ GPU 부하 유지: 사용률 평균 80% (최소 0% / 최대 86%), glmark2 중단 0회 (180회 확인)
-- 측정 중 커널 경고
  ✅ 없음
== [soak] 끝 — 원본: /home/ailab/git/A1-BSW/tools/rt/logs/soak_20260914_120027.log ==
