# /dev/cpu_dma_latency set to 0us
# Histogram
000000 000000	000000	000000	000000	000000	000000	000000	000000
000001 000000	000000	000000	000000	000000	000000	000000	000000
000002 000000	000000	000000	000296	000000	000000	000000	000000
000003 000164	000474	000670	010118	000867	316317	000231	001637
000004 1180400	1140797	1119313	1441849	1408642	1149327	1062668	1329619
000005 486820	495811	453910	238664	277343	232209	525136	348164
000006 065123	095925	154793	050696	051657	057066	133423	057749
000007 039739	040557	044524	036153	037150	030313	048389	038129
000008 019761	018538	018517	015423	016858	009124	020182	017349
000009 004131	004412	004702	003456	003862	003016	005292	003913
000010 002025	001824	001860	001880	002039	001511	002370	001849
000011 001098	001015	000997	000906	001022	000733	001346	000976
000012 000549	000477	000514	000373	000409	000181	000666	000437
000013 000075	000056	000052	000025	000031	000024	000118	000042
000014 000016	000015	000014	000019	000016	000012	000058	000008
000015 000008	000005	000009	000018	000016	000014	000022	000010
000016 000012	000003	000004	000003	000005	000006	000011	000007
000017 000005	000002	000004	000002	000005	000018	000003	000002
000018 000001	000001	000002	000004	000005	000004	000002	000003
000019 000002	000003	000001	000002	000001	000005	000001	000002
000020 000001	000001	000000	000001	000001	000001	000001	000003
000021 000004	000000	000001	000003	000000	000003	000002	000000
000022 000000	000001	000001	000000	000000	000001	000002	000003
000023 000002	000000	000001	000002	000000	000003	000001	000002
000024 000001	000000	000001	000001	000001	000000	000001	000000
000025 000000	000000	000002	000001	000001	000001	000003	000001
000026 000000	000000	000001	000002	000001	000003	000000	000001
000027 000001	000003	000000	000003	000000	000003	000002	000001
000028 000002	000000	000001	000002	000000	000001	000000	000002
000029 000001	000000	000004	000001	000000	000001	000001	000000
000030 000000	000002	000000	000000	000001	000001	000001	000000
000031 000000	000000	000001	000001	000000	000000	000003	000001
000032 000001	000001	000000	000001	000000	000001	000002	000000
000033 000000	000001	000000	000000	000001	000000	000000	000001
000034 000000	000001	000002	000000	000000	000000	000002	000000
000035 000000	000000	000002	000000	000000	000000	000000	000001
000036 000000	000000	000000	000000	000000	000001	000002	000000
000037 000000	000001	000000	000001	000000	000000	000000	000000
000038 000000	000000	000001	000001	000002	000001	000001	000002
000039 000001	000001	000002	000000	000000	000000	000001	000000
000040 000002	000000	000000	000002	000001	000002	000000	000000
000041 000000	000000	000002	000000	000002	000001	000000	000002
000042 000000	000000	000000	000001	000002	000000	000000	000003
000043 000000	000000	000001	000002	000000	000002	000001	000001
000044 000000	000000	000000	000000	000001	000000	000001	000000
000045 000000	000000	000001	000002	000002	000004	000001	000000
000046 000000	000001	000002	000003	000000	000001	000000	000001
000047 000000	000000	000004	000000	000001	000000	000000	000000
000048 000001	000000	000000	000000	000000	000000	000000	000002
000049 000000	000000	000001	000000	000001	000001	000000	000001
000050 000000	000000	000001	000002	000000	000001	000000	000001
000051 000000	000003	000000	000000	000001	000000	000001	000001
000052 000000	000001	000001	000000	000001	000000	000002	000001
000053 000002	000000	000000	000000	000000	000000	000001	000000
000054 000000	000002	000000	000002	000000	000002	000000	000002
000055 000002	000000	000000	000000	000001	000000	000000	000000
000056 000000	000000	000000	000002	000001	000003	000000	000001
000057 000002	000001	000001	000001	000002	000000	000001	000000
000058 000001	000001	000000	000001	000000	000001	000000	000002
000059 000001	000000	000001	000000	000000	000000	000002	000000
000060 000000	000000	000001	000000	000000	000000	000000	000000
000061 000000	000000	000000	000000	000001	000000	000002	000000
000062 000001	000001	000003	000000	000001	000000	000000	000002
000063 000000	000001	000000	000000	000001	000000	000000	000001
000064 000001	000001	000001	000000	000000	000000	000000	000002
000065 000000	000001	000000	000001	000000	000001	000000	000000
000066 000000	000002	000001	000001	000000	000001	000000	000000
000067 000001	000000	000000	000001	000001	000001	000000	000000
000068 000000	000000	000000	000000	000000	000000	000001	000000
000069 000001	000001	000001	000000	000000	000001	000000	000000
000070 000001	000000	000001	000001	000000	000000	000000	000000
000071 000001	000002	000000	000001	000000	000001	000001	000001
000072 000000	000000	000000	000001	000000	000001	000000	000000
000073 000000	000000	000000	000000	000000	000000	000001	000001
000074 000000	000000	000002	000000	000001	000001	000000	000000
000075 000000	000000	000000	000002	000000	000001	000000	000001
000076 000002	000000	000002	000001	000000	000001	000000	000001
000077 000001	000001	000000	000001	000000	000001	000000	000001
000078 000000	000001	000000	000000	000001	000000	000000	000000
000079 000000	000003	000000	000000	000001	000000	000000	000000
000080 000000	000000	000000	000001	000001	000001	000000	000001
000081 000000	000000	000000	000001	000000	000003	000001	000001
000082 000001	000000	000000	000002	000001	000000	000002	000000
000083 000000	000000	000000	000001	000000	000002	000000	000002
000084 000000	000001	000000	000001	000000	000000	000000	000000
000085 000000	000000	000001	000000	000000	000001	000000	000000
000086 000000	000000	000000	000003	000001	000002	000000	000000
000087 000000	000000	000001	000002	000000	000002	000000	000000
000088 000000	000000	000000	000000	000001	000000	000000	000001
000089 000001	000000	000001	000001	000000	000001	000000	000000
000090 000000	000000	000000	000000	000001	000000	000000	000000
000091 000000	000001	000001	000000	000000	000000	000000	000001
000092 000000	000000	000001	000001	000000	000001	000000	000001
000093 000001	000000	000000	000001	000000	000003	000000	000000
000094 000001	000001	000001	000003	000000	000001	000000	000000
000095 000000	000000	000001	000000	000000	000000	000000	000000
000096 000000	000000	000001	000001	000000	000002	000000	000001
000097 000000	000001	000001	000001	000000	000000	000000	000000
000098 000000	000002	000000	000000	000002	000000	000000	000000
000099 000000	000001	000001	000000	000000	000000	000000	000001
000100 000001	000000	000000	000001	000001	000001	000000	000001
000101 000000	000000	000002	000000	000000	000000	000000	000001
000102 000000	000000	000001	000001	000000	000001	000000	000001
000103 000001	000000	000002	000000	000001	000000	000000	000001
000104 000000	000000	000000	000000	000000	000001	000001	000000
000105 000001	000000	000002	000001	000002	000000	000000	000000
000106 000000	000001	000002	000000	000000	000000	000000	000000
000107 000000	000000	000001	000001	000000	000001	000000	000000
000108 000000	000001	000001	000000	000000	000000	000000	000000
000109 000000	000000	000000	000000	000000	000000	000000	000002
000110 000000	000001	000000	000002	000000	000001	000000	000000
000111 000000	000000	000000	000000	000000	000001	000000	000001
000112 000000	000001	000001	000000	000000	000001	000000	000001
000113 000001	000001	000002	000002	000000	000001	000000	000002
000114 000000	000001	000000	000000	000000	000000	000000	000000
000115 000001	000000	000000	000001	000000	000002	000000	000000
000116 000000	000000	000002	000001	000000	000000	000001	000000
000117 000000	000000	000000	000000	000000	000001	000000	000000
000118 000000	000001	000000	000000	000000	000001	000000	000000
000119 000000	000000	000001	000001	000000	000000	000000	000001
000120 000001	000001	000000	000000	000000	000000	000000	000000
000121 000000	000000	000000	000001	000000	000001	000000	000001
000122 000000	000000	000001	000000	000000	000000	000000	000001
000123 000000	000000	000000	000000	000000	000000	000000	000000
000124 000000	000000	000001	000000	000000	000000	000000	000000
000125 000000	000000	000000	000000	000000	000000	000000	000000
000126 000000	000000	000000	000000	000000	000000	000000	000000
000127 000000	000001	000000	000000	000001	000000	000000	000000
000128 000000	000000	000000	000000	000000	000000	000000	000000
000129 000000	000001	000000	000001	000000	000001	000000	000000
000130 000000	000000	000001	000001	000000	000002	000000	000000
000131 000000	000001	000000	000001	000000	000000	000001	000000
000132 000000	000000	000001	000000	000000	000000	000000	000000
000133 000000	000000	000000	000001	000000	000003	000001	000000
000134 000000	000000	000000	000002	000000	000001	000000	000000
000135 000000	000000	000001	000001	000000	000000	000000	000001
000136 000000	000000	000000	000000	000000	000000	000000	000000
000137 000000	000000	000000	000000	000000	000000	000001	000000
000138 000000	000000	000000	000000	000000	000000	000000	000000
000139 000000	000000	000000	000000	000000	000000	000000	000000
000140 000000	000000	000001	000000	000000	000000	000000	000000
000141 000000	000000	000000	000000	000000	000000	000000	000000
000142 000001	000000	000000	000000	000000	000000	000000	000000
000143 000000	000000	000000	000000	000001	000000	000000	000000
000144 000000	000000	000000	000000	000000	000000	000000	000000
000145 000000	000000	000000	000001	000000	000001	000000	000000
000146 000000	000000	000000	000000	000000	000000	000000	000000
000147 000000	000000	000000	000000	000000	000000	000001	000000
000148 000000	000000	000000	000000	000000	000000	000000	000000
000149 000000	000000	000001	000000	000000	000000	000000	000000
000150 000000	000000	000002	000000	000000	000000	000000	000001
000151 000000	000000	000000	000000	000000	000000	000000	000000
000152 000000	000001	000000	000000	000000	000000	000000	000000
000153 000000	000000	000003	000000	000000	000000	000000	000000
000154 000000	000000	000001	000000	000000	000000	000000	000000
000155 000000	000001	000000	000000	000001	000000	000000	000000
000156 000000	000000	000000	000000	000000	000000	000000	000000
000157 000001	000000	000000	000000	000000	000000	000000	000000
000158 000000	000000	000000	000000	000000	000000	000001	000000
000159 000000	000000	000000	000000	000000	000000	000000	000000
000160 000000	000000	000000	000000	000000	000000	000000	000000
000161 000000	000000	000000	000000	000000	000000	000000	000000
000162 000000	000000	000000	000000	000001	000000	000000	000000
000163 000000	000000	000000	000000	000001	000000	000000	000000
000164 000000	000000	000000	000000	000000	000000	000000	000000
000165 000000	000001	000000	000000	000000	000000	000000	000000
000166 000000	000000	000000	000000	000001	000001	000000	000000
000167 000000	000001	000000	000001	000000	000000	000000	000000
000168 000000	000000	000000	000000	000000	000000	000000	000000
000169 000001	000000	000000	000000	000000	000000	000000	000000
000170 000000	000001	000000	000000	000000	000000	000000	000000
000171 000000	000000	000000	000000	000000	000000	000000	000001
000172 000000	000000	000000	000000	000000	000000	000000	000000
000173 000000	000000	000000	000000	000000	000000	000000	000000
000174 000000	000000	000000	000000	000000	000000	000000	000000
000175 000000	000000	000000	000000	000000	000000	000000	000000
000176 000000	000000	000000	000000	000000	000000	000000	000000
000177 000001	000000	000000	000000	000001	000000	000000	000000
000178 000001	000001	000000	000000	000000	000000	000000	000000
000179 000000	000000	000000	000000	000000	000000	000000	000000
000180 000001	000000	000000	000000	000000	000000	000000	000000
000181 000000	000000	000000	000000	000000	000000	000000	000000
000182 000000	000000	000000	000000	000000	000000	000000	000000
000183 000000	000000	000000	000001	000000	000001	000000	000000
000184 000000	000000	000000	000000	000000	000000	000000	000000
000185 000000	000000	000000	000000	000001	000000	000000	000000
000186 000000	000000	000001	000001	000000	000001	000000	000000
000187 000000	000000	000000	000000	000000	000000	000000	000000
000188 000000	000000	000000	000000	000000	000000	000000	000000
000189 000000	000000	000000	000000	000000	000000	000000	000003
000190 000000	000000	000000	000000	000001	000000	000000	000004
000191 000000	000000	000000	000000	000000	000000	000001	000002
000192 000001	000000	000000	000000	000001	000000	000000	000001
000193 000000	000000	000000	000000	000000	000000	000000	000000
000194 000000	000000	000000	000000	000000	000000	000000	000002
000195 000000	000000	000000	000000	000000	000000	000000	000001
000196 000000	000000	000000	000000	000000	000000	000000	000002
000197 000000	000000	000000	000000	000000	000000	000000	000002
000198 000000	000000	000000	000000	000000	000000	000000	000002
000199 000000	000000	000000	000000	000000	000000	000000	000003
000200 000000	000000	000000	000000	000000	000000	000000	000000
000201 000000	000000	000000	000000	000000	000000	000000	000002
000202 000000	000000	000000	000000	000000	000000	000000	000001
000203 000000	000000	000001	000000	000000	000000	000000	000001
000204 000001	000000	000000	000000	000000	000000	000000	000000
000205 000000	000000	000000	000000	000000	000000	000000	000000
000206 000000	000000	000001	000000	000000	000000	000000	000000
000207 000001	000001	000000	000000	000000	000000	000000	000000
000208 000000	000000	000000	000000	000000	000000	000000	000000
000209 000000	000000	000000	000000	000000	000000	000000	000000
000210 000000	000000	000000	000000	000000	000000	000000	000000
000211 000000	000000	000000	000001	000000	000001	000000	000000
000212 000000	000000	000000	000000	000000	000000	000000	000000
000213 000000	000000	000000	000000	000000	000000	000000	000000
000214 000000	000000	000000	000000	000000	000000	000000	000000
000215 000000	000000	000000	000000	000000	000000	000000	000000
000216 000000	000000	000000	000000	000000	000000	000000	000000
000217 000000	000000	000000	000000	000000	000000	000000	000000
000218 000000	000000	000000	000000	000000	000000	000000	000000
000219 000000	000000	000000	000000	000000	000000	000000	000000
000220 000000	000000	000000	000000	000000	000000	000000	000000
000221 000000	000000	000000	000000	000000	000000	000000	000000
000222 000000	000000	000000	000000	000000	000000	000000	000000
000223 000000	000000	000000	000000	000000	000000	000000	000000
000224 000000	000000	000000	000000	000000	000000	000000	000000
000225 000000	000000	000000	000000	000000	000000	000000	000000
000226 000000	000000	000000	000000	000000	000000	000000	000000
000227 000000	000001	000000	000000	000000	000000	000000	000000
000228 000000	000000	000000	000000	000000	000000	000000	000000
000229 000000	000000	000000	000000	000000	000000	000000	000000
000230 000000	000000	000000	000000	000000	000000	000000	000000
000231 000000	000000	000000	000000	000000	000000	000000	000000
000232 000000	000000	000000	000000	000000	000000	000000	000000
000233 000000	000000	000000	000000	000000	000000	000000	000000
000234 000000	000000	000000	000000	000000	000000	000000	000000
000235 000000	000000	000000	000000	000000	000000	000000	000000
000236 000000	000000	000000	000000	000001	000000	000000	000000
000237 000000	000000	000000	000000	000000	000000	000000	000000
000238 000000	000000	000000	000000	000000	000000	000000	000000
000239 000000	000000	000000	000000	000000	000000	000000	000000
000240 000000	000000	000000	000000	000000	000000	000000	000000
000241 000000	000000	000000	000000	000000	000000	000000	000000
000242 000000	000000	000000	000000	000000	000000	000000	000000
000243 000000	000000	000000	000000	000000	000000	000000	000000
000244 000000	000000	000000	000000	000000	000000	000000	000000
000245 000000	000000	000000	000000	000000	000000	000000	000000
000246 000000	000001	000000	000000	000001	000000	000000	000000
000247 000000	000001	000000	000000	000000	000000	000000	000000
000248 000000	000001	000000	000000	000000	000000	000000	000000
000249 000000	000001	000000	000000	000000	000000	000000	000000
000250 000000	000002	000000	000000	000000	000000	000000	000000
000251 000001	000002	000000	000000	000000	000000	000000	000000
000252 000000	000000	000000	000000	000000	000000	000000	000000
000253 000000	000001	000000	000000	000000	000000	000001	000000
000254 000000	000002	000000	000000	000000	000000	000000	000000
000255 000000	000002	000000	000000	000000	000000	000000	000000
000256 000000	000002	000000	000000	000000	000000	000000	000000
000257 000000	000003	000000	000000	000000	000000	000000	000000
000258 000000	000000	000000	000001	000000	000001	000000	000000
000259 000000	000000	000000	000001	000000	000001	000000	000000
000260 000000	000000	000000	000000	000000	000000	000000	000000
000261 000001	000000	000000	000000	000000	000000	000000	000000
000262 000000	000000	000000	000000	000001	000000	000000	000000
000263 000000	000000	000000	000000	000000	000000	000000	000000
000264 000000	000000	000000	000000	000000	000000	000000	000000
000265 000000	000000	000000	000000	000000	000000	000000	000000
000266 000000	000000	000000	000000	000000	000000	000000	000000
000267 000000	000000	000000	000000	000000	000000	000000	000000
000268 000000	000000	000000	000000	000000	000000	000000	000000
000269 000000	000000	000000	000000	000000	000000	000000	000000
000270 000000	000000	000000	000000	000000	000000	000000	000000
000271 000000	000000	000000	000000	000000	000000	000000	000000
000272 000000	000000	000000	000000	000000	000000	000000	000000
000273 000000	000000	000000	000000	000000	000000	000000	000000
000274 000000	000000	000000	000000	000000	000000	000000	000000
000275 000000	000000	000000	000000	000000	000000	000000	000000
000276 000000	000000	000000	000000	000000	000000	000000	000000
000277 000001	000000	000001	000000	000000	000000	000000	000000
000278 000000	000000	000000	000000	000000	000000	000000	000000
000279 000000	000000	000001	000000	000000	000000	000000	000000
000280 000000	000000	000000	000000	000000	000000	000000	000000
000281 000000	000000	000000	000000	000000	000000	000000	000000
000282 000000	000000	000000	000000	000000	000000	000000	000000
000283 000000	000000	000000	000000	000000	000000	000000	000000
000284 000000	000000	000000	000000	000000	000000	000000	000000
000285 000000	000000	000000	000000	000000	000000	000000	000000
000286 000000	000000	000000	000000	000000	000000	000000	000000
000287 000000	000000	000000	000000	000000	000000	000000	000000
000288 000000	000000	000000	000000	000000	000000	000000	000000
000289 000000	000000	000000	000000	000000	000000	000000	000000
000290 000000	000000	000000	000000	000000	000000	000000	000000
000291 000000	000000	000000	000000	000000	000000	000000	000000
000292 000000	000000	000000	000000	000000	000000	000000	000000
000293 000000	000000	000000	000000	000000	000000	000000	000000
000294 000000	000000	000000	000000	000000	000000	000000	000000
000295 000000	000000	000000	000000	000000	000000	000000	000000
000296 000000	000000	000000	000000	000000	000000	000000	000000
000297 000000	000000	000000	000000	000000	000000	000000	000000
000298 000000	000000	000000	000000	000000	000000	000000	000000
000299 000000	000000	000000	000000	000000	000000	000000	000000
000300 000000	000000	000000	000000	000000	000000	000000	000000
000301 000000	000000	000000	000000	000000	000000	000000	000000
000302 000000	000000	000000	000000	000000	000000	000000	000000
000303 000000	000000	000000	000000	000000	000000	000000	000000
000304 000000	000000	000000	000000	000000	000000	000000	000000
000305 000000	000000	000000	000000	000000	000000	000000	000000
000306 000000	000000	000000	000000	000000	000000	000000	000000
000307 000000	000000	000000	000000	000000	000000	000000	000000
000308 000000	000000	000000	000000	000000	000000	000000	000000
000309 000000	000000	000000	000000	000000	000000	000000	000000
000310 000000	000000	000000	000000	000000	000000	000000	000000
000311 000000	000000	000000	000000	000000	000000	000000	000000
000312 000000	000000	000000	000000	000000	000000	000000	000000
000313 000000	000000	000000	000000	000000	000000	000000	000000
000314 000000	000000	000000	000000	000000	000000	000000	000000
000315 000000	000000	000000	000000	000000	000000	000000	000000
000316 000000	000000	000000	000000	000000	000000	000000	000000
000317 000000	000000	000000	000000	000000	000000	000000	000000
000318 000000	000000	000000	000000	000000	000000	000000	000000
000319 000000	000000	000000	000000	000000	000000	000000	000000
000320 000000	000000	000000	000000	000000	000000	000000	000000
000321 000000	000000	000000	000000	000000	000000	000000	000000
000322 000000	000000	000000	000000	000000	000000	000000	000000
000323 000000	000000	000000	000000	000000	000000	000000	000000
000324 000000	000000	000000	000000	000000	000000	000000	000000
000325 000000	000000	000000	000000	000000	000000	000000	000000
000326 000000	000000	000000	000000	000000	000000	000000	000000
000327 000000	000000	000000	000000	000000	000000	000001	000000
000328 000000	000000	000000	000000	000000	000000	000000	000000
000329 000000	000000	000000	000000	000000	000000	000000	000000
000330 000000	000000	000000	000000	000000	000000	000000	000000
000331 000000	000000	000000	000000	000000	000000	000000	000000
000332 000000	000000	000000	000000	000000	000000	000000	000000
000333 000000	000000	000000	000000	000000	000000	000000	000000
000334 000000	000000	000000	000000	000000	000000	000000	000000
000335 000000	000000	000000	000000	000000	000000	000000	000000
000336 000000	000000	000000	000000	000000	000000	000001	000000
000337 000000	000000	000000	000000	000000	000000	000000	000000
000338 000000	000000	000000	000000	000000	000000	000000	000001
000339 000000	000000	000000	000000	000000	000000	000000	000000
000340 000000	000000	000000	000000	000000	000000	000000	000000
000341 000000	000000	000000	000000	000000	000000	000000	000000
000342 000000	000000	000000	000000	000000	000000	000000	000000
000343 000000	000000	000000	000000	000000	000000	000000	000000
000344 000000	000000	000000	000000	000000	000000	000000	000000
000345 000000	000000	000000	000000	000000	000000	000000	000000
000346 000000	000000	000000	000000	000000	000000	000000	000000
000347 000000	000000	000000	000000	000000	000000	000000	000000
000348 000000	000000	000000	000001	000000	000001	000000	000000
000349 000000	000000	000000	000000	000000	000000	000000	000000
000350 000000	000000	000000	000000	000000	000000	000000	000000
000351 000000	000000	000000	000000	000000	000000	000000	000000
000352 000000	000000	000000	000000	000000	000000	000001	000000
000353 000000	000000	000000	000000	000000	000000	000000	000000
000354 000000	000000	000000	000000	000001	000000	000000	000000
000355 000000	000000	000000	000000	000000	000000	000000	000000
000356 000000	000000	000000	000000	000000	000000	000000	000000
000357 000000	000000	000000	000000	000000	000000	000000	000000
000358 000000	000000	000000	000000	000000	000000	000000	000000
000359 000000	000000	000000	000000	000000	000000	000000	000000
000360 000000	000000	000000	000000	000000	000000	000000	000000
000361 000000	000000	000000	000000	000000	000000	000000	000000
000362 000000	000000	000000	000000	000000	000000	000000	000000
000363 000000	000000	000000	000000	000000	000000	000000	000000
000364 000000	000000	000000	000000	000000	000000	000000	000000
000365 000000	000000	000000	000000	000000	000000	000000	000000
000366 000000	000000	000000	000000	000000	000000	000000	000000
000367 000000	000000	000000	000000	000000	000000	000000	000000
000368 000001	000000	000001	000000	000000	000000	000000	000000
000369 000000	000000	000000	000000	000000	000000	000000	000000
000370 000000	000000	000000	000000	000000	000000	000000	000000
000371 000000	000000	000000	000000	000000	000000	000000	000000
000372 000000	000000	000000	000000	000000	000000	000000	000000
000373 000000	000000	000000	000000	000000	000000	000000	000000
000374 000000	000000	000000	000000	000000	000000	000000	000000
000375 000000	000000	000000	000000	000000	000000	000000	000000
000376 000000	000000	000000	000000	000000	000000	000000	000000
000377 000000	000000	000000	000000	000000	000000	000000	000000
000378 000000	000000	000000	000000	000000	000000	000000	000000
000379 000000	000000	000000	000000	000000	000000	000000	000000
000380 000000	000000	000000	000000	000000	000000	000000	000000
000381 000000	000000	000000	000000	000000	000000	000000	000000
000382 000000	000000	000000	000000	000000	000000	000000	000000
000383 000000	000000	000000	000000	000000	000000	000000	000000
000384 000000	000000	000000	000000	000000	000000	000000	000000
000385 000000	000000	000000	000000	000000	000000	000000	000000
000386 000000	000000	000000	000000	000000	000000	000000	000000
000387 000000	000000	000000	000000	000000	000000	000000	000000
000388 000000	000000	000000	000000	000000	000000	000000	000000
000389 000000	000000	000000	000000	000000	000000	000000	000000
000390 000000	000000	000000	000000	000000	000000	000000	000000
000391 000000	000000	000000	000000	000000	000000	000000	000000
000392 000000	000000	000000	000000	000000	000000	000000	000000
000393 000000	000001	000000	000000	000000	000000	000000	000000
000394 000000	000000	000000	000000	000000	000000	000000	000000
000395 000000	000000	000000	000000	000000	000000	000000	000000
000396 000000	000000	000000	000000	000000	000000	000000	000000
000397 000000	000000	000000	000000	000000	000000	000000	000000
000398 000000	000000	000000	000000	000000	000000	000000	000000
000399 000000	000000	000000	000000	000000	000000	000000	000000
# Total: 001799986 001799995 001799979 001799981 001799984 001799976 001799973 001799994
# Min Latencies: 00003 00003 00003 00002 00003 00003 00003 00003
# Avg Latencies: 00004 00004 00004 00004 00004 00004 00004 00004
# Max Latencies: 00763 00393 00594 00574 00749 00574 00839 00338
# Histogram Overflows: 00013 00000 00018 00019 00014 00019 00010 00000
# Histogram Overflow at cycle number:
# Thread 0: 00005 00010 00013 00015 00019 00021 00023 00027 00030 00033 00039 1017314 1089571
# Thread 1:
# Thread 2: 00003 00007 00011 00013 00017 00019 00021 00023 00025 00028 00031 00037 517273 564483 1017312 1071539 1072541 1089569
# Thread 3: 00007 00011 00016 00017 00021 00023 00025 00027 00029 00032 00035 00041 00044 517277 564487 1017316 1071543 1072545 1089573
# Thread 4: 00004 00009 00012 00014 00018 00020 00022 00026 00029 00032 00038 558471 1017313 1089570
# Thread 5: 00002 00006 00010 00012 00016 00018 00020 00022 00024 00027 00030 00036 00039 517272 564482 1017311 1071538 1072540 1089568
# Thread 6: 00000 00004 00006 00008 00011 00014 00017 00023 1017298 1089555
# Thread 7:

/home/ailab/a1_rt_migration/a1_rt.sh: line 432:  5529 Segmentation fault      (core dumped) setsid "$@" > /dev/null 2>&1

== 결과 (30분 부하 상태) ==
  ⚠️  30분 부하   최악  839 µs (CPU 14) | 평균  4.0 µs | 400µs 초과 93회
-- 측정 중 커널 경고
[ 1402.497889] ubuntu22 kernel: warning: `ThreadPoolForeg' uses wireless extensions which will stop working for Wi-Fi 7 hardware; use nl80211
[ 1425.416930] ubuntu22 kernel: BUG: scheduling while atomic: irq/219-s-nvidi/1151/0x00000002
[ 1425.417028] ubuntu22 kernel: Call Trace:
[ 1425.420334] ubuntu22 kernel: WARNING: kernel stack frame pointer at 00000000956a2b8a in irq/219-s-nvidi:1151 has bad value 00000000dfdbc013
[ 1425.436596] ubuntu22 kernel: BUG: scheduling while atomic: irq/219-s-nvidi/1151/0x00000000
[ 1425.436696] ubuntu22 kernel: Call Trace:
[ 1431.499919] ubuntu22 kernel: BUG: scheduling while atomic: irq/219-s-nvidi/1151/0x00000002
[ 1431.500031] ubuntu22 kernel: Call Trace:
[ 1431.508637] ubuntu22 kernel: BUG: scheduling while atomic: irq/219-s-nvidi/1151/0x00000000
[ 1431.508745] ubuntu22 kernel: Call Trace:
[ 2441.458246] ubuntu22 kernel: BUG: scheduling while atomic: irq/219-s-nvidi/1151/0x00000002
[ 2441.458373] ubuntu22 kernel: Call Trace:
[ 2441.467277] ubuntu22 kernel: BUG: scheduling while atomic: irq/219-s-nvidi/1151/0x00000000
[ 2441.467363] ubuntu22 kernel: Call Trace:
[ 2483.907131] ubuntu22 kernel: BUG: scheduling while atomic: irq/219-s-nvidi/1151/0x00000002
[ 2483.907248] ubuntu22 kernel: Call Trace:
[ 2483.916108] ubuntu22 kernel: BUG: scheduling while atomic: irq/219-s-nvidi/1151/0x00000000
[ 2483.916202] ubuntu22 kernel: Call Trace:
[ 2489.473340] ubuntu22 kernel: BUG: scheduling while atomic: irq/219-s-nvidi/1151/0x00000002
[ 2489.473448] ubuntu22 kernel: Call Trace:
[ 2489.482436] ubuntu22 kernel: BUG: scheduling while atomic: irq/219-s-nvidi/1151/0x00000000
[ 2489.482519] ubuntu22 kernel: Call Trace:
== [soak] 끝 — 원본: /home/ailab/a1_rt_migration/logs/soak_20260912_165249.log ==
