# /dev/cpu_dma_latency set to 0us
# Histogram
000000 000000	000000	000000	000000	000000	000000	000000	000000
000001 000000	000000	000000	000000	000000	000000	000000	000000
000002 000089	000016	000653	000081	000172	000069	000080	000173
000003 000346	001478	040704	000302	000236	000293	000221	000049
000004 000012	000515	004355	000006	000006	000010	000008	000004
000005 000001	000039	000157	000000	000001	000000	000000	000001
000006 000000	000004	000006	000000	000058	000000	000000	000000
000007 000006	000002	000116	000067	001612	000062	000016	000019
000008 019611	006173	081947	060785	107530	064672	046041	030875
000009 324270	240675	432658	415815	469802	417403	386583	347965
000010 532079	461048	616329	618084	661888	590828	558339	525069
000011 482065	496768	374342	446419	331003	424144	479260	411099
000012 220174	242225	142858	143397	115132	167456	180576	208069
000013 122029	170291	044503	041977	044225	060473	072123	140928
000014 041894	096218	020990	024414	021973	025340	028018	068495
000015 021651	039038	015617	018454	017170	018412	020059	027186
000016 015148	018744	010751	013271	012714	013349	013566	016340
000017 010292	012208	007502	009312	008931	009353	008186	011026
000018 005511	007483	003566	004552	004236	004487	003724	006300
000019 002589	003598	001427	001489	001427	001773	001290	003367
000020 000946	001949	000471	000522	000581	000606	000559	001723
000021 000403	000589	000259	000267	000345	000389	000317	000569
000022 000214	000241	000175	000167	000249	000244	000233	000237
000023 000090	000126	000061	000079	000118	000093	000126	000114
000024 000033	000042	000020	000022	000033	000023	000035	000046
000025 000024	000025	000016	000018	000018	000013	000015	000016
000026 000011	000015	000008	000013	000006	000011	000008	000015
000027 000007	000008	000011	000006	000005	000004	000009	000007
000028 000008	000004	000005	000000	000004	000008	000008	000009
000029 000004	000005	000004	000005	000005	000004	000002	000006
000030 000003	000013	000004	000004	000002	000003	000002	000001
000031 000008	000003	000003	000005	000002	000003	000007	000002
000032 000007	000002	000001	000005	000002	000005	000006	000004
000033 000004	000006	000008	000003	000004	000010	000004	000003
000034 000002	000003	000003	000000	000003	000003	000004	000000
000035 000005	000005	000001	000000	000001	000003	000000	000001
000036 000001	000001	000001	000002	000000	000000	000001	000001
000037 000000	000002	000002	000002	000000	000002	000001	000000
000038 000001	000001	000001	000002	000002	000000	000001	000000
000039 000002	000001	000001	000002	000001	000005	000002	000002
000040 000000	000001	000000	000001	000000	000000	000000	000001
000041 000003	000000	000001	000005	000001	000001	000001	000002
000042 000000	000000	000000	000004	000001	000001	000002	000000
000043 000001	000000	000000	000002	000001	000001	000000	000003
000044 000000	000002	000000	000002	000000	000003	000001	000001
000045 000001	000002	000001	000003	000002	000001	000000	000000
000046 000003	000004	000000	000001	000000	000000	000002	000000
000047 000003	000003	000000	000001	000003	000002	000000	000001
000048 000000	000000	000001	000000	000003	000000	000000	000000
000049 000000	000000	000001	000001	000004	000000	000000	000001
000050 000000	000001	000001	000000	000000	000000	000000	000000
000051 000001	000001	000001	000001	000000	000000	000001	000000
000052 000000	000000	000000	000000	000000	000002	000000	000001
000053 000000	000002	000000	000001	000000	000000	000000	000000
000054 000001	000001	000000	000001	000001	000002	000000	000000
000055 000001	000002	000000	000000	000000	000001	000000	000001
000056 000001	000001	000000	000001	000000	000000	000000	000000
000057 000001	000001	000000	000000	000000	000000	000000	000000
000058 000000	000000	000000	000000	000000	000000	000000	000000
000059 000001	000001	000000	000001	000000	000000	000000	000000
000060 000000	000001	000000	000001	000003	000000	000000	000000
000061 000000	000000	000000	000000	000000	000001	000001	000000
000062 000000	000001	000000	000000	000001	000000	000000	000000
000063 000000	000000	000000	000001	000000	000000	000000	000000
000064 000000	000001	000000	000001	000002	000000	000000	000000
000065 000000	000000	000000	000000	000000	000000	000000	000000
000066 000000	000000	000000	000001	000000	000000	000000	000000
000067 000000	000000	000000	000004	000000	000001	000000	000000
000068 000000	000000	000001	000001	000000	000000	000000	000000
000069 000000	000000	000001	000000	000000	000000	000000	000000
000070 000000	000000	000001	000000	000000	000000	000000	000000
000071 000001	000000	000000	000000	000000	000001	000001	000001
000072 000000	000000	000000	000002	000000	000000	000000	000000
000073 000000	000000	000001	000000	000000	000000	000001	000001
000074 000000	000002	000000	000000	000002	000000	000000	000000
000075 000000	000000	000000	000000	000000	000000	000000	000000
000076 000000	000000	000000	000001	000000	000000	000000	000000
000077 000001	000000	000000	000002	000001	000000	000000	000000
000078 000000	000001	000000	000000	000000	000000	000000	000000
000079 000000	000002	000000	000000	000000	000001	000002	000000
000080 000000	000001	000000	000000	000000	000000	000001	000000
000081 000000	000002	000000	000000	000001	000000	000001	000000
000082 000001	000001	000001	000000	000001	000000	000000	000000
000083 000000	000001	000000	000000	000000	000000	000001	000000
000084 000000	000001	000000	000001	000000	000000	000001	000000
000085 000000	000000	000001	000000	000000	000000	000000	000000
000086 000000	000000	000000	000001	000000	000003	000000	000000
000087 000000	000001	000000	000000	000001	000001	000001	000000
000088 000000	000001	000000	000001	000000	000000	000000	000000
000089 000000	000000	000002	000000	000000	000001	000000	000000
000090 000000	000001	000000	000000	000000	000000	000000	000000
000091 000000	000000	000000	000000	000000	000000	000000	000000
000092 000000	000001	000000	000000	000000	000000	000001	000000
000093 000000	000001	000000	000000	000000	000000	000000	000000
000094 000000	000000	000000	000001	000000	000000	000000	000000
000095 000000	000000	000001	000000	000000	000000	000000	000000
000096 000000	000000	000000	000000	000000	000000	000000	000000
000097 000000	000000	000000	000000	000001	000000	000000	000001
000098 000000	000000	000000	000000	000001	000000	000000	000000
000099 000000	000000	000000	000000	000002	000000	000000	000000
000100 000002	000001	000000	000000	000000	000000	000001	000000
000101 000001	000001	000000	000001	000000	000000	000000	000000
000102 000000	000000	000000	000000	000000	000000	000000	000001
000103 000001	000001	000000	000001	000000	000000	000000	000001
000104 000000	000000	000000	000000	000001	000000	000000	000000
000105 000001	000000	000001	000000	000000	000000	000000	000000
000106 000000	000000	000001	000000	000000	000001	000000	000001
000107 000000	000000	000001	000000	000000	000000	000000	000000
000108 000001	000000	000000	000000	000000	000000	000000	000000
000109 000000	000000	000000	000000	000000	000000	000000	000000
000110 000000	000001	000000	000000	000000	000001	000000	000000
000111 000000	000000	000000	000000	000000	000000	000000	000000
000112 000000	000000	000001	000000	000000	000000	000000	000000
000113 000000	000000	000000	000001	000001	000001	000000	000001
000114 000001	000000	000000	000000	000000	000000	000000	000000
000115 000000	000000	000000	000000	000000	000000	000001	000000
000116 000000	000001	000000	000000	000000	000000	000000	000001
000117 000002	000001	000000	000000	000000	000000	000001	000000
000118 000000	000000	000000	000000	000000	000000	000001	000001
000119 000000	000000	000000	000001	000000	000001	000000	000000
000120 000001	000000	000000	000001	000000	000000	000000	000000
000121 000001	000000	000000	000000	000000	000000	000000	000000
000122 000000	000000	000001	000000	000000	000001	000000	000000
000123 000000	000000	000000	000001	000000	000001	000001	000000
000124 000000	000000	000000	000000	000000	000001	000000	000000
000125 000000	000000	000000	000000	000002	000001	000000	000000
000126 000000	000000	000000	000000	000000	000001	000000	000001
000127 000001	000000	000000	000000	000000	000000	000000	000001
000128 000000	000001	000000	000000	000000	000000	000000	000000
000129 000000	000000	000000	000000	000000	000000	000000	000000
000130 000000	000000	000000	000000	000000	000000	000000	000000
000131 000000	000000	000000	000000	000000	000000	000000	000000
000132 000000	000000	000000	000000	000001	000000	000000	000000
000133 000000	000000	000001	000000	000000	000000	000000	000000
000134 000000	000000	000001	000000	000001	000001	000001	000001
000135 000001	000002	000000	000000	000001	000001	000000	000000
000136 000000	000000	000000	000000	000000	000001	000000	000000
000137 000001	000000	000000	000000	000001	000001	000000	000000
000138 000000	000000	000000	000000	000000	000000	000000	000000
000139 000000	000001	000000	000001	000000	000001	000001	000000
000140 000001	000000	000000	000000	000000	000000	000000	000000
000141 000000	000000	000001	000000	000000	000000	000000	000000
000142 000000	000000	000001	000000	000000	000003	000000	000000
000143 000000	000000	000001	000000	000000	000000	000000	000000
000144 000001	000000	000000	000000	000001	000000	000001	000000
000145 000000	000000	000000	000001	000000	000000	000000	000000
000146 000000	000000	000001	000000	000000	000000	000001	000000
000147 000000	000000	000000	000001	000000	000000	000000	000000
000148 000000	000000	000000	000000	000000	000000	000003	000000
000149 000000	000000	000000	000000	000000	000000	000000	000000
000150 000000	000000	000000	000000	000000	000000	000000	000000
000151 000000	000000	000000	000000	000000	000001	000000	000000
000152 000000	000000	000000	000000	000001	000001	000001	000000
000153 000001	000000	000001	000000	000000	000000	000001	000000
000154 000000	000001	000000	000000	000000	000000	000000	000000
000155 000000	000000	000000	000001	000000	000000	000000	000000
000156 000000	000000	000001	000000	000000	000000	000001	000000
000157 000000	000000	000001	000002	000000	000002	000000	000000
000158 000000	000000	000000	000000	000001	000002	000001	000000
000159 000000	000001	000000	000000	000000	000000	000000	000000
000160 000000	000000	000000	000001	000000	000001	000001	000000
000161 000000	000000	000001	000000	000000	000000	000000	000000
000162 000000	000001	000000	000000	000000	000000	000000	000001
000163 000000	000000	000000	000000	000000	000000	000000	000000
000164 000000	000000	000000	000000	000000	000000	000000	000000
000165 000001	000000	000000	000000	000000	000000	000002	000000
000166 000001	000000	000000	000001	000000	000000	000001	000000
000167 000000	000000	000001	000000	000001	000000	000000	000000
000168 000000	000000	000000	000000	000000	000000	000001	000000
000169 000000	000000	000000	000001	000001	000000	000001	000000
000170 000000	000001	000000	000001	000000	000000	000000	000000
000171 000000	000000	000000	000000	000000	000000	000000	000000
000172 000000	000001	000000	000000	000001	000000	000001	000000
000173 000001	000001	000000	000001	000000	000000	000000	000000
000174 000002	000000	000000	000000	000000	000000	000000	000000
000175 000000	000001	000000	000001	000000	000000	000000	000000
000176 000000	000000	000000	000001	000001	000000	000001	000001
000177 000000	000000	000000	000000	000000	000000	000000	000000
000178 000000	000000	000001	000000	000000	000000	000001	000000
000179 000000	000000	000000	000000	000000	000001	000000	000000
000180 000000	000000	000000	000000	000000	000000	000000	000000
000181 000000	000001	000000	000000	000000	000000	000000	000000
000182 000000	000000	000000	000000	000000	000000	000001	000000
000183 000000	000000	000000	000000	000000	000000	000001	000000
000184 000000	000000	000000	000000	000000	000001	000000	000000
000185 000001	000000	000001	000002	000000	000000	000001	000000
000186 000000	000001	000000	000000	000000	000001	000000	000000
000187 000000	000000	000000	000000	000002	000001	000000	000000
000188 000001	000000	000000	000000	000000	000000	000000	000001
000189 000000	000001	000000	000000	000000	000000	000000	000001
000190 000001	000001	000000	000000	000000	000000	000000	000001
000191 000000	000001	000000	000002	000000	000000	000001	000000
000192 000000	000000	000000	000001	000001	000001	000000	000000
000193 000001	000000	000000	000000	000000	000001	000000	000000
000194 000000	000000	000000	000001	000000	000000	000000	000000
000195 000000	000001	000000	000000	000000	000000	000000	000000
000196 000000	000000	000002	000000	000001	000000	000000	000000
000197 000000	000000	000000	000000	000000	000002	000000	000000
000198 000000	000000	000000	000000	000000	000000	000000	000000
000199 000000	000000	000000	000000	000000	000000	000001	000000
000200 000000	000002	000001	000000	000001	000001	000000	000000
000201 000000	000000	000000	000000	000002	000000	000000	000000
000202 000000	000000	000000	000000	000000	000000	000000	000000
000203 000000	000000	000000	000000	000000	000001	000000	000000
000204 000000	000000	000000	000000	000000	000000	000000	000000
000205 000000	000000	000001	000000	000000	000002	000000	000000
000206 000000	000001	000000	000000	000001	000000	000000	000000
000207 000000	000001	000000	000000	000001	000000	000000	000000
000208 000000	000000	000000	000000	000000	000000	000000	000001
000209 000000	000001	000001	000000	000000	000000	000000	000000
000210 000001	000000	000002	000000	000002	000000	000000	000000
000211 000000	000000	000000	000000	000001	000000	000000	000000
000212 000000	000000	000000	000000	000000	000000	000000	000000
000213 000000	000000	000000	000001	000001	000000	000000	000000
000214 000000	000000	000000	000000	000000	000001	000000	000000
000215 000000	000000	000001	000000	000000	000000	000001	000000
000216 000000	000000	000000	000001	000000	000000	000000	000000
000217 000000	000000	000001	000000	000002	000000	000000	000000
000218 000001	000000	000000	000000	000000	000000	000000	000000
000219 000000	000000	000002	000001	000001	000000	000000	000001
000220 000000	000000	000001	000001	000000	000000	000000	000000
000221 000000	000000	000000	000000	000000	000000	000000	000000
000222 000000	000000	000000	000000	000001	000000	000000	000000
000223 000000	000000	000000	000000	000000	000000	000000	000000
000224 000000	000000	000000	000000	000000	000000	000000	000000
000225 000000	000000	000001	000001	000001	000000	000000	000000
000226 000000	000000	000000	000000	000000	000000	000000	000002
000227 000000	000000	000001	000000	000000	000000	000000	000001
000228 000001	000001	000000	000000	000000	000000	000001	000000
000229 000001	000000	000001	000000	000001	000001	000000	000000
000230 000000	000000	000000	000001	000000	000000	000000	000000
000231 000000	000000	000001	000001	000001	000000	000000	000000
000232 000000	000001	000000	000000	000000	000000	000000	000000
000233 000001	000000	000000	000000	000000	000001	000000	000000
000234 000000	000001	000001	000000	000000	000000	000000	000000
000235 000000	000000	000000	000001	000001	000000	000002	000000
000236 000000	000001	000000	000000	000000	000000	000001	000000
000237 000001	000000	000000	000000	000000	000000	000000	000000
000238 000000	000000	000001	000002	000001	000001	000000	000000
000239 000000	000001	000000	000000	000000	000001	000000	000000
000240 000001	000000	000001	000000	000000	000000	000000	000000
000241 000000	000000	000000	000000	000000	000000	000000	000000
000242 000002	000000	000000	000000	000000	000000	000000	000000
000243 000000	000000	000001	000000	000000	000000	000000	000000
000244 000000	000000	000000	000000	000001	000000	000000	000001
000245 000000	000001	000000	000000	000000	000001	000000	000000
000246 000000	000001	000001	000000	000000	000000	000000	000000
000247 000000	000000	000000	000001	000000	000000	000000	000001
000248 000001	000000	000000	000000	000000	000000	000001	000000
000249 000000	000000	000000	000000	000000	000000	000002	000000
000250 000001	000001	000000	000000	000000	000000	000000	000000
000251 000001	000000	000000	000000	000000	000000	000001	000000
000252 000001	000000	000000	000000	000001	000000	000000	000000
000253 000000	000002	000001	000000	000000	000000	000000	000001
000254 000000	000000	000000	000000	000000	000000	000000	000000
000255 000000	000000	000000	000000	000000	000000	000000	000002
000256 000000	000000	000000	000000	000000	000000	000000	000000
000257 000001	000000	000000	000000	000000	000000	000001	000000
000258 000001	000000	000000	000000	000000	000002	000001	000000
000259 000000	000000	000000	000000	000000	000000	000000	000000
000260 000001	000000	000000	000000	000000	000000	000000	000000
000261 000000	000001	000001	000000	000000	000000	000000	000000
000262 000000	000000	000000	000001	000000	000000	000000	000000
000263 000001	000000	000000	000000	000000	000000	000000	000000
000264 000000	000000	000000	000000	000000	000000	000000	000000
000265 000001	000000	000000	000000	000000	000000	000000	000000
000266 000000	000000	000000	000000	000000	000001	000000	000001
000267 000000	000000	000000	000001	000000	000000	000000	000000
000268 000000	000000	000000	000000	000000	000000	000000	000000
000269 000001	000000	000000	000000	000000	000000	000000	000000
000270 000000	000000	000000	000000	000000	000000	000000	000000
000271 000000	000000	000000	000000	000000	000000	000002	000000
000272 000001	000000	000000	000002	000000	000000	000000	000000
000273 000000	000001	000000	000000	000000	000001	000000	000000
000274 000000	000000	000000	000000	000000	000001	000000	000000
000275 000001	000000	000000	000000	000000	000001	000000	000000
000276 000000	000000	000000	000000	000000	000000	000000	000000
000277 000000	000001	000000	000000	000000	000000	000000	000000
000278 000001	000000	000000	000000	000000	000000	000000	000000
000279 000000	000000	000000	000001	000000	000000	000000	000000
000280 000000	000000	000000	000000	000000	000000	000000	000000
000281 000000	000000	000000	000000	000001	000000	000001	000000
000282 000000	000000	000000	000000	000000	000000	000000	000000
000283 000000	000001	000000	000000	000000	000000	000000	000000
000284 000000	000000	000000	000000	000000	000000	000000	000000
000285 000001	000000	000000	000000	000000	000001	000001	000000
000286 000000	000001	000000	000000	000000	000000	000000	000000
000287 000000	000001	000000	000000	000000	000000	000000	000001
000288 000000	000000	000000	000000	000001	000000	000000	000000
000289 000000	000000	000000	000000	000001	000000	000000	000000
000290 000000	000000	000001	000000	000000	000000	000000	000000
000291 000000	000000	000000	000002	000000	000000	000000	000000
000292 000001	000000	000000	000000	000000	000001	000000	000000
000293 000000	000001	000000	000000	000000	000000	000000	000000
000294 000000	000000	000000	000000	000000	000001	000000	000000
000295 000000	000000	000000	000000	000000	000000	000000	000000
000296 000000	000000	000000	000000	000000	000000	000000	000000
000297 000000	000000	000001	000000	000000	000000	000000	000000
000298 000000	000000	000001	000000	000000	000000	000000	000000
000299 000000	000000	000000	000000	000000	000000	000000	000000
000300 000000	000000	000000	000000	000000	000000	000000	000001
000301 000000	000000	000000	000000	000000	000000	000000	000002
000302 000000	000000	000000	000000	000001	000000	000000	000000
000303 000000	000000	000000	000000	000001	000000	000000	000001
000304 000000	000000	000000	000000	000000	000001	000000	000000
000305 000000	000000	000000	000000	000001	000000	000000	000000
000306 000000	000002	000000	000001	000000	000000	000000	000000
000307 000000	000000	000000	000002	000000	000000	000001	000000
000308 000000	000000	000000	000000	000000	000000	000002	000001
000309 000000	000000	000000	000000	000000	000000	000006	000001
000310 000000	000000	000000	000000	000002	000000	000011	000000
000311 000000	000000	000002	000000	000000	000001	000015	000000
000312 000000	000000	000000	000000	000000	000000	000018	000000
000313 000000	000000	000000	000000	000000	000000	000017	000000
000314 000000	000000	000000	000000	000000	000000	000014	000000
000315 000000	000000	000000	000000	000000	000000	000014	000000
000316 000000	000000	000001	000000	000000	000000	000009	000000
000317 000000	000000	000000	000000	000000	000000	000015	000000
000318 000000	000000	000000	000000	000000	000000	000018	000002
000319 000000	000000	000000	000001	000000	000000	000015	000000
000320 000000	000000	000001	000000	000000	000000	000029	000000
000321 000001	000001	000000	000000	000000	000000	000019	000000
000322 000000	000001	000000	000000	000000	000001	000018	000000
000323 000000	000001	000000	000001	000000	000000	000013	000000
000324 000000	000000	000000	000000	000001	000000	000014	000000
000325 000000	000000	000000	000000	000001	000000	000016	000000
000326 000000	000000	000000	000000	000000	000000	000008	000000
000327 000000	000000	000000	000000	000000	000000	000016	000000
000328 000000	000000	000000	000000	000000	000000	000016	000000
000329 000000	000000	000000	000001	000000	000000	000017	000001
000330 000001	000000	000000	000000	000000	000001	000029	000001
000331 000000	000000	000000	000000	000000	000000	000039	000000
000332 000000	000000	000000	000000	000000	000001	000029	000000
000333 000000	000000	000001	000000	000000	000000	000021	000000
000334 000000	000001	000001	000000	000000	000000	000031	000002
000335 000000	000000	000000	000000	000000	000000	000011	000000
000336 000000	000000	000000	000000	000000	000000	000011	000000
000337 000000	000001	000000	000001	000000	000000	000003	000001
000338 000000	000000	000000	000000	000000	000000	000002	000000
000339 000000	000000	000000	000000	000000	000000	000000	000001
000340 000000	000000	000000	000000	000000	000000	000001	000000
000341 000000	000000	000000	000000	000000	000000	000000	000000
000342 000001	000000	000000	000000	000000	000001	000000	000001
000343 000001	000000	000000	000000	000000	000001	000000	000000
000344 000000	000001	000000	000001	000000	000000	000000	000000
000345 000000	000000	000000	000000	000000	000000	000000	000000
000346 000001	000000	000000	000000	000000	000000	000000	000000
000347 000000	000000	000000	000000	000000	000000	000000	000000
000348 000000	000000	000000	000000	000000	000000	000000	000000
000349 000000	000000	000000	000000	000000	000001	000000	000000
000350 000000	000000	000000	000000	000000	000000	000000	000000
000351 000000	000000	000000	000000	000000	000000	000000	000000
000352 000001	000000	000000	000000	000000	000000	000000	000000
000353 000000	000001	000000	000000	000000	000000	000000	000000
000354 000000	000000	000000	000000	000000	000000	000000	000000
000355 000000	000000	000000	000000	000000	000000	000000	000000
000356 000000	000000	000000	000000	000000	000000	000000	000000
000357 000000	000000	000001	000000	000000	000000	000000	000000
000358 000000	000000	000000	000000	000000	000000	000000	000000
000359 000000	000001	000000	000000	000001	000000	000000	000001
000360 000000	000000	000000	000000	000000	000001	000000	000000
000361 000000	000000	000000	000000	000000	000000	000000	000000
000362 000000	000000	000000	000000	000000	000000	000000	000000
000363 000000	000000	000000	000000	000000	000000	000000	000000
000364 000001	000000	000000	000001	000000	000000	000000	000000
000365 000000	000000	000000	000001	000006	000000	000000	000000
000366 000001	000000	000000	000000	000010	000000	000000	000000
000367 000000	000000	000000	000000	000003	000000	000000	000000
000368 000000	000000	000000	000000	000010	000000	000000	000000
000369 000000	000000	000000	000000	000013	000000	000000	000000
000370 000000	000000	000000	000000	000017	000000	000000	000000
000371 000000	000000	000000	000000	000018	000000	000000	000000
000372 000000	000000	000000	000000	000028	000000	000000	000001
000373 000000	000000	000000	000000	000025	000000	000000	000000
000374 000000	000000	000000	000000	000007	000000	000000	000000
000375 000000	000000	000000	000000	000010	000000	000000	000000
000376 000000	000000	000000	000001	000008	000000	000000	000000
000377 000000	000000	000007	000001	000004	000000	000001	000000
000378 000000	000000	000011	000000	000016	000000	000000	000000
000379 000000	000001	000011	000000	000011	000000	000000	000000
000380 000000	000001	000027	000000	000012	000000	000000	000000
000381 000000	000000	000031	000000	000012	000000	000000	000000
000382 000000	000000	000031	000000	000020	000000	000000	000000
000383 000000	000000	000008	000001	000033	000000	000000	000000
000384 000000	000000	000011	000000	000045	000000	000000	000000
000385 000000	000000	000004	000000	000028	000000	000000	000000
000386 000000	000000	000010	000000	000030	000001	000000	000000
000387 000000	000000	000006	000000	000023	000000	000000	000000
000388 000000	000000	000013	000000	000015	000000	000000	000000
000389 000001	000000	000005	000000	000008	000001	000000	000000
000390 000000	000000	000019	000000	000001	000000	000000	000000
000391 000000	000001	000025	000000	000001	000000	000000	000000
000392 000000	000000	000043	000000	000000	000000	000000	000000
000393 000000	000000	000040	000000	000000	000000	000000	000000
000394 000000	000000	000025	000001	000000	000000	000000	000000
000395 000000	000000	000030	000000	000000	000000	000000	000000
000396 000000	000000	000018	000000	000000	000000	000000	000000
000397 000000	000000	000011	000000	000000	000000	000000	000000
000398 000000	000001	000005	000000	000000	000001	000000	000000
000399 000000	000000	000001	000000	000000	000000	000000	000000
# Total: 001799619 001799664 001799994 001799649 001799993 001799639 001799992 001799778
# Min Latencies: 00002 00002 00002 00002 00002 00002 00002 00002
# Avg Latencies: 00010 00011 00010 00010 00010 00010 00010 00010
# Max Latencies: 00863 00869 00919 00856 00910 00825 00995 00891
# Histogram Overflows: 00381 00336 00005 00350 00005 00359 00005 00219
# Histogram Overflow at cycle number:
# Thread 0: 205403 298274 299327 709952 754181 754185 810924 812174 815505 1270614 1270616 1270618 1270620 1270653 1299431 1299433 1299438 1301281 1301284 1301289 1301291 1301293 1301295 1301297 1301301 1301305 1301307 1301316 1301318 1301320 1301322 1301340 1301344 1301346 1301350 1301352 1301356 1301358 1301360 1301363 1301365 1301372 1301376 1301378 1301384 1301388 1301391 1301394 1301396 1301398 1301402 1301404 1301406 1301408 1301410 1301412 1301415 1301417 1301419 1301421 1301425 1301427 1301429 1301431 1301433 1301437 1301439 1301444 1301446 1301449 1301451 1301454 1301456 1301459 1301462 1301466 1301468 1301470 1301473 1301476 1301478 1301480 1301482 1301484 1301486 1301489 1301491 1301493 1301495 1301497 1301499 1301502 1301504 1301507 1301509 1301514 1301517 1301519 1301522 1301525 1301527 1301529 1301531 1301533 1301535 1301537 1301539 1301541 1301543 1301545 1301550 1301552 1301554 1301558 1301560 1301562 1301565 1301567 1301569 1301571 1301573 1301575 1301577 1301579 1301581 1301584 1301588 1301590 1301592 1301594 1301596 1301598 1301600 1301602 1301604 1301606 1301608 1301610 1301613 1301615 1301619 1301621 1301623 1301625 1301629 1301631 1301633 1301636 1301638 1301640 1301642 1301644 1301646 1301648 1301650 1301652 1301654 1301656 1301658 1301661 1301663 1301665 1301667 1301669 1301671 1301675 1301677 1301679 1301681 1301683 1301685 1301687 1301689 1301691 1301693 1301695 1301697 1301699 1301701 1301703 1301705 1301707 1302716 1302718 1302724 1302730 1302732 1302734 1302738 1302740 1302743 1302745 1302747 1302750 1302752 1302754 1302756 1302758 1302760 1302762 1302764 1302766 1302768 1302770 1302772 1302776 1302779 1302781 1302783 1302785 1302788 1302792 1302794 1302796 1302798 1302800 1302802 1303462 1305343 1305346 1305348 1305352 1305354 1305356 1305360 1305390 1305395 1305400 1305403 1305407 1305491 1305496 1305501 1305504 1305506 1305508 1305510 1305512 1339624 1339628 1339632 1341637 1341639 1341641 1341644 1341646 1341648 1341650 1342498 1342502 1342506 1342509 1342513 1342517 1342519 1342524 1342528 1342532 1342536 1342541 1342544 1342570 1342574 1342584 1342586 1342594 1342597 1342599 1342607 1342628 1342635 1342639 1342644 1342647 1342651 1342654 1342663 1342666 1342668 1342670 1342672 1342675 1342679 1342681 1342684 1342686 1342690 1342692 1342694 1342696 1342698 1342700 1342705 1342707 1342709 1342715 1342721 1342724 1342726 1342729 1342732 1342737 1342740 1342742 1342747 1342749 1342756 1342758 1342760 1342764 1342766 1342769 1342772 1342775 1342780 1342783 1342785 1342787 1342791 1342803 1342805 1342808 1342810 1342812 1342814 1342819 1342822 1342825 1342828 1342830 1342833 1342835 1342837 1342839 1342842 1342844 1342847 1342850 1343653 1343655 1343661 1343663 1343665 1343855 1343862 1343867 1343871 1343878 1343882 1343887 1343889 1343893 1343898 1343900 1343904 1343906 1343909 1343912 1343918 1343920 1343925 1343927 1345670 1345677 1345946 1345948 1345950 1345959 1345961 1345965 1345997 1345999 1346004 1346007 1346011 1346014 1346021 1346025 1346027 1346089 1346094
# Thread 1: 205402 709951 754184 810924 812173 815504 1270613 1270615 1270618 1299428 1299430 1301280 1301283 1301292 1301300 1301306 1301317 1301321 1301340 1301346 1301349 1301351 1301353 1301355 1301357 1301359 1301362 1301371 1301375 1301383 1301387 1301390 1301394 1301396 1301398 1301401 1301403 1301405 1301407 1301409 1301411 1301414 1301417 1301420 1301424 1301426 1301428 1301430 1301432 1301436 1301438 1301443 1301445 1301448 1301450 1301455 1301458 1301461 1301465 1301467 1301469 1301472 1301475 1301477 1301479 1301481 1301483 1301486 1301488 1301491 1301493 1301496 1301498 1301501 1301503 1301506 1301508 1301513 1301517 1301524 1301526 1301528 1301530 1301532 1301534 1301536 1301538 1301541 1301543 1301545 1301550 1301552 1301554 1301557 1301560 1301564 1301566 1301568 1301570 1301572 1301574 1301577 1301580 1301583 1301587 1301589 1301591 1301595 1301597 1301599 1301601 1301603 1301605 1301608 1301610 1301612 1301614 1301618 1301620 1301622 1301624 1301628 1301630 1301632 1301635 1301637 1301640 1301642 1301644 1301646 1301648 1301651 1301653 1301655 1301657 1301661 1301663 1301667 1301669 1301674 1301676 1301678 1301680 1301682 1301684 1301686 1301688 1301690 1301692 1301694 1301696 1301698 1301700 1301702 1301704 1301706 1302723 1302730 1302733 1302737 1302739 1302742 1302744 1302746 1302749 1302752 1302754 1302756 1302758 1302760 1302762 1302764 1302766 1302768 1302770 1302772 1302776 1302778 1302780 1302782 1302784 1302787 1302791 1302793 1302795 1302797 1302799 1302801 1303466 1305342 1305347 1305351 1305353 1305355 1305359 1305394 1305399 1305402 1305406 1305495 1305500 1305503 1305505 1305507 1305509 1305511 1339627 1339631 1341638 1341646 1341648 1342505 1342508 1342512 1342514 1342519 1342527 1342531 1342535 1342543 1342545 1342569 1342576 1342579 1342585 1342588 1342602 1342605 1342608 1342615 1342627 1342630 1342634 1342638 1342642 1342646 1342650 1342662 1342665 1342667 1342670 1342675 1342678 1342680 1342683 1342685 1342687 1342689 1342691 1342693 1342696 1342698 1342701 1342704 1342706 1342708 1342720 1342724 1342725 1342728 1342731 1342736 1342740 1342746 1342748 1342755 1342757 1342760 1342763 1342765 1342768 1342771 1342774 1342779 1342782 1342784 1342786 1342790 1342801 1342804 1342808 1342810 1342812 1342814 1342818 1342821 1342824 1342827 1342829 1342832 1342835 1342837 1342839 1342844 1342846 1342849 1343652 1343655 1343657 1343661 1343663 1343861 1343866 1343870 1343877 1343881 1343886 1343888 1343892 1343899 1343901 1343903 1343905 1343909 1343911 1343916 1343919 1343924 1343926 1345676 1345678 1345950 1345953 1345960 1345964 1345966 1346002 1346006 1346008 1346010 1346013 1346015 1346020 1346022 1346024 1346088
# Thread 2: 298273 299305 299326 754180 754184
# Thread 3: 205401 709950 754183 810923 812172 815503 1270612 1270614 1270617 1299427 1299429 1299438 1301279 1301282 1301287 1301291 1301293 1301299 1301305 1301315 1301320 1301339 1301344 1301348 1301350 1301352 1301354 1301356 1301358 1301361 1301370 1301374 1301382 1301386 1301389 1301392 1301395 1301397 1301400 1301402 1301404 1301406 1301408 1301410 1301413 1301416 1301419 1301423 1301425 1301427 1301429 1301431 1301435 1301437 1301442 1301444 1301447 1301449 1301454 1301457 1301460 1301464 1301466 1301468 1301471 1301474 1301476 1301478 1301480 1301482 1301485 1301487 1301490 1301492 1301495 1301497 1301500 1301502 1301505 1301507 1301512 1301516 1301523 1301525 1301527 1301529 1301531 1301533 1301535 1301537 1301540 1301542 1301544 1301549 1301551 1301553 1301556 1301559 1301563 1301565 1301567 1301569 1301571 1301573 1301576 1301579 1301582 1301586 1301588 1301590 1301594 1301596 1301598 1301600 1301602 1301604 1301607 1301609 1301611 1301613 1301617 1301619 1301621 1301623 1301627 1301629 1301631 1301634 1301636 1301639 1301641 1301643 1301645 1301647 1301650 1301652 1301654 1301656 1301660 1301662 1301666 1301668 1301673 1301675 1301677 1301679 1301681 1301683 1301685 1301687 1301689 1301691 1301693 1301695 1301697 1301699 1301701 1301703 1301705 1302722 1302728 1302730 1302732 1302736 1302738 1302741 1302743 1302745 1302748 1302751 1302753 1302755 1302757 1302759 1302760 1302762 1302764 1302766 1302768 1302770 1302775 1302777 1302779 1302781 1302783 1302786 1302790 1302792 1302794 1302796 1302798 1302800 1303465 1305341 1305346 1305350 1305352 1305354 1305358 1305393 1305398 1305401 1305405 1305494 1305499 1305502 1305504 1305506 1305508 1305510 1339622 1339626 1339630 1341637 1341645 1341647 1341648 1342504 1342507 1342511 1342513 1342518 1342523 1342526 1342530 1342534 1342542 1342544 1342568 1342574 1342578 1342584 1342587 1342600 1342604 1342607 1342614 1342626 1342629 1342633 1342637 1342641 1342645 1342649 1342652 1342661 1342664 1342666 1342669 1342674 1342677 1342679 1342682 1342684 1342686 1342688 1342690 1342692 1342695 1342697 1342700 1342703 1342705 1342707 1342719 1342722 1342724 1342727 1342730 1342735 1342739 1342740 1342745 1342747 1342754 1342756 1342759 1342762 1342764 1342767 1342770 1342773 1342778 1342781 1342783 1342785 1342789 1342800 1342803 1342806 1342809 1342811 1342813 1342817 1342820 1342823 1342826 1342828 1342831 1342834 1342836 1342838 1342843 1342845 1342848 1343651 1343654 1343656 1343659 1343661 1343663 1343860 1343865 1343869 1343876 1343880 1343885 1343887 1343891 1343898 1343900 1343902 1343904 1343908 1343910 1343915 1343918 1343923 1343925 1345675 1345677 1345945 1345948 1345952 1345959 1345963 1345965 1345988 1345997 1346000 1346002 1346005 1346007 1346009 1346012 1346014 1346019 1346021 1346023 1346087
# Thread 4: 298272 299304 299325 754179 754183
# Thread 5: 205400 709949 754182 810922 812171 815502 1270611 1270613 1270616 1299426 1299428 1299437 1301278 1301281 1301286 1301288 1301290 1301292 1301298 1301304 1301314 1301319 1301338 1301343 1301347 1301349 1301353 1301355 1301357 1301360 1301369 1301373 1301381 1301385 1301388 1301391 1301394 1301396 1301399 1301401 1301403 1301405 1301407 1301409 1301412 1301415 1301418 1301422 1301424 1301426 1301428 1301430 1301434 1301436 1301441 1301443 1301446 1301448 1301453 1301456 1301459 1301463 1301465 1301467 1301470 1301473 1301475 1301477 1301479 1301481 1301483 1301486 1301489 1301491 1301494 1301496 1301499 1301501 1301504 1301506 1301511 1301515 1301516 1301522 1301524 1301526 1301528 1301530 1301532 1301534 1301536 1301539 1301541 1301543 1301548 1301550 1301552 1301555 1301558 1301562 1301564 1301566 1301568 1301570 1301572 1301574 1301576 1301578 1301581 1301585 1301587 1301589 1301593 1301595 1301597 1301599 1301601 1301603 1301606 1301608 1301610 1301612 1301616 1301618 1301620 1301622 1301626 1301628 1301630 1301633 1301635 1301638 1301640 1301642 1301644 1301645 1301647 1301649 1301651 1301653 1301655 1301659 1301661 1301663 1301665 1301667 1301672 1301674 1301676 1301678 1301680 1301682 1301684 1301686 1301688 1301690 1301692 1301694 1301696 1301698 1301700 1301702 1301704 1302721 1302727 1302729 1302731 1302735 1302737 1302740 1302742 1302744 1302747 1302750 1302752 1302754 1302756 1302757 1302759 1302761 1302763 1302765 1302767 1302769 1302774 1302776 1302778 1302780 1302782 1302785 1302789 1302791 1302793 1302795 1302797 1302799 1303464 1305340 1305345 1305349 1305351 1305353 1305357 1305392 1305397 1305400 1305404 1305493 1305498 1305501 1305503 1305505 1305507 1305509 1339621 1339625 1339629 1341636 1341644 1341646 1341647 1342499 1342503 1342506 1342510 1342512 1342517 1342522 1342525 1342529 1342533 1342541 1342543 1342567 1342573 1342577 1342583 1342586 1342593 1342596 1342599 1342603 1342606 1342613 1342625 1342628 1342632 1342636 1342640 1342644 1342648 1342651 1342660 1342663 1342665 1342668 1342673 1342676 1342678 1342681 1342683 1342685 1342687 1342689 1342691 1342694 1342695 1342697 1342699 1342702 1342704 1342706 1342718 1342721 1342723 1342726 1342729 1342734 1342738 1342739 1342744 1342746 1342753 1342755 1342758 1342761 1342763 1342766 1342769 1342772 1342777 1342780 1342782 1342784 1342788 1342799 1342802 1342805 1342807 1342809 1342811 1342817 1342819 1342822 1342825 1342827 1342830 1342832 1342835 1342837 1342841 1342844 1342847 1343650 1343653 1343655 1343658 1343660 1343662 1343859 1343864 1343868 1343875 1343879 1343884 1343886 1343890 1343897 1343899 1343901 1343903 1343907 1343909 1343913 1343915 1343917 1343922 1343924 1345667 1345674 1345676 1345944 1345947 1345951 1345957 1345958 1345962 1345987 1345996 1345999 1346001 1346004 1346006 1346008 1346011 1346013 1346018 1346022 1346086
# Thread 6: 299303 299324 754178 754182 754185
# Thread 7: 205400 299303 299321 709948 754185 810921 1270610 1270615 1297419 1301280 1301289 1301303 1301313 1301348 1301354 1301362 1301368 1301372 1301387 1301391 1301393 1301395 1301402 1301404 1301406 1301412 1301415 1301417 1301421 1301435 1301441 1301446 1301452 1301455 1301458 1301463 1301466 1301469 1301472 1301478 1301480 1301493 1301498 1301505 1301515 1301521 1301523 1301529 1301531 1301533 1301535 1301538 1301540 1301548 1301550 1301555 1301557 1301562 1301564 1301566 1301569 1301572 1301574 1301577 1301580 1301584 1301586 1301588 1301595 1301598 1301600 1301602 1301607 1301609 1301611 1301615 1301619 1301621 1301625 1301627 1301630 1301632 1301634 1301638 1301640 1301642 1301644 1301646 1301648 1301650 1301653 1301658 1301660 1301666 1301669 1301671 1301675 1301679 1301681 1301683 1301685 1301690 1301694 1301700 1301703 1302728 1302734 1302739 1302743 1302747 1302749 1302752 1302756 1302760 1302764 1302768 1302773 1302776 1302780 1302784 1302791 1302793 1302796 1303463 1305350 1305352 1305391 1305396 1305492 1305504 1305507 1339624 1339628 1341635 1341643 1341645 1342503 1342515 1342566 1342576 1342582 1342588 1342595 1342602 1342605 1342612 1342631 1342639 1342652 1342663 1342669 1342676 1342678 1342681 1342683 1342685 1342690 1342695 1342698 1342703 1342722 1342725 1342728 1342733 1342737 1342743 1342754 1342757 1342766 1342768 1342771 1342776 1342779 1342781 1342798 1342801 1342805 1342808 1342811 1342815 1342818 1342821 1342824 1342827 1342829 1342835 1342840 1342843 1342846 1343652 1343654 1343661 1343867 1343878 1343884 1343889 1343897 1343899 1343901 1343902 1343906 1343909 1343916 1343923 1345675 1345945 1345950 1345956 1345959 1345963 1345985 1345990 1345994 1345998 1346005 1346010 1346015 1346020 1346022


== 결과 (30분 부하) ==
  ⚠️  30분 부하   최악  995 µs (CPU 14) | 평균 10.1 µs | 400µs 초과 1660회
  ✅ GPU 부하 유지: 사용률 평균 60% (최소 0% / 최대 76%), glmark2 중단 0회 (178회 확인)
  🌡  패키지 46~49°C, GPU 최대 83°C, 격리 코어 클럭 3469~3761 MHz, 스로틀 core=0 pkg=0 (176회 기록)
  ✅ SMI(MSR 0x34) 측정 중 0회 (누적 216→216)
-- 측정 중 커널 경고
  ✅ 없음
== [soak] 끝 — 원본: /home/ailab/git/A1-BSW/tools/rt/logs/soak_20260915_154929.log ==
