# /dev/cpu_dma_latency set to 0us
# Histogram
000000 000000	000000	000000	000000	000000	000000	000000	000000
000001 000000	000000	000000	000000	000000	000000	000000	000000
000002 000000	000000	000000	000000	000000	000000	000000	000000
000003 000008	000000	000061	000012	000000	000000	000000	000006
000004 006571	006065	014754	040392	005353	016464	004087	006173
000005 1331283	1071668	1305870	1514155	1320163	1360108	1266442	1388880
000006 318615	411973	334626	114485	324451	280169	374865	260923
000007 061250	207453	061562	053456	061177	059026	063743	057544
000008 043365	053371	043289	041388	044075	042843	043923	042589
000009 027980	032664	027940	025155	030046	027522	030311	028803
000010 006011	010077	006247	005278	007516	006930	008444	006972
000011 002637	003789	002726	003017	003671	003507	004043	004171
000012 001502	001788	002003	001777	002279	002339	002637	002602
000013 000672	000886	000813	000750	001144	000993	001387	001212
000014 000040	000151	000046	000037	000043	000026	000056	000043
000015 000017	000047	000008	000028	000023	000014	000012	000023
000016 000015	000019	000008	000019	000014	000007	000011	000010
000017 000005	000010	000011	000009	000009	000007	000002	000009
000018 000002	000005	000003	000005	000005	000000	000002	000000
000019 000000	000001	000001	000003	000002	000001	000001	000002
000020 000001	000002	000003	000001	000000	000001	000000	000003
000021 000000	000001	000000	000002	000001	000002	000001	000000
000022 000001	000000	000000	000000	000000	000000	000000	000000
000023 000000	000000	000000	000000	000000	000000	000001	000000
000024 000000	000000	000000	000000	000000	000000	000000	000000
000025 000000	000000	000000	000000	000000	000000	000001	000000
000026 000001	000000	000000	000000	000000	000000	000000	000000
000027 000000	000002	000000	000000	000000	000000	000000	000000
000028 000000	000000	000000	000000	000000	000000	000000	000000
000029 000000	000001	000000	000000	000000	000000	000000	000000
000030 000000	000000	000000	000000	000000	000000	000000	000000
000031 000000	000000	000000	000002	000000	000000	000000	000000
000032 000000	000000	000000	000000	000000	000000	000000	000000
000033 000000	000000	000000	000000	000000	000000	000000	000001
000034 000000	000000	000000	000000	000000	000000	000000	000000
000035 000000	000000	000000	000000	000000	000000	000000	000000
000036 000000	000000	000000	000000	000001	000000	000000	000000
000037 000000	000000	000000	000000	000000	000000	000000	000000
000038 000000	000000	000000	000000	000000	000000	000000	000000
000039 000000	000000	000001	000000	000000	000000	000000	000000
000040 000000	000000	000000	000000	000000	000000	000000	000000
000041 000000	000000	000000	000000	000000	000000	000000	000000
000042 000001	000000	000000	000000	000000	000000	000000	000000
000043 000000	000000	000000	000000	000000	000000	000000	000000
000044 000000	000000	000000	000000	000000	000000	000000	000000
000045 000000	000000	000000	000000	000000	000000	000000	000000
000046 000000	000000	000000	000000	000000	000000	000000	000000
000047 000000	000000	000000	000000	000000	000000	000000	000000
000048 000000	000000	000000	000001	000000	000000	000000	000000
000049 000000	000000	000000	000000	000000	000000	000000	000000
000050 000000	000000	000000	000000	000000	000001	000000	000000
000051 000000	000000	000000	000000	000000	000000	000001	000000
000052 000000	000000	000000	000000	000000	000000	000000	000000
000053 000000	000000	000000	000000	000000	000000	000000	000000
000054 000000	000000	000000	000001	000000	000000	000000	000000
000055 000000	000000	000000	000001	000000	000000	000000	000000
000056 000000	000001	000000	000000	000000	000000	000000	000000
000057 000000	000000	000001	000000	000000	000000	000000	000000
000058 000000	000000	000000	000001	000000	000000	000000	000000
000059 000001	000000	000000	000000	000000	000000	000000	000000
000060 000000	000001	000000	000000	000000	000000	000000	000000
000061 000000	000000	000000	000000	000000	000000	000000	000000
000062 000000	000000	000000	000000	000000	000000	000000	000000
000063 000000	000000	000001	000000	000000	000000	000000	000000
000064 000000	000000	000000	000000	000000	000000	000000	000000
000065 000000	000000	000000	000000	000001	000000	000000	000000
000066 000000	000000	000001	000000	000000	000000	000000	000000
000067 000000	000000	000000	000000	000000	000000	000001	000000
000068 000000	000000	000000	000000	000000	000000	000000	000000
000069 000000	000000	000000	000000	000000	000001	000000	000000
000070 000000	000000	000000	000000	000000	000000	000000	000000
000071 000000	000000	000000	000000	000000	000000	000000	000000
000072 000000	000000	000000	000000	000000	000000	000000	000000
000073 000000	000000	000000	000000	000000	000000	000000	000000
000074 000001	000000	000000	000000	000000	000000	000000	000000
000075 000000	000000	000000	000000	000000	000000	000000	000000
000076 000000	000000	000000	000001	000000	000000	000000	000000
000077 000000	000000	000000	000000	000000	000000	000000	000001
000078 000000	000000	000000	000000	000001	000000	000000	000000
000079 000000	000000	000000	000000	000000	000001	000000	000000
000080 000000	000000	000000	000000	000000	000000	000000	000000
000081 000000	000000	000000	000000	000000	000000	000000	000000
000082 000000	000000	000000	000000	000001	000000	000000	000000
000083 000000	000000	000000	000000	000000	000000	000000	000000
000084 000000	000000	000001	000000	000000	000000	000000	000000
000085 000000	000000	000000	000000	000000	000000	000000	000000
000086 000000	000000	000000	000000	000000	000000	000000	000000
000087 000000	000000	000000	000000	000000	000000	000000	000000
000088 000000	000000	000000	000000	000000	000000	000000	000000
000089 000000	000000	000000	000000	000000	000000	000000	000000
000090 000000	000000	000000	000000	000000	000000	000000	000000
000091 000000	000000	000000	000000	000000	000000	000000	000000
000092 000000	000000	000000	000000	000000	000000	000000	000000
000093 000000	000000	000000	000000	000000	000000	000000	000000
000094 000000	000001	000000	000000	000000	000000	000000	000000
000095 000000	000000	000000	000000	000000	000000	000000	000000
000096 000000	000000	000000	000000	000000	000000	000000	000001
000097 000000	000000	000000	000000	000000	000000	000000	000000
000098 000000	000000	000000	000000	000000	000000	000000	000000
000099 000000	000000	000000	000000	000000	000000	000000	000000
000100 000000	000000	000000	000000	000000	000000	000000	000000
000101 000000	000000	000000	000000	000000	000000	000000	000000
000102 000000	000000	000000	000000	000000	000000	000000	000000
000103 000000	000000	000000	000000	000000	000000	000000	000000
000104 000000	000000	000000	000000	000000	000000	000000	000000
000105 000000	000000	000000	000000	000000	000000	000000	000000
000106 000000	000000	000000	000000	000000	000000	000000	000000
000107 000001	000000	000000	000000	000000	000000	000000	000001
000108 000000	000000	000000	000000	000000	000000	000000	000000
000109 000000	000000	000000	000000	000000	000000	000000	000000
000110 000001	000000	000000	000000	000000	000000	000000	000000
000111 000000	000000	000000	000000	000000	000000	000000	000000
000112 000000	000001	000000	000000	000000	000000	000000	000000
000113 000000	000000	000000	000000	000000	000000	000000	000000
000114 000000	000000	000000	000000	000000	000000	000000	000000
000115 000000	000000	000000	000000	000000	000000	000000	000000
000116 000000	000000	000000	000000	000000	000001	000000	000000
000117 000000	000000	000000	000000	000000	000000	000000	000000
000118 000000	000000	000000	000000	000000	000000	000000	000000
000119 000000	000000	000000	000000	000000	000000	000000	000000
000120 000000	000000	000000	000000	000000	000000	000000	000000
000121 000000	000000	000000	000000	000000	000000	000000	000000
000122 000000	000000	000000	000001	000000	000000	000000	000000
000123 000000	000000	000000	000000	000000	000000	000000	000000
000124 000000	000000	000000	000000	000000	000000	000000	000000
000125 000000	000000	000000	000000	000000	000000	000000	000001
000126 000000	000001	000000	000000	000000	000000	000000	000000
000127 000000	000000	000000	000000	000000	000000	000000	000000
000128 000000	000000	000000	000000	000000	000000	000000	000000
000129 000000	000000	000000	000000	000000	000000	000000	000001
000130 000000	000000	000000	000000	000000	000000	000000	000000
000131 000000	000000	000001	000000	000000	000000	000001	000000
000132 000000	000000	000000	000000	000000	000000	000000	000000
000133 000000	000000	000000	000000	000000	000000	000000	000000
000134 000000	000000	000000	000000	000000	000000	000000	000000
000135 000000	000000	000000	000000	000000	000000	000000	000000
000136 000000	000000	000000	000000	000000	000000	000000	000000
000137 000000	000000	000000	000000	000000	000000	000000	000000
000138 000000	000000	000000	000000	000000	000000	000000	000000
000139 000000	000000	000000	000000	000000	000000	000000	000000
000140 000000	000000	000000	000000	000000	000000	000000	000000
000141 000000	000000	000000	000000	000000	000000	000000	000000
000142 000000	000000	000000	000000	000000	000000	000000	000000
000143 000000	000000	000000	000000	000000	000000	000000	000000
000144 000000	000000	000000	000000	000000	000000	000000	000000
000145 000000	000000	000000	000000	000000	000000	000000	000000
000146 000000	000000	000000	000000	000000	000000	000000	000000
000147 000001	000000	000000	000000	000000	000000	000000	000000
000148 000000	000000	000000	000000	000000	000000	000000	000000
000149 000000	000000	000000	000000	000000	000000	000000	000000
000150 000000	000000	000000	000000	000000	000000	000000	000000
000151 000000	000000	000000	000000	000000	000000	000000	000000
000152 000000	000000	000000	000001	000000	000000	000000	000000
000153 000000	000000	000000	000000	000000	000000	000000	000000
000154 000000	000000	000000	000000	000000	000000	000000	000000
000155 000000	000000	000000	000000	000000	000000	000000	000000
000156 000000	000000	000000	000000	000000	000000	000000	000000
000157 000000	000000	000000	000000	000000	000000	000000	000000
000158 000000	000000	000000	000000	000000	000000	000000	000000
000159 000000	000000	000000	000000	000000	000000	000000	000000
000160 000000	000000	000000	000000	000000	000000	000000	000000
000161 000000	000000	000001	000000	000000	000000	000000	000000
000162 000000	000001	000000	000000	000000	000000	000000	000000
000163 000000	000000	000000	000000	000000	000000	000000	000000
000164 000000	000000	000000	000000	000000	000000	000000	000000
000165 000000	000000	000000	000000	000000	000000	000000	000000
000166 000000	000000	000000	000000	000000	000001	000000	000000
000167 000000	000000	000000	000000	000000	000000	000000	000000
000168 000000	000000	000000	000000	000000	000000	000000	000000
000169 000000	000000	000000	000000	000000	000000	000000	000000
000170 000001	000000	000000	000000	000000	000000	000000	000000
000171 000000	000000	000000	000000	000000	000000	000000	000000
000172 000000	000000	000000	000000	000000	000000	000000	000000
000173 000000	000000	000000	000000	000001	000000	000000	000000
000174 000000	000000	000000	000000	000000	000000	000000	000000
000175 000000	000000	000000	000000	000000	000000	000000	000000
000176 000000	000000	000000	000000	000000	000000	000000	000001
000177 000000	000000	000000	000000	000000	000000	000000	000000
000178 000000	000000	000000	000000	000000	000000	000000	000000
000179 000000	000000	000000	000000	000000	000000	000000	000000
000180 000000	000000	000000	000000	000000	000000	000000	000000
000181 000000	000000	000000	000000	000000	000000	000000	000000
000182 000000	000000	000000	000000	000000	000000	000000	000000
000183 000000	000000	000000	000000	000000	000000	000000	000000
000184 000000	000000	000000	000000	000000	000000	000000	000000
000185 000000	000000	000000	000000	000000	000000	000000	000000
000186 000000	000000	000000	000000	000000	000000	000000	000000
000187 000000	000000	000000	000000	000000	000000	000000	000000
000188 000000	000000	000000	000000	000000	000001	000000	000001
000189 000000	000000	000000	000000	000000	000000	000000	000000
000190 000000	000000	000000	000000	000000	000000	000000	000000
000191 000000	000000	000000	000000	000000	000000	000000	000000
000192 000000	000000	000000	000000	000000	000000	000000	000000
000193 000000	000000	000000	000000	000000	000000	000000	000000
000194 000000	000000	000000	000000	000000	000000	000000	000000
000195 000000	000000	000000	000000	000000	000000	000000	000000
000196 000000	000000	000000	000000	000000	000000	000000	000000
000197 000000	000000	000000	000000	000000	000000	000000	000000
000198 000000	000000	000000	000000	000000	000000	000000	000000
000199 000000	000001	000000	000000	000000	000000	000000	000000
000200 000000	000000	000000	000000	000000	000000	000000	000000
000201 000000	000000	000000	000000	000000	000000	000000	000000
000202 000000	000000	000000	000000	000000	000000	000000	000000
000203 000000	000000	000000	000000	000000	000000	000000	000000
000204 000000	000000	000000	000000	000000	000000	000000	000000
000205 000000	000000	000000	000000	000000	000000	000000	000000
000206 000000	000000	000000	000000	000000	000000	000000	000000
000207 000000	000000	000000	000000	000000	000000	000000	000000
000208 000000	000000	000000	000000	000000	000000	000000	000000
000209 000000	000000	000000	000000	000000	000000	000000	000000
000210 000000	000000	000000	000000	000000	000000	000001	000000
000211 000000	000000	000000	000000	000000	000000	000000	000000
000212 000000	000000	000000	000000	000000	000000	000000	000000
000213 000000	000000	000000	000000	000000	000000	000000	000000
000214 000000	000000	000000	000000	000000	000000	000000	000000
000215 000000	000000	000000	000000	000000	000000	000000	000000
000216 000000	000000	000000	000000	000000	000000	000000	000000
000217 000000	000000	000000	000000	000000	000000	000000	000000
000218 000000	000000	000000	000000	000000	000000	000000	000000
000219 000000	000000	000000	000000	000000	000000	000000	000000
000220 000000	000000	000000	000000	000000	000001	000000	000000
000221 000000	000000	000000	000000	000000	000000	000000	000000
000222 000000	000000	000000	000000	000000	000000	000000	000000
000223 000000	000001	000000	000000	000000	000000	000000	000000
000224 000000	000000	000000	000000	000000	000000	000000	000001
000225 000000	000000	000000	000000	000000	000000	000000	000000
000226 000000	000000	000000	000000	000000	000000	000000	000000
000227 000000	000000	000000	000000	000000	000000	000000	000000
000228 000000	000000	000000	000000	000000	000001	000000	000000
000229 000000	000000	000000	000000	000000	000000	000000	000000
000230 000000	000000	000000	000000	000000	000000	000000	000000
000231 000000	000000	000000	000000	000000	000000	000000	000000
000232 000000	000000	000000	000000	000000	000000	000000	000000
000233 000000	000000	000000	000000	000000	000000	000000	000000
000234 000000	000000	000000	000000	000000	000000	000000	000000
000235 000000	000000	000000	000000	000000	000000	000000	000000
000236 000000	000000	000000	000000	000000	000000	000000	000000
000237 000000	000000	000000	000000	000000	000001	000000	000000
000238 000001	000000	000000	000000	000000	000000	000000	000000
000239 000000	000000	000000	000000	000000	000000	000000	000000
000240 000000	000000	000000	000000	000000	000000	000000	000000
000241 000000	000000	000000	000000	000000	000000	000000	000000
000242 000000	000000	000000	000000	000000	000000	000000	000000
000243 000000	000000	000000	000000	000000	000000	000000	000000
000244 000000	000000	000000	000000	000000	000000	000000	000000
000245 000000	000000	000000	000000	000000	000000	000000	000000
000246 000000	000000	000000	000000	000000	000000	000000	000000
000247 000000	000000	000000	000000	000000	000000	000000	000000
000248 000000	000000	000000	000000	000000	000000	000000	000000
000249 000000	000000	000000	000000	000000	000000	000000	000000
000250 000000	000000	000000	000000	000000	000000	000000	000000
000251 000000	000000	000000	000000	000000	000000	000000	000000
000252 000000	000000	000000	000000	000000	000001	000000	000000
000253 000000	000000	000000	000000	000000	000000	000000	000000
000254 000000	000000	000000	000000	000000	000000	000000	000000
000255 000000	000000	000000	000000	000000	000000	000000	000000
000256 000000	000000	000000	000000	000000	000000	000000	000000
000257 000000	000000	000000	000000	000000	000000	000000	000000
000258 000000	000000	000000	000000	000000	000000	000001	000000
000259 000000	000000	000000	000000	000000	000000	000000	000000
000260 000000	000000	000000	000000	000000	000000	000000	000000
000261 000000	000000	000000	000000	000000	000000	000000	000000
000262 000000	000000	000000	000000	000000	000000	000000	000000
000263 000000	000000	000000	000000	000000	000000	000000	000000
000264 000000	000000	000000	000000	000000	000000	000000	000000
000265 000000	000000	000000	000000	000000	000000	000000	000000
000266 000000	000000	000000	000000	000000	000000	000000	000000
000267 000000	000000	000000	000000	000000	000000	000000	000000
000268 000000	000000	000000	000000	000000	000000	000000	000000
000269 000001	000000	000000	000000	000000	000000	000000	000000
000270 000000	000000	000000	000000	000000	000000	000000	000000
000271 000000	000000	000000	000000	000000	000000	000000	000000
000272 000000	000000	000000	000000	000000	000000	000000	000000
000273 000000	000000	000000	000000	000000	000000	000000	000000
000274 000000	000000	000000	000000	000000	000000	000000	000000
000275 000000	000000	000000	000000	000000	000000	000000	000001
000276 000000	000000	000000	000000	000000	000000	000000	000000
000277 000000	000000	000000	000000	000000	000000	000000	000000
000278 000000	000000	000000	000000	000000	000000	000000	000000
000279 000000	000000	000000	000000	000000	000000	000000	000000
000280 000000	000000	000000	000000	000000	000000	000000	000000
000281 000000	000000	000000	000000	000000	000000	000000	000000
000282 000000	000000	000000	000000	000000	000000	000000	000000
000283 000000	000000	000000	000000	000000	000000	000000	000000
000284 000000	000000	000000	000000	000000	000000	000000	000000
000285 000000	000000	000000	000000	000000	000000	000000	000000
000286 000000	000000	000000	000000	000000	000000	000000	000000
000287 000000	000000	000000	000000	000000	000001	000000	000000
000288 000000	000000	000000	000000	000000	000000	000000	000000
000289 000000	000000	000000	000000	000000	000000	000000	000000
000290 000000	000000	000000	000000	000000	000000	000000	000000
000291 000000	000001	000000	000000	000000	000000	000000	000000
000292 000000	000000	000000	000000	000000	000000	000000	000000
000293 000000	000000	000000	000000	000000	000000	000000	000000
000294 000000	000000	000000	000000	000000	000000	000000	000000
000295 000000	000000	000000	000000	000000	000000	000000	000000
000296 000000	000000	000000	000000	000000	000000	000000	000000
000297 000000	000000	000000	000000	000000	000000	000000	000000
000298 000000	000000	000000	000000	000000	000000	000000	000000
000299 000000	000000	000000	000000	000000	000000	000000	000000
000300 000000	000000	000000	000000	000000	000000	000000	000000
000301 000000	000000	000000	000000	000000	000001	000000	000000
000302 000000	000000	000000	000000	000000	000000	000000	000000
000303 000000	000000	000000	000000	000000	000000	000000	000000
000304 000000	000000	000000	000000	000000	000000	000000	000000
000305 000000	000000	000000	000000	000000	000001	000000	000000
000306 000000	000000	000000	000000	000000	000000	000000	000000
000307 000000	000000	000000	000000	000000	000000	000000	000000
000308 000000	000000	000000	000000	000000	000000	000000	000000
000309 000000	000000	000000	000000	000000	000000	000001	000000
000310 000000	000000	000000	000000	000000	000000	000000	000000
000311 000000	000000	000000	000000	000000	000000	000000	000000
000312 000000	000000	000000	000000	000000	000000	000000	000000
000313 000000	000000	000000	000000	000000	000000	000000	000000
000314 000000	000000	000000	000000	000000	000000	000000	000000
000315 000000	000000	000000	000000	000001	000000	000000	000000
000316 000000	000000	000000	000000	000000	000000	000000	000000
000317 000000	000000	000000	000000	000000	000000	000000	000000
000318 000000	000000	000000	000000	000000	000000	000000	000000
000319 000000	000000	000000	000000	000000	000000	000000	000000
000320 000000	000000	000000	000000	000000	000000	000000	000000
000321 000000	000000	000000	000000	000000	000000	000000	000000
000322 000000	000000	000000	000000	000000	000000	000000	000000
000323 000000	000000	000000	000000	000000	000002	000000	000000
000324 000000	000000	000000	000000	000000	000002	000000	000000
000325 000000	000000	000000	000000	000000	000003	000000	000000
000326 000000	000000	000000	000000	000000	000001	000000	000000
000327 000000	000000	000000	000000	000000	000004	000000	000000
000328 000000	000000	000000	000000	000000	000001	000000	000000
000329 000000	000000	000000	000000	000000	000000	000000	000001
000330 000000	000000	000000	000000	000000	000001	000000	000000
000331 000000	000000	000000	000000	000000	000002	000000	000000
000332 000000	000000	000000	000000	000000	000001	000000	000000
000333 000000	000000	000000	000000	000000	000002	000000	000000
000334 000000	000000	000000	000000	000000	000003	000000	000000
000335 000000	000000	000000	000000	000000	000001	000000	000000
000336 000000	000000	000000	000000	000000	000000	000000	000000
000337 000000	000000	000000	000000	000000	000000	000000	000000
000338 000000	000000	000000	000000	000000	000000	000000	000000
000339 000000	000000	000000	000000	000000	000000	000000	000000
000340 000000	000000	000000	000000	000000	000000	000000	000000
000341 000000	000000	000000	000000	000000	000000	000000	000000
000342 000000	000000	000000	000000	000000	000000	000000	000000
000343 000000	000000	000000	000000	000000	000000	000000	000000
000344 000000	000000	000000	000000	000000	000000	000000	000000
000345 000000	000000	000000	000000	000000	000000	000000	000000
000346 000000	000000	000000	000000	000000	000000	000000	000000
000347 000000	000000	000000	000000	000000	000000	000000	000000
000348 000000	000000	000000	000000	000000	000000	000000	000000
000349 000000	000000	000000	000000	000000	000000	000000	000000
000350 000000	000000	000000	000000	000000	000000	000000	000000
000351 000000	000000	000000	000000	000000	000000	000000	000000
000352 000000	000000	000000	000000	000000	000000	000000	000000
000353 000000	000000	000000	000000	000000	000000	000000	000000
000354 000000	000000	000000	000000	000000	000000	000000	000000
000355 000000	000000	000000	000000	000000	000000	000000	000000
000356 000000	000000	000000	000000	000000	000000	000000	000000
000357 000000	000000	000000	000000	000000	000000	000000	000000
000358 000000	000000	000000	000000	000000	000000	000000	000000
000359 000000	000000	000000	000000	000000	000000	000000	000000
000360 000000	000000	000000	000000	000000	000000	000000	000000
000361 000000	000000	000000	000000	000000	000000	000000	000000
000362 000000	000000	000000	000000	000000	000000	000000	000000
000363 000000	000000	000000	000000	000001	000000	000001	000000
000364 000000	000000	000000	000000	000000	000000	000000	000000
000365 000000	000000	000000	000000	000000	000000	000000	000000
000366 000000	000000	000000	000000	000000	000000	000000	000000
000367 000000	000000	000000	000000	000000	000000	000000	000000
000368 000000	000000	000000	000000	000000	000000	000000	000000
000369 000000	000000	000000	000000	000000	000000	000000	000000
000370 000000	000000	000000	000000	000000	000000	000000	000000
000371 000000	000000	000000	000000	000000	000000	000000	000000
000372 000000	000000	000000	000000	000000	000000	000000	000000
000373 000000	000000	000000	000000	000000	000000	000000	000000
000374 000000	000000	000000	000000	000000	000000	000000	000000
000375 000000	000000	000000	000000	000000	000000	000000	000000
000376 000000	000000	000000	000000	000000	000000	000000	000000
000377 000000	000000	000000	000000	000000	000000	000000	000000
000378 000000	000000	000000	000000	000000	000000	000000	000000
000379 000000	000000	000000	000000	000000	000000	000000	000000
000380 000000	000000	000000	000000	000000	000000	000000	000000
000381 000000	000000	000000	000000	000000	000000	000000	000000
000382 000000	000000	000000	000000	000000	000000	000000	000000
000383 000000	000000	000000	000000	000000	000000	000000	000000
000384 000000	000000	000000	000000	000000	000000	000000	000000
000385 000000	000000	000000	000000	000000	000000	000000	000000
000386 000000	000000	000000	000000	000000	000000	000000	000000
000387 000000	000000	000000	000000	000000	000000	000000	000000
000388 000000	000000	000000	000000	000000	000000	000000	000000
000389 000000	000000	000000	000000	000000	000000	000000	000000
000390 000000	000000	000000	000000	000000	000000	000000	000000
000391 000000	000000	000000	000000	000000	000000	000000	000000
000392 000000	000000	000000	000000	000000	000000	000000	000000
000393 000000	000000	000000	000000	000000	000000	000000	000000
000394 000000	000000	000000	000000	000000	000000	000000	000000
000395 000000	000000	000000	000000	000000	000000	000000	000000
000396 000000	000000	000000	000000	000000	000000	000000	000001
000397 000000	000001	000000	000000	000000	000000	000000	000000
000398 000000	000000	000000	000000	000000	000000	000000	000000
000399 000000	000000	000000	000000	000000	000000	000000	000000
# Total: 001799985 001799983 001799978 001799978 001799979 001799995 001799976 001799977
# Min Latencies: 00003 00004 00003 00003 00004 00004 00004 00003
# Avg Latencies: 00005 00005 00005 00005 00005 00005 00005 00005
# Max Latencies: 00785 00837 00677 00669 00582 00335 00477 00443
# Histogram Overflows: 00015 00014 00018 00018 00017 00000 00019 00018
# Histogram Overflow at cycle number:
# Thread 0: 06957 06959 08379 45838 252773 491732 491734 793218 793220 900920 981171 982192 1544764 1546988 1557783
# Thread 1: 06953 06955 08375 252769 491728 491730 793214 793216 900916 981167 982188 1544760 1546984 1557779
# Thread 2: 06953 06955 08375 45834 252769 491728 491730 793214 793216 852094 900916 980171 981166 981168 982188 1544760 1546984 1557778
# Thread 3: 06953 06955 08375 45834 252769 491728 491730 793214 793216 852094 900916 980171 981166 981168 982188 1544760 1546984 1557778
# Thread 4: 06953 08375 45834 252769 491728 491730 793214 793216 852094 900916 980171 981166 981168 982188 1413304 1544760 1557778
# Thread 5:
# Thread 6: 06952 08374 45833 252768 491726 491728 581785 793213 793215 852093 852859 980164 980170 981165 981167 982186 1413303 1544759 1557777
# Thread 7: 06952 08374 45833 252768 491726 491728 793213 793215 852093 852859 980164 980170 981165 981167 982186 1413303 1544759 1557777

