# /dev/cpu_dma_latency set to 0us
# Histogram
000000 000000	000000	000000	000000	000000	000000	000000	000000
000001 000000	000000	000000	000000	000000	000000	000000	000000
000002 000000	000000	000000	000000	000000	000000	000000	000000
000003 000000	000000	000000	000000	000000	000000	000000	000000
000004 000000	000000	000000	000000	000000	000000	000000	000000
000005 002066	000984	004847	007420	006390	006134	003496	005438
000006 520551	028831	472596	197815	140346	047118	056679	067426
000007 14282282	6448534	14490091	11105917	7955081	5149857	7428227	9538832
000008 10940254	17932623	10743153	13498107	14704533	11792494	16473441	15807466
000009 1098524	2728295	1159451	2134108	3858540	9664576	2948421	1466193
000010 820221	768381	781981	880391	1044169	1484898	918629	874224
000011 658215	376027	580791	627671	684657	343513	602232	632527
000012 261071	267085	292880	200149	255967	144884	220640	210642
000013 108800	112885	133041	074600	081195	085847	072699	092947
000014 069288	074554	086490	048432	042407	054555	045359	065301
000015 033298	046402	045521	022430	020445	023480	025002	033954
000016 004386	014016	008021	002259	004655	001936	004172	004180
000017 000414	000768	000533	000213	001011	000292	000458	000346
000018 000188	000198	000206	000110	000261	000137	000178	000154
000019 000069	000068	000055	000031	000072	000039	000078	000061
000020 000023	000019	000026	000010	000026	000014	000022	000023
000021 000014	000008	000019	000006	000014	000014	000014	000022
000022 000009	000007	000021	000005	000004	000008	000006	000007
000023 000003	000002	000007	000004	000002	000002	000005	000008
000024 000003	000000	000002	000000	000002	000002	000000	000002
000025 000002	000002	000000	000001	000004	000003	000000	000003
000026 000003	000000	000002	000000	000000	000001	000000	000000
000027 000001	000001	000003	000002	000001	000000	000001	000001
000028 000001	000002	000000	000001	000001	000002	000002	000001
000029 000001	000000	000002	000001	000001	000000	000002	000001
000030 000001	000001	000000	000001	000001	000000	000002	000000
000031 000002	000000	000000	000000	000002	000000	000000	000002
000032 000001	000000	000001	000000	000000	000002	000000	000000
000033 000000	000000	000000	000001	000001	000001	000001	000001
000034 000000	000000	000001	000001	000000	000000	000000	000000
000035 000000	000000	000000	000000	000000	000000	000000	000000
000036 000001	000002	000001	000001	000001	000000	000000	000000
000037 000000	000000	000000	000002	000001	000000	000001	000000
000038 000001	000000	000002	000000	000000	000000	000000	000001
000039 000002	000000	000000	000000	000000	000000	000000	000000
000040 000001	000000	000002	000000	000001	000000	000001	000001
000041 000003	000001	000000	000000	000000	000001	000000	000001
000042 000001	000001	000002	000001	000000	000000	000000	000000
000043 000000	000001	000003	000000	000000	000002	000001	000000
000044 000000	000002	000000	000001	000001	000000	000000	000001
000045 000001	000001	000001	000000	000000	000001	000000	000002
000046 000000	000002	000001	000001	000000	000000	000000	000001
000047 000000	000001	000001	000001	000002	000002	000000	000000
000048 000000	000000	000000	000001	000001	000000	000002	000001
000049 000001	000001	000002	000002	000002	000000	000000	000002
000050 000001	000000	000000	000000	000001	000000	000001	000002
000051 000002	000000	000000	000000	000001	000000	000001	000000
000052 000002	000000	000000	000000	000000	000000	000000	000001
000053 000000	000000	000001	000001	000001	000000	000000	000001
000054 000001	000001	000000	000000	000000	000000	000002	000000
000055 000000	000003	000000	000000	000000	000000	000001	000000
000056 000000	000002	000001	000001	000001	000000	000001	000001
000057 000000	000000	000002	000002	000001	000003	000000	000000
000058 000001	000000	000001	000000	000000	000000	000003	000000
000059 000000	000001	000000	000001	000001	000001	000000	000000
000060 000000	000000	000000	000000	000001	000000	000001	000000
000061 000000	000000	000000	000001	000001	000001	000001	000000
000062 000001	000000	000000	000001	000001	000001	000001	000000
000063 000000	000001	000001	000001	000000	000000	000001	000001
000064 000000	000000	000000	000001	000000	000000	000000	000001
000065 000001	000000	000001	000000	000001	000000	000001	000000
000066 000000	000000	000000	000000	000000	000000	000000	000000
000067 000000	000001	000000	000000	000001	000000	000000	000000
000068 000001	000000	000000	000000	000000	000000	000000	000001
000069 000001	000000	000002	000000	000001	000000	000000	000001
000070 000000	000001	000000	000000	000000	000000	000000	000000
000071 000001	000000	000001	000000	000000	000000	000000	000001
000072 000001	000000	000002	000000	000000	000000	000001	000001
000073 000002	000000	000001	000000	000000	000001	000000	000002
000074 000002	000001	000000	000001	000000	000001	000001	000000
000075 000001	000000	000000	000000	000000	000001	000000	000002
000076 000000	000001	000000	000001	000001	000001	000001	000001
000077 000000	000002	000001	000000	000000	000001	000000	000000
000078 000001	000002	000000	000000	000000	000000	000001	000000
000079 000000	000002	000001	000001	000000	000000	000001	000001
000080 000000	000000	000001	000000	000000	000000	000000	000000
000081 000001	000000	000001	000001	000000	000000	000002	000000
000082 000000	000000	000000	000001	000000	000000	000000	000001
000083 000000	000001	000002	000001	000000	000000	000002	000000
000084 000000	000000	000000	000001	000001	000001	000000	000001
000085 000002	000001	000000	000000	000001	000001	000001	000000
000086 000000	000000	000001	000001	000000	000000	000001	000002
000087 000000	000000	000000	000000	000000	000000	000000	000000
000088 000001	000000	000001	000000	000000	000001	000000	000000
000089 000002	000001	000001	000000	000000	000000	000001	000000
000090 000000	000001	000000	000000	000001	000000	000000	000000
000091 000000	000000	000000	000000	000001	000000	000000	000000
000092 000000	000000	000000	000000	000000	000000	000000	000001
000093 000001	000002	000000	000002	000000	000000	000001	000001
000094 000000	000001	000000	000001	000000	000002	000001	000001
000095 000001	000000	000000	000001	000001	000000	000002	000000
000096 000000	000000	000000	000000	000000	000000	000000	000000
000097 000001	000000	000000	000000	000000	000000	000000	000000
000098 000001	000001	000000	000001	000000	000000	000000	000001
000099 000000	000001	000000	000001	000000	000000	000000	000000
000100 000000	000000	000000	000000	000001	000000	000000	000000
000101 000000	000000	000000	000000	000000	000000	000001	000001
000102 000001	000001	000000	000000	000001	000000	000000	000001
000103 000002	000000	000001	000000	000001	000000	000001	000000
000104 000000	000000	000001	000001	000000	000000	000000	000000
000105 000001	000000	000002	000000	000000	000000	000000	000001
000106 000001	000000	000001	000000	000000	000000	000000	000000
000107 000000	000002	000000	000000	000000	000000	000000	000001
000108 000001	000001	000000	000000	000000	000000	000000	000000
000109 000001	000001	000001	000002	000000	000000	000000	000001
000110 000000	000001	000000	000000	000000	000000	000000	000001
000111 000000	000000	000000	000000	000001	000000	000000	000000
000112 000004	000001	000000	000002	000000	000000	000000	000000
000113 000001	000000	000001	000000	000000	000000	000000	000000
000114 000000	000001	000000	000000	000000	000001	000000	000000
000115 000000	000000	000002	000000	000001	000000	000000	000002
000116 000001	000002	000001	000000	000000	000000	000000	000000
000117 000001	000002	000000	000002	000000	000000	000002	000000
000118 000000	000001	000000	000000	000000	000000	000000	000000
000119 000001	000000	000000	000001	000000	000000	000002	000000
000120 000000	000001	000000	000000	000000	000001	000000	000000
000121 000000	000000	000000	000001	000000	000000	000000	000000
000122 000000	000001	000000	000002	000000	000000	000000	000000
000123 000002	000000	000001	000001	000002	000000	000000	000000
000124 000000	000001	000000	000000	000000	000000	000002	000000
000125 000000	000000	000000	000001	000000	000000	000001	000000
000126 000000	000001	000001	000000	000000	000000	000001	000000
000127 000000	000001	000000	000000	000001	000000	000000	000000
000128 000001	000000	000000	000001	000000	000000	000001	000000
000129 000001	000000	000000	000000	000000	000000	000000	000000
000130 000000	000000	000000	000000	000000	000000	000000	000000
000131 000001	000000	000000	000000	000000	000000	000000	000001
000132 000000	000001	000000	000001	000001	000000	000000	000001
000133 000002	000001	000000	000000	000000	000000	000000	000001
000134 000000	000000	000000	000000	000000	000000	000000	000000
000135 000000	000001	000000	000000	000000	000000	000000	000001
000136 000001	000000	000000	000000	000001	000000	000000	000000
000137 000001	000002	000001	000000	000001	000000	000000	000000
000138 000001	000000	000001	000000	000001	000000	000000	000000
000139 000001	000000	000003	000000	000000	000000	000000	000000
000140 000000	000000	000000	000000	000000	000000	000001	000000
000141 000000	000002	000000	000000	000000	000000	000001	000001
000142 000000	000000	000000	000000	000000	000001	000000	000000
000143 000000	000001	000001	000000	000000	000001	000001	000000
000144 000000	000001	000000	000000	000000	000003	000001	000001
000145 000001	000000	000000	000000	000000	000000	000000	000000
000146 000000	000000	000001	000001	000001	000000	000000	000000
000147 000000	000000	000000	000000	000000	000000	000000	000000
000148 000000	000000	000000	000001	000001	000000	000000	000000
000149 000000	000000	000001	000002	000002	000000	000000	000000
000150 000000	000001	000000	000002	000000	000000	000000	000000
000151 000000	000000	000000	000000	000001	000001	000000	000000
000152 000000	000000	000001	000001	000000	000000	000001	000000
000153 000001	000000	000001	000000	000001	000000	000000	000000
000154 000000	000000	000000	000000	000000	000001	000001	000000
000155 000000	000000	000000	000000	000000	000000	000000	000001
000156 000001	000000	000000	000001	000000	000000	000000	000000
000157 000000	000000	000000	000001	000000	000001	000000	000000
000158 000001	000001	000001	000000	000000	000000	000000	000000
000159 000001	000000	000000	000001	000000	000000	000000	000000
000160 000001	000001	000001	000003	000000	000000	000000	000000
000161 000000	000000	000000	000000	000000	000001	000000	000000
000162 000000	000001	000000	000000	000000	000000	000000	000000
000163 000000	000001	000001	000000	000000	000000	000000	000001
000164 000000	000001	000000	000000	000001	000000	000000	000001
000165 000000	000000	000000	000000	000000	000000	000001	000002
000166 000000	000000	000001	000001	000000	000000	000000	000001
000167 000001	000000	000000	000000	000000	000000	000000	000000
000168 000000	000000	000002	000001	000001	000001	000000	000000
000169 000000	000000	000000	000000	000000	000000	000000	000000
000170 000000	000000	000000	000000	000000	000000	000000	000000
000171 000001	000001	000000	000000	000000	000000	000000	000000
000172 000000	000000	000000	000000	000001	000001	000000	000000
000173 000000	000000	000000	000000	000001	000000	000001	000000
000174 000001	000000	000000	000002	000001	000001	000002	000000
000175 000000	000001	000000	000000	000001	000000	000001	000001
000176 000001	000000	000002	000000	000001	000000	000001	000000
000177 000000	000000	000001	000001	000001	000001	000000	000000
000178 000000	000000	000000	000000	000000	000000	000000	000000
000179 000001	000001	000000	000000	000001	000000	000000	000001
000180 000000	000000	000001	000001	000001	000000	000000	000000
000181 000000	000001	000000	000001	000000	000001	000000	000001
000182 000000	000000	000001	000001	000000	000000	000000	000001
000183 000000	000000	000000	000000	000000	000000	000000	000000
000184 000001	000001	000000	000000	000000	000000	000001	000000
000185 000000	000000	000000	000000	000000	000001	000000	000000
000186 000000	000000	000001	000000	000000	000000	000000	000001
000187 000001	000000	000001	000001	000000	000000	000000	000000
000188 000001	000000	000000	000000	000000	000000	000001	000000
000189 000000	000001	000000	000000	000000	000000	000000	000001
000190 000000	000000	000000	000001	000002	000000	000000	000000
000191 000001	000001	000000	000000	000000	000001	000000	000000
000192 000000	000001	000001	000000	000000	000000	000002	000000
000193 000001	000000	000001	000000	000000	000001	000000	000001
000194 000001	000000	000000	000001	000000	000000	000000	000001
000195 000000	000000	000001	000000	000000	000000	000000	000000
000196 000000	000001	000001	000000	000001	000000	000001	000001
000197 000000	000000	000001	000000	000000	000001	000000	000000
000198 000000	000001	000000	000000	000001	000000	000000	000000
000199 000000	000001	000000	000001	000000	000000	000001	000001
000200 000000	000000	000000	000000	000000	000000	000000	000000
000201 000000	000000	000001	000000	000000	000001	000000	000000
000202 000000	000000	000000	000000	000001	000000	000000	000001
000203 000000	000000	000000	000001	000000	000000	000001	000000
000204 000000	000000	000001	000000	000001	000000	000001	000001
000205 000001	000000	000000	000001	000000	000000	000000	000001
000206 000000	000000	000000	000000	000001	000000	000001	000001
000207 000000	000000	000000	000001	000000	000001	000000	000000
000208 000000	000000	000000	000000	000000	000000	000001	000000
000209 000001	000000	000001	000000	000001	000001	000000	000000
000210 000000	000001	000000	000001	000000	000000	000000	000001
000211 000000	000000	000000	000001	000000	000000	000000	000000
000212 000002	000000	000000	000001	000000	000000	000001	000001
000213 000001	000000	000000	000000	000001	000000	000000	000000
000214 000000	000001	000000	000000	000001	000000	000002	000001
000215 000001	000000	000000	000001	000000	000001	000000	000000
000216 000000	000001	000000	000000	000000	000000	000001	000000
000217 000001	000001	000001	000000	000000	000000	000000	000000
000218 000000	000001	000000	000001	000000	000000	000000	000001
000219 000000	000000	000000	000001	000000	000000	000000	000000
000220 000000	000001	000001	000000	000000	000000	000000	000000
000221 000000	000001	000000	000000	000000	000000	000000	000002
000222 000000	000000	000001	000000	000000	000001	000001	000000
000223 000000	000000	000001	000000	000000	000000	000000	000000
000224 000001	000000	000001	000000	000000	000000	000001	000001
000225 000000	000000	000000	000000	000000	000001	000000	000001
000226 000000	000000	000000	000000	000000	000000	000000	000000
000227 000000	000000	000000	000001	000000	000000	000000	000000
000228 000000	000000	000000	000000	000000	000002	000001	000001
000229 000000	000001	000000	000001	000000	000000	000000	000000
000230 000001	000000	000000	000000	000000	000000	000001	000001
000231 000000	000000	000001	000000	000000	000000	000000	000000
000232 000000	000000	000000	000000	000000	000000	000000	000000
000233 000000	000000	000000	000000	000000	000000	000000	000000
000234 000000	000001	000000	000000	000000	000001	000001	000000
000235 000000	000000	000001	000000	000001	000000	000001	000000
000236 000000	000000	000000	000000	000000	000000	000000	000001
000237 000000	000000	000000	000000	000001	000001	000000	000000
000238 000000	000000	000001	000001	000000	000000	000000	000000
000239 000000	000000	000000	000000	000000	000000	000000	000000
000240 000001	000000	000000	000000	000000	000000	000001	000000
000241 000000	000000	000001	000001	000000	000001	000000	000000
000242 000000	000000	000000	000000	000000	000000	000000	000000
000243 000001	000000	000001	000000	000000	000000	000000	000001
000244 000000	000001	000000	000001	000000	000001	000000	000000
000245 000000	000000	000000	000000	000000	000000	000000	000000
000246 000000	000000	000000	000000	000001	000000	000001	000001
000247 000000	000000	000000	000000	000000	000000	000000	000000
000248 000002	000001	000000	000001	000000	000000	000000	000000
000249 000000	000000	000000	000001	000000	000001	000000	000002
000250 000000	000000	000000	000000	000000	000000	000000	000000
000251 000000	000000	000000	000000	000000	000000	000000	000001
000252 000001	000001	000001	000000	000000	000000	000000	000000
000253 000003	000001	000000	000000	000000	000000	000001	000000
000254 000000	000000	000000	000000	000000	000000	000000	000000
000255 000000	000000	000000	000000	000000	000000	000000	000000
000256 000000	000001	000001	000000	000000	000000	000001	000000
000257 000000	000001	000000	000000	000000	000001	000000	000000
000258 000001	000002	000002	000000	000000	000000	000000	000001
000259 000000	000000	000000	000000	000000	000000	000002	000000
000260 000000	000000	000000	000000	000000	000000	000001	000000
000261 000000	000000	000000	000000	000000	000000	000000	000001
000262 000001	000000	000000	000000	000000	000000	000000	000000
000263 000000	000001	000000	000001	000000	000001	000000	000000
000264 000000	000000	000000	000001	000000	000000	000000	000000
000265 000000	000000	000000	000000	000000	000000	000000	000001
000266 000000	000001	000000	000000	000000	000000	000000	000000
000267 000000	000000	000000	000000	000000	000000	000000	000000
000268 000000	000000	000000	000000	000001	000000	000001	000000
000269 000000	000000	000000	000001	000000	000000	000000	000001
000270 000000	000000	000001	000000	000001	000000	000000	000001
000271 000000	000000	000000	000000	000000	000000	000001	000000
000272 000000	000000	000000	000000	000000	000000	000000	000000
000273 000000	000000	000000	000000	000000	000000	000000	000000
000274 000000	000000	000000	000000	000001	000000	000000	000000
000275 000000	000000	000000	000000	000000	000000	000000	000000
000276 000000	000000	000002	000000	000000	000000	000000	000000
000277 000001	000000	000000	000001	000000	000000	000000	000000
000278 000000	000000	000001	000000	000000	000000	000000	000000
000279 000000	000000	000000	000000	000001	000000	000001	000000
000280 000001	000000	000000	000000	000000	000000	000001	000000
000281 000000	000001	000000	000000	000000	000000	000000	000000
000282 000000	000000	000001	000000	000000	000001	000000	000000
000283 000001	000000	000000	000000	000000	000001	000000	000000
000284 000000	000001	000000	000000	000000	000000	000000	000002
000285 000000	000000	000000	000000	000000	000000	000000	000000
000286 000001	000000	000000	000000	000000	000001	000000	000000
000287 000000	000001	000000	000000	000001	000000	000000	000001
000288 000001	000000	000001	000000	000000	000000	000000	000000
000289 000000	000000	000000	000000	000000	000000	000000	000000
000290 000003	000000	000000	000001	000000	000000	000000	000000
000291 000000	000001	000000	000000	000000	000000	000000	000000
000292 000000	000001	000000	000000	000000	000000	000000	000000
000293 000000	000000	000000	000001	000000	000000	000001	000000
000294 000000	000002	000000	000000	000001	000000	000001	000000
000295 000000	000001	000000	000000	000000	000000	000000	000000
000296 000000	000000	000000	000000	000000	000000	000001	000000
000297 000000	000000	000000	000000	000000	000000	000000	000000
000298 000001	000000	000000	000000	000000	000000	000000	000001
000299 000000	000000	000000	000000	000000	000000	000000	000000
000300 000000	000000	000000	000000	000001	000000	000000	000000
000301 000000	000000	000000	000001	000000	000000	000000	000000
000302 000000	000001	000000	000002	000000	000000	000000	000000
000303 000000	000000	000000	000002	000001	000000	000000	000001
000304 000001	000000	000001	000000	000000	000000	000000	000000
000305 000000	000000	000000	000000	000000	000000	000000	000001
000306 000000	000000	000000	000000	000000	000000	000000	000000
000307 000000	000000	000000	000000	000000	000000	000000	000000
000308 000000	000000	000000	000000	000000	000000	000001	000000
000309 000000	000001	000000	000000	000001	000000	000000	000000
000310 000000	000000	000000	000000	000000	000000	000000	000000
000311 000000	000000	000000	000001	000001	000000	000000	000000
000312 000000	000000	000000	000000	000000	000000	000000	000000
000313 000000	000000	000000	000000	000000	000000	000000	000000
000314 000000	000000	000001	000000	000000	000000	000000	000000
000315 000000	000000	000000	000000	000000	000000	000001	000000
000316 000000	000000	000001	000000	000000	000000	000000	000000
000317 000000	000000	000001	000000	000000	000000	000000	000000
000318 000000	000000	000001	000000	000000	000000	000000	000000
000319 000000	000000	000000	000000	000000	000000	000000	000000
000320 000000	000000	000000	000000	000000	000001	000000	000000
000321 000000	000000	000000	000001	000000	000000	000000	000000
000322 000000	000000	000001	000001	000000	000000	000000	000000
000323 000000	000000	000000	000001	000001	000001	000000	000000
000324 000000	000000	000000	000000	000000	000000	000000	000000
000325 000000	000000	000000	000002	000001	000000	000000	000000
000326 000000	000000	000001	000000	000000	000000	000000	000000
000327 000000	000000	000000	000001	000000	000000	000000	000000
000328 000000	000000	000000	000000	000001	000001	000000	000000
000329 000001	000000	000000	000001	000001	000000	000000	000000
000330 000000	000000	000000	000000	000000	000000	000000	000000
000331 000000	000000	000000	000001	000000	000000	000000	000000
000332 000000	000000	000000	000000	000000	000001	000000	000000
000333 000000	000000	000000	000000	000000	000000	000000	000001
000334 000000	000001	000000	000000	000000	000000	000000	000000
000335 000001	000000	000000	000000	000000	000000	000000	000000
000336 000000	000000	000000	000000	000000	000000	000000	000000
000337 000000	000000	000000	000000	000000	000000	000000	000000
000338 000000	000001	000000	000001	000000	000000	000000	000000
000339 000000	000000	000000	000000	000000	000000	000000	000000
000340 000000	000000	000000	000000	000001	000001	000000	000000
000341 000000	000000	000001	000000	000000	000000	000000	000000
000342 000002	000000	000000	000000	000000	000000	000000	000000
000343 000000	000000	000000	000000	000000	000000	000000	000000
000344 000000	000000	000000	000000	000000	000000	000000	000001
000345 000000	000000	000000	000000	000000	000000	000000	000000
000346 000000	000000	000000	000000	000000	000000	000000	000001
000347 000000	000002	000001	000000	000000	000001	000000	000000
000348 000000	000000	000000	000000	000000	000000	000000	000001
000349 000001	000000	000000	000000	000000	000000	000000	000000
000350 000001	000000	000001	000000	000000	000000	000000	000000
000351 000000	000000	000000	000000	000000	000000	000000	000000
000352 000000	000000	000001	000000	000000	000000	000000	000000
000353 000000	000001	000001	000000	000000	000000	000000	000001
000354 000000	000000	000001	000001	000001	000000	000001	000000
000355 000000	000001	000000	000000	000000	000001	000000	000000
000356 000000	000000	000000	000000	000000	000000	000000	000000
000357 000000	000000	000000	000000	000000	000000	000000	000000
000358 000001	000000	000000	000000	000000	000000	000001	000000
000359 000000	000000	000000	000000	000000	000001	000000	000000
000360 000000	000000	000000	000000	000000	000001	000000	000000
000361 000000	000000	000000	000000	000000	000000	000000	000000
000362 000000	000001	000001	000000	000001	000000	000000	000000
000363 000000	000000	000000	000000	000000	000000	000001	000000
000364 000000	000000	000000	000000	000000	000000	000000	000000
000365 000000	000000	000000	000000	000000	000000	000000	000000
000366 000000	000000	000000	000000	000000	000000	000000	000000
000367 000000	000000	000000	000000	000000	000001	000000	000000
000368 000000	000000	000000	000000	000000	000000	000000	000000
000369 000001	000000	000001	000000	000000	000000	000000	000000
000370 000000	000000	000000	000000	000000	000000	000000	000000
000371 000000	000000	000000	000000	000000	000000	000000	000000
000372 000000	000000	000000	000000	000000	000000	000000	000000
000373 000000	000000	000000	000000	000001	000000	000000	000000
000374 000000	000001	000000	000000	000000	000000	000000	000000
000375 000000	000000	000000	000000	000000	000001	000000	000001
000376 000000	000000	000000	000000	000000	000000	000000	000000
000377 000000	000000	000000	000000	000000	000000	000000	000000
000378 000001	000000	000000	000000	000000	000000	000000	000000
000379 000001	000000	000000	000000	000000	000000	000000	000000
000380 000000	000000	000000	000001	000000	000000	000000	000001
000381 000000	000000	000000	000001	000000	000000	000000	000002
000382 000000	000000	000000	000000	000000	000000	000000	000000
000383 000000	000001	000000	000000	000000	000000	000000	000000
000384 000000	000001	000000	000000	000000	000000	000001	000000
000385 000000	000000	000000	000000	000000	000000	000000	000000
000386 000000	000000	000000	000000	000000	000000	000000	000000
000387 000000	000000	000000	000000	000000	000000	000000	000000
000388 000000	000000	000000	000000	000000	000000	000001	000001
000389 000000	000000	000000	000000	000000	000000	000000	000000
000390 000000	000000	000000	000000	000000	000000	000001	000000
000391 000000	000000	000000	000000	000000	000000	000002	000000
000392 000000	000000	000000	000000	000000	000000	000000	000000
000393 000001	000000	000000	000000	000000	000000	000000	000000
000394 000000	000000	000000	000000	000000	000000	000000	000000
000395 000000	000000	000000	000000	000000	000000	000000	000000
000396 000000	000000	000000	000000	000000	000000	000000	000001
000397 000000	000001	000000	000000	000000	000000	000000	000000
000398 000000	000000	000001	000001	000000	000000	000001	000000
000399 000000	000000	000000	000000	000000	000000	000000	000000
# Total: 028799814 028799816 028799857 028799800 028799874 028799880 028799869 028799869
# Min Latencies: 00005 00005 00005 00005 00005 00005 00005 00005
# Avg Latencies: 00007 00008 00007 00007 00008 00008 00008 00007
# Max Latencies: 00694 00699 00758 00564 00889 00763 00794 00784
# Histogram Overflows: 00186 00178 00137 00198 00124 00113 00123 00122
# Histogram Overflow at cycle number:
# Thread 0: 61970 61971 61972 531290 531291 1234305 1234306 1234307 2952623 3967147 4081737 4081738 4081739 4081740 4216051 4313834 4313835 4313836 4313837 4331353 4331354 4331860 4331861 4331865 4331866 4332352 4332353 4332598 4332599 4332600 4332601 4332606 4332607 4332608 4332609 4332854 4332856 4332859 4332861 4332876 4332877 4332878 4332879 4332880 4332881 4332882 4332883 4335353 4335354 4335355 4335357 4335358 6694499 6694500 10279136 10279137 10279229 13712243 13749214 13795282 13861912 14145857 14145858 14976802 14976803 15000829 15000831 15741597 15741598 15743053 15743055 16028767 16054283 16127432 17191052 17191053 17206522 17206525 17206528 17206530 17206532 17206533 17206534 17206536 18181952 21956522 21956523 21956524 21956525 21956526 21956527 21956528 21956529 21956533 21956534 21956535 21956536 21956537 21956538 21956539 21956540 21956541 21956543 21956545 21956547 21956549 21956551 21956552 21956553 21956554 21956555 21956556 21956557 21956558 21956559 21956560 21956561 21956562 21956563 21956567 21956568 21956569 21956571 22919310 22919311 23794178 23821656 23823469 23823470 23836522 23836525 23836529 23836531 23836533 23836535 23836537 23836538 23836540 23836542 23836544 24874347 24875348 24876522 24876524 24876526 24876528 24876530 24876537 24876539 24876542 24876543 24876544 24876597 24876598 24876599 24880097 24880099 24880100 24880101 24880102 24880103 24880104 27143324 27179146 27207787 27410311 27483991 28762490 28762491 28763434 28776516 28776518 28776519 28776521 28776522 28776523 28776524 28776526 28776527 28776528 28776530 28776531 28776533 28776534 28776538 28776539
# Thread 1: 61963 61964 61965 531283 531284 1234298 1234299 1234300 2952616 3967140 4081730 4081731 4081732 4216044 4313827 4313828 4313830 4331346 4331347 4331854 4331858 4331859 4332345 4332346 4332591 4332592 4332593 4332594 4332599 4332600 4332601 4332602 4332847 4332849 4332852 4332854 4332869 4332870 4332871 4332872 4332873 4332874 4332875 4332876 4335346 4335347 4335348 4335350 4335351 6694492 6694493 10279129 10279130 10279222 13712236 13749207 13795275 13861905 14145850 14145851 14976796 15000822 15000824 15741591 15743046 15743048 16028760 16054276 16127425 17191046 17206515 17206518 17206521 17206523 17206525 17206526 17206527 17206529 18181945 21956515 21956516 21956517 21956518 21956519 21956520 21956521 21956522 21956526 21956527 21956528 21956529 21956530 21956531 21956532 21956534 21956536 21956538 21956540 21956542 21956544 21956545 21956546 21956547 21956548 21956549 21956550 21956551 21956552 21956553 21956554 21956555 21956556 21956560 21956562 21956564 22919303 22919304 23794171 23821649 23823462 23823463 23836515 23836518 23836522 23836524 23836526 23836528 23836530 23836531 23836533 23836535 23836537 24874340 24875341 24876515 24876517 24876519 24876521 24876523 24876530 24876532 24876535 24876536 24876537 24876590 24876591 24876592 24880090 24880092 24880093 24880094 24880095 24880096 24880097 27143317 27179139 27207780 27410304 27483984 27509530 28762484 28763427 28776509 28776511 28776512 28776514 28776515 28776516 28776517 28776519 28776520 28776521 28776523 28776524 28776526 28776527 28776531 28776532
# Thread 2: 61963 61965 531284 1234298 1234300 2952616 3967140 4081730 4081732 4216044 4313827 4313829 4313830 4331346 4331347 4331853 4331858 4332345 4332346 4332591 4332593 4332594 4332599 4332600 4332602 4332852 4332854 4332869 4332871 4332872 4332874 4332876 4335346 4335348 4335350 6057910 6078487 6694492 6694494 10279130 10279222 13712236 13749207 13795275 13861896 14145850 14976795 15000822 15000824 15741590 15741591 15743046 15743048 16028760 16054276 16127425 17191045 17191046 17206515 17206521 17206523 17206525 17206526 17206529 18181945 21956515 21956517 21956519 21956521 21956526 21956528 21956530 21956532 21956534 21956536 21956538 21956540 21956542 21956544 21956547 21956549 21956551 21956553 21956555 21956560 21956562 21956564 22919304 23794171 23821649 23823462 23836515 23836518 23836522 23836524 23836526 23836528 23836530 23836533 23836535 23836537 24874340 24875341 24876515 24876517 24876519 24876521 24876523 24876530 24876532 24876535 24876536 24876537 24876590 24876591 24880090 24880092 24880094 24880096 27198548 27207780 27410304 27483984 28762483 28763427 28776509 28776511 28776514 28776516 28776517 28776519 28776520 28776521 28776523 28776527 28776528 28776531
# Thread 3: 61968 61969 61970 531288 531289 758234 1234303 1234304 1234305 2952621 3967145 3975281 3985607 4081735 4081736 4081737 4081738 4216048 4216049 4312095 4313832 4313833 4313834 4313835 4331351 4331352 4331857 4331858 4331859 4331860 4331863 4331864 4332351 4332596 4332597 4332598 4332599 4332604 4332605 4332606 4332607 4332852 4332854 4332857 4332859 4332874 4332877 4332878 4332879 4332880 4335351 4335352 4335353 4335355 4335356 6126039 6694497 6694498 10279134 10279135 10279226 10279227 13712240 13712241 13749212 13786082 13795280 13859779 13861910 14127336 14145855 14145856 14976800 14976801 15000827 15000829 15741595 15741596 15743050 15743051 15743053 16028765 16101399 16129020 17191050 17191051 17206520 17206525 17206526 17206528 17206531 17206532 17206534 21956520 21956521 21956522 21956523 21956524 21956525 21956526 21956527 21956531 21956532 21956533 21956534 21956535 21956536 21956537 21956538 21956539 21956541 21956543 21956545 21956547 21956549 21956550 21956551 21956552 21956553 21956554 21956555 21956556 21956557 21956558 21956559 21956560 21956561 21956565 21956566 21956567 21956569 22919308 22919309 23794176 23821654 23823466 23823467 23823468 23836519 23836520 23836523 23836527 23836529 23836531 23836533 23836535 23836536 23836538 23836540 23836542 23836543 23836545 24874345 24875346 24876520 24876522 24876524 24876526 24876528 24876530 24876535 24876537 24876541 24876542 24876595 24876596 24876597 24880095 24880097 24880098 24880099 24880100 24880101 24880102 27143322 27179144 27207785 27410309 27483989 27509535 28762488 28762489 28763432 28776514 28776517 28776519 28776520 28776521 28776522 28776525 28776526 28776528 28776529 28776530 28776531 28776532 28776536 28776537
# Thread 4: 61967 61969 531288 1234302 1234304 2934185 2952620 2952622 3967144 3975289 4081734 4081736 4216048 4312101 4313832 4313834 4331351 4331857 4331862 4331864 4332349 4332596 4332598 4332602 4332604 4332606 4332856 4332858 4332873 4332875 4332877 4332879 4335350 4335352 4335354 6057914 6694496 6694498 10279134 13749211 13786082 13795279 13861900 13861911 14145854 14976799 15000826 15000828 15741594 15743050 15743052 16054280 16127429 17191049 17206519 17206521 17206523 17206525 17206527 17206530 17206533 21956519 21956521 21956523 21956525 21956530 21956532 21956534 21956536 21956538 21956540 21956542 21956544 21956546 21956549 21956551 21956553 21956555 21956557 21956559 21956564 21956566 21956568 22919308 23794175 23821653 23823466 23836519 23836521 23836526 23836528 23836530 23836532 23836535 23836537 23836539 24874344 24876519 24876521 24876523 24876525 24876527 24876530 24876534 24876536 24876539 24876541 24876595 24880094 24880097 24880099 24880101 27410308 27501380 28762487 28763431 28776513 28776515 28776519 28776521 28776523 28776525 28776528 28776535
# Thread 5: 61963 61964 531283 1234298 2952615 4081730 4081732 4216043 4313826 4313828 4313829 4331346 4331852 4331858 4332344 4332591 4332592 4332598 4332600 4332601 4332851 4332853 4332869 4332870 4332872 4332874 4335346 4335347 4335349 6057909 6694492 10279129 10279221 13712235 13749207 14145850 14976795 15000821 15000823 15741590 15743045 15743047 16028759 16054275 16127424 17191045 17206520 17206522 17206524 17206526 17206528 21956515 21956517 21956519 21956521 21956526 21956528 21956530 21956532 21956533 21956535 21956537 21956539 21956541 21956543 21956547 21956549 21956551 21956553 21956555 21956560 21956561 21956563 23821648 23823462 23836514 23836521 23836523 23836525 23836527 23836529 23836532 23836534 23836536 24874339 24876514 24876516 24876518 24876520 24876522 24876529 24876531 24876534 24876536 24876590 24880089 24880091 24880093 24880095 27198547 27207779 27410303 27501375 28762483 28776508 28776510 28776514 28776516 28776518 28776520 28776522 28776526 28776530
# Thread 6: 61961 61963 531282 1234296 1234298 2952614 3967138 4081728 4081730 4216042 4313826 4313828 4331345 4331851 4331856 4332343 4332590 4332592 4332598 4332600 4332850 4332852 4332867 4332869 4332871 4332873 4335344 4335346 4335348 6057908 6078485 6694490 6694492 10279128 10279220 13712234 13749205 13795273 13861894 14145848 14976793 15000820 15000822 15741588 15743044 15743046 16028758 16054274 16127423 17191043 17206513 17206517 17206519 17206521 17206523 17206525 17206527 18181943 21956513 21956515 21956517 21956519 21956524 21956526 21956528 21956530 21956532 21956534 21956536 21956538 21956540 21956542 21956545 21956547 21956549 21956551 21956553 21956558 21956560 21956562 22919302 23794169 23821647 23823460 23836513 23836520 23836522 23836524 23836526 23836529 23836531 23836533 23836535 24874338 24875339 24876513 24876515 24876517 24876519 24876521 24876528 24876530 24876534 24876588 24876590 24880088 24880090 24880092 24880094 27410302 27483982 27501374 28762481 28763425 28776507 28776509 28776513 28776515 28776517 28776519 28776521 28776525 28776529
# Thread 7: 61960 61962 531281 1234295 1234297 2952613 3967137 4081727 4081729 4216041 4313825 4313827 4331344 4331850 4331855 4332342 4332588 4332590 4332597 4332599 4332849 4332851 4332866 4332868 4332870 4332872 4335343 4335345 4335347 6057907 6078484 6694489 6694491 10279127 10279219 13712233 13749204 13795272 13861893 14145847 14976792 15000819 15000821 15741587 15743043 15743045 16028757 16054273 16127422 17191042 17206512 17206518 17206520 17206522 17206524 17206526 18181942 21956512 21956514 21956516 21956518 21956523 21956525 21956527 21956529 21956531 21956533 21956535 21956537 21956539 21956541 21956544 21956546 21956548 21956550 21956552 21956557 21956559 21956561 22919301 23794168 23821646 23823459 23836512 23836519 23836521 23836523 23836525 23836527 23836530 23836532 23836534 24874337 24875338 24876512 24876514 24876516 24876518 24876520 24876527 24876529 24876533 24876587 24876589 24880087 24880089 24880091 24880093 27410301 27483981 27501373 28762480 28763424 28776506 28776508 28776512 28776514 28776516 28776518 28776520 28776524 28776528

