2026-09-17 14:08:55 시작 — 30분, 120초 간격 (로그 /home/ailab/git/A1-BSW/tools/rt/logs/provoke_20260917_140855.log)
2026-09-17 14:10:55.925 #1 wifi off
2026-09-17 14:11:04.093 #1 wifi on
2026-09-17 14:11:30.135 #1 pkcon refresh
2026-09-17 14:12:30.150 #1 pkcon done rc=0
2026-09-17 14:14:30.161 #2 wifi off
2026-09-17 14:14:38.409 #2 wifi on
2026-09-17 14:15:04.081 #2 pkcon refresh
2026-09-17 14:16:04.092 #2 pkcon done rc=0
2026-09-17 14:18:04.104 #3 wifi off
2026-09-17 14:18:12.326 #3 wifi on
2026-09-17 14:18:37.982 #3 pkcon refresh
2026-09-17 14:19:37.992 #3 pkcon done rc=0
2026-09-17 14:21:38.010 #4 wifi off
2026-09-17 14:21:46.289 #4 wifi on
2026-09-17 14:22:11.954 #4 pkcon refresh
2026-09-17 14:23:11.968 #4 pkcon done rc=0
2026-09-17 14:25:11.974 #5 wifi off
2026-09-17 14:25:20.430 #5 wifi on
2026-09-17 14:25:46.104 #5 pkcon refresh
2026-09-17 14:26:46.116 #5 pkcon done rc=0
2026-09-17 14:28:46.124 #6 wifi off
2026-09-17 14:28:54.370 #6 wifi on
2026-09-17 14:29:20.067 #6 pkcon refresh
2026-09-17 14:30:20.077 #6 pkcon done rc=0
2026-09-17 14:32:20.087 #7 wifi off
2026-09-17 14:32:28.408 #7 wifi on
2026-09-17 14:32:54.077 #7 pkcon refresh
2026-09-17 14:33:54.087 #7 pkcon done rc=0
2026-09-17 14:35:54.097 #8 wifi off
2026-09-17 14:36:02.318 #8 wifi on
2026-09-17 14:36:27.982 #8 pkcon refresh
2026-09-17 14:37:27.988 #8 pkcon done rc=0
2026-09-17 14:39:27.997 #9 wifi off
2026-09-17 14:39:36.226 #9 wifi on
2026-09-17 14:40:01.903 #9 pkcon refresh
2026-09-17 14:41:01.914 #9 pkcon done rc=0
2026-09-17 14:41:01 끝 — 사건 9 회
