# /dev/cpu_dma_latency set to 0us
# Histogram
000000 000000	000000	000000	000000	000000	000000	000000	000000
000001 000000	000000	000000	000000	000000	000000	000000	000000
000002 000000	000000	000000	000000	000000	000000	000000	000000
000003 000000	000000	000000	000000	000000	000000	000000	000000
000004 000000	000000	000000	000000	000001	000000	000000	000000
000005 003897	008518	006325	009122	009687	002156	007817	003025
000006 016648	030487	016329	037109	055243	010654	116578	016006
000007 631946	821389	634987	817403	972280	589716	555509	621926
000008 890823	716489	773723	669543	554939	891675	195814	914923
000009 107904	094261	217797	133704	081917	179058	703742	098539
000010 068988	065450	078167	069749	063681	065323	170443	065953
000011 047929	040919	046482	041642	039574	034933	025450	046863
000012 016797	011672	016138	012259	011606	012737	011046	016646
000013 007125	005283	005285	004819	005861	006702	006198	007607
000014 004526	003413	002842	002779	003296	004324	004357	004936
000015 002422	001495	001261	001155	001293	002033	002339	002627
000016 000385	000197	000187	000270	000134	000278	000392	000449
000017 000057	000042	000039	000079	000026	000037	000036	000057
000018 000061	000020	000030	000037	000027	000024	000023	000042
000019 000030	000014	000015	000015	000011	000018	000015	000025
000020 000028	000006	000015	000012	000006	000004	000004	000013
000021 000015	000008	000006	000005	000006	000007	000008	000003
000022 000013	000001	000005	000003	000005	000005	000002	000009
000023 000009	000004	000002	000008	000001	000004	000003	000002
000024 000010	000003	000006	000005	000000	000001	000003	000004
000025 000004	000005	000001	000003	000000	000003	000002	000002
000026 000004	000001	000000	000002	000000	000004	000001	000005
000027 000002	000002	000002	000001	000000	000002	000001	000001
000028 000004	000002	000001	000002	000000	000002	000002	000002
000029 000006	000004	000003	000002	000000	000003	000004	000004
000030 000002	000002	000000	000000	000000	000003	000003	000001
000031 000001	000005	000002	000001	000000	000002	000002	000003
000032 000000	000000	000003	000002	000002	000002	000000	000001
000033 000001	000001	000002	000003	000003	000003	000002	000003
000034 000002	000004	000002	000001	000003	000003	000001	000001
000035 000001	000004	000004	000004	000005	000005	000001	000004
000036 000003	000003	000003	000001	000006	000002	000001	000004
000037 000001	000002	000001	000001	000005	000003	000001	000002
000038 000001	000002	000002	000002	000003	000006	000000	000001
000039 000003	000001	000003	000001	000002	000005	000000	000004
000040 000001	000001	000001	000001	000002	000001	000000	000002
000041 000001	000003	000001	000004	000004	000001	000000	000000
000042 000001	000003	000000	000001	000001	000003	000001	000004
000043 000004	000002	000002	000002	000005	000002	000000	000000
000044 000003	000002	000003	000001	000002	000001	000001	000002
000045 000003	000003	000001	000000	000003	000000	000000	000001
000046 000002	000000	000003	000000	000003	000000	000001	000005
000047 000001	000001	000000	000002	000003	000003	000001	000002
000048 000000	000000	000003	000002	000001	000000	000000	000001
000049 000001	000001	000003	000002	000000	000001	000000	000001
000050 000001	000002	000001	000001	000002	000001	000001	000001
000051 000001	000000	000002	000001	000002	000002	000002	000000
000052 000004	000000	000004	000002	000000	000001	000001	000002
000053 000002	000000	000001	000000	000002	000001	000003	000003
000054 000002	000000	000000	000000	000002	000001	000000	000002
000055 000000	000000	000001	000002	000002	000001	000000	000001
000056 000002	000000	000000	000000	000003	000001	000000	000004
000057 000002	000000	000004	000000	000000	000004	000001	000002
000058 000001	000003	000000	000001	000001	000001	000000	000002
000059 000000	000000	000000	000001	000004	000001	000002	000000
000060 000003	000004	000000	000003	000001	000000	000000	000001
000061 000001	000000	000001	000001	000003	000000	000000	000003
000062 000001	000002	000001	000003	000000	000000	000001	000001
000063 000000	000005	000001	000001	000001	000001	000000	000003
000064 000000	000002	000001	000002	000005	000002	000001	000003
000065 000000	000000	000001	000003	000000	000001	000000	000002
000066 000000	000002	000000	000003	000005	000002	000001	000005
000067 000000	000004	000001	000003	000000	000001	000002	000001
000068 000002	000001	000000	000001	000001	000001	000001	000001
000069 000003	000004	000000	000001	000002	000000	000001	000001
000070 000000	000002	000001	000000	000001	000001	000000	000003
000071 000002	000001	000001	000003	000002	000002	000000	000001
000072 000000	000004	000001	000001	000001	000000	000000	000000
000073 000000	000000	000000	000002	000002	000001	000000	000000
000074 000002	000004	000001	000000	000000	000001	000000	000000
000075 000001	000000	000001	000002	000000	000000	000002	000002
000076 000001	000000	000002	000000	000004	000000	000001	000000
000077 000001	000003	000000	000000	000001	000000	000000	000002
000078 000003	000003	000004	000000	000003	000000	000001	000001
000079 000001	000001	000001	000000	000001	000000	000000	000000
000080 000000	000001	000000	000001	000001	000000	000000	000001
000081 000001	000001	000002	000001	000002	000002	000001	000000
000082 000003	000004	000004	000001	000000	000000	000000	000002
000083 000001	000003	000000	000002	000000	000001	000000	000000
000084 000000	000001	000003	000001	000002	000000	000001	000004
000085 000000	000000	000001	000000	000002	000001	000002	000002
000086 000002	000001	000002	000002	000000	000001	000001	000001
000087 000000	000002	000001	000000	000002	000000	000000	000000
000088 000000	000000	000001	000000	000002	000002	000001	000001
000089 000001	000000	000000	000001	000000	000001	000000	000000
000090 000001	000000	000001	000000	000002	000002	000001	000000
000091 000002	000000	000000	000001	000000	000002	000000	000001
000092 000000	000001	000000	000000	000001	000001	000000	000002
000093 000001	000000	000002	000003	000001	000000	000000	000001
000094 000002	000001	000001	000001	000002	000000	000000	000001
000095 000002	000001	000000	000000	000000	000001	000000	000001
000096 000004	000001	000000	000000	000002	000002	000000	000001
000097 000000	000000	000003	000000	000004	000000	000002	000001
000098 000000	000000	000000	000000	000000	000000	000002	000001
000099 000002	000002	000000	000001	000000	000001	000000	000002
000100 000001	000002	000000	000002	000002	000000	000000	000000
000101 000002	000003	000001	000001	000001	000001	000001	000000
000102 000001	000000	000001	000001	000000	000000	000000	000000
000103 000000	000000	000000	000002	000001	000000	000001	000000
000104 000000	000001	000000	000001	000001	000000	000000	000000
000105 000002	000000	000000	000002	000000	000000	000000	000000
000106 000000	000000	000000	000000	000000	000000	000000	000000
000107 000003	000002	000001	000000	000003	000000	000001	000000
000108 000002	000001	000000	000003	000000	000000	000001	000000
000109 000000	000001	000001	000001	000000	000000	000001	000002
000110 000000	000001	000000	000001	000001	000000	000000	000001
000111 000001	000000	000000	000002	000002	000004	000000	000000
000112 000001	000001	000000	000001	000000	000002	000000	000000
000113 000002	000001	000000	000002	000001	000003	000001	000003
000114 000001	000001	000002	000001	000000	000001	000001	000000
000115 000000	000001	000000	000000	000000	000000	000000	000000
000116 000000	000000	000002	000000	000001	000000	000001	000001
000117 000003	000000	000003	000001	000000	000001	000000	000000
000118 000000	000000	000001	000000	000001	000003	000000	000002
000119 000001	000000	000000	000000	000000	000000	000000	000002
000120 000001	000000	000000	000000	000001	000001	000002	000000
000121 000000	000000	000000	000000	000001	000001	000000	000000
000122 000001	000000	000001	000000	000000	000001	000000	000000
000123 000001	000000	000000	000001	000000	000000	000000	000003
000124 000001	000000	000000	000000	000001	000000	000000	000000
000125 000002	000000	000000	000001	000003	000003	000000	000000
000126 000000	000001	000000	000001	000001	000000	000000	000000
000127 000000	000000	000001	000000	000001	000000	000000	000001
000128 000000	000001	000000	000000	000001	000001	000000	000000
000129 000002	000000	000003	000000	000002	000001	000000	000000
000130 000000	000001	000001	000001	000000	000000	000002	000000
000131 000000	000000	000000	000001	000001	000001	000000	000000
000132 000000	000000	000002	000002	000000	000000	000000	000000
000133 000000	000000	000000	000000	000001	000000	000000	000001
000134 000000	000001	000000	000000	000000	000001	000000	000000
000135 000000	000003	000000	000000	000000	000000	000000	000002
000136 000001	000000	000001	000000	000000	000000	000002	000001
000137 000000	000000	000000	000000	000001	000000	000001	000002
000138 000001	000000	000000	000000	000000	000001	000000	000000
000139 000000	000003	000000	000000	000000	000002	000000	000000
000140 000000	000000	000001	000000	000000	000000	000001	000002
000141 000000	000000	000002	000000	000000	000001	000000	000002
000142 000001	000000	000001	000001	000001	000000	000001	000000
000143 000000	000001	000000	000001	000000	000000	000000	000000
000144 000000	000000	000001	000000	000001	000000	000000	000000
000145 000000	000000	000000	000001	000001	000000	000000	000000
000146 000001	000000	000000	000002	000000	000000	000000	000003
000147 000001	000000	000001	000000	000000	000000	000000	000000
000148 000001	000000	000001	000001	000001	000000	000000	000001
000149 000000	000000	000000	000000	000000	000000	000000	000000
000150 000000	000000	000001	000000	000000	000000	000000	000001
000151 000001	000000	000000	000000	000000	000000	000000	000000
000152 000000	000002	000000	000000	000002	000001	000000	000001
000153 000000	000000	000000	000000	000000	000000	000000	000000
000154 000001	000002	000000	000000	000000	000000	000000	000002
000155 000000	000000	000000	000000	000001	000000	000001	000000
000156 000000	000000	000000	000000	000000	000001	000000	000002
000157 000001	000002	000000	000001	000001	000000	000000	000000
000158 000000	000000	000001	000000	000000	000000	000000	000002
000159 000000	000000	000000	000000	000000	000000	000001	000000
000160 000002	000000	000000	000000	000000	000002	000001	000000
000161 000002	000000	000001	000001	000001	000000	000000	000000
000162 000000	000003	000001	000000	000001	000000	000000	000000
000163 000002	000001	000000	000000	000001	000000	000000	000000
000164 000000	000000	000000	000000	000000	000000	000000	000001
000165 000001	000000	000000	000001	000000	000000	000000	000000
000166 000000	000000	000000	000001	000001	000001	000000	000002
000167 000001	000001	000000	000000	000000	000000	000001	000000
000168 000000	000001	000000	000000	000000	000000	000001	000000
000169 000000	000001	000001	000000	000000	000000	000001	000001
000170 000000	000001	000001	000001	000001	000000	000001	000001
000171 000000	000000	000002	000000	000002	000001	000000	000000
000172 000000	000000	000000	000000	000000	000001	000000	000000
000173 000001	000001	000000	000000	000002	000001	000000	000000
000174 000000	000001	000001	000000	000000	000002	000000	000000
000175 000000	000001	000001	000000	000001	000001	000000	000000
000176 000000	000000	000000	000000	000000	000000	000000	000000
000177 000000	000000	000001	000000	000000	000001	000000	000000
000178 000001	000000	000000	000000	000001	000000	000000	000000
000179 000000	000000	000000	000000	000000	000001	000000	000000
000180 000001	000000	000001	000000	000001	000000	000001	000000
000181 000001	000000	000000	000000	000000	000001	000000	000000
000182 000000	000002	000001	000000	000001	000000	000000	000000
000183 000001	000000	000000	000001	000000	000000	000000	000000
000184 000000	000000	000000	000000	000001	000000	000001	000000
000185 000000	000001	000000	000000	000001	000000	000000	000000
000186 000000	000001	000001	000000	000002	000000	000000	000000
000187 000002	000000	000001	000000	000000	000000	000000	000000
000188 000000	000000	000001	000001	000000	000000	000000	000000
000189 000000	000000	000000	000000	000000	000001	000000	000000
000190 000001	000000	000001	000000	000001	000000	000001	000000
000191 000000	000000	000001	000000	000000	000000	000000	000000
000192 000001	000000	000000	000000	000001	000000	000000	000000
000193 000000	000000	000000	000003	000001	000000	000000	000002
000194 000000	000000	000001	000001	000000	000001	000001	000000
000195 000000	000000	000000	000000	000000	000001	000001	000000
000196 000000	000000	000001	000000	000000	000000	000000	000000
000197 000001	000000	000000	000000	000000	000000	000000	000000
000198 000001	000000	000000	000000	000001	000000	000000	000000
000199 000001	000000	000000	000000	000001	000001	000001	000001
000200 000000	000000	000000	000001	000001	000001	000000	000000
000201 000001	000000	000000	000000	000000	000000	000000	000001
000202 000000	000000	000002	000000	000001	000000	000000	000000
000203 000000	000000	000000	000000	000000	000001	000001	000001
000204 000000	000000	000000	000000	000000	000000	000000	000000
000205 000000	000000	000000	000000	000000	000000	000001	000000
000206 000001	000000	000000	000000	000000	000000	000001	000000
000207 000001	000000	000000	000000	000000	000000	000000	000001
000208 000001	000000	000000	000000	000000	000000	000000	000000
000209 000000	000002	000001	000000	000001	000001	000000	000000
000210 000000	000000	000000	000000	000000	000000	000000	000000
000211 000000	000000	000000	000000	000001	000000	000000	000000
000212 000000	000000	000000	000000	000000	000000	000000	000000
000213 000000	000000	000001	000001	000001	000000	000000	000000
000214 000000	000000	000000	000000	000000	000001	000001	000000
000215 000001	000000	000002	000000	000000	000000	000001	000000
000216 000000	000001	000000	000000	000000	000000	000000	000000
000217 000001	000000	000001	000001	000001	000000	000000	000001
000218 000000	000000	000000	000000	000001	000000	000000	000000
000219 000001	000000	000001	000000	000001	000000	000000	000000
000220 000000	000000	000001	000000	000000	000002	000000	000000
000221 000002	000000	000000	000000	000000	000000	000001	000000
000222 000001	000001	000000	000000	000000	000000	000001	000001
000223 000000	000000	000000	000000	000000	000000	000000	000000
000224 000000	000000	000000	000000	000000	000000	000000	000000
000225 000000	000000	000001	000000	000000	000000	000000	000001
000226 000001	000000	000000	000000	000000	000000	000000	000000
000227 000000	000000	000000	000000	000000	000000	000000	000001
000228 000002	000000	000000	000000	000001	000001	000001	000000
000229 000000	000000	000001	000000	000000	000000	000000	000000
000230 000000	000000	000000	000000	000001	000000	000000	000000
000231 000000	000000	000000	000000	000000	000001	000000	000001
000232 000000	000000	000000	000000	000000	000000	000000	000000
000233 000001	000001	000003	000000	000000	000000	000001	000000
000234 000000	000000	000000	000000	000000	000002	000000	000000
000235 000002	000000	000000	000000	000000	000000	000002	000000
000236 000000	000000	000000	000000	000000	000000	000000	000000
000237 000000	000000	000000	000000	000000	000000	000000	000001
000238 000001	000001	000000	000000	000000	000000	000000	000000
000239 000000	000000	000000	000000	000000	000000	000000	000001
000240 000000	000000	000000	000002	000000	000000	000001	000000
000241 000000	000001	000000	000000	000000	000001	000000	000000
000242 000000	000000	000002	000000	000000	000000	000000	000000
000243 000000	000001	000000	000000	000000	000000	000000	000001
000244 000001	000000	000000	000000	000000	000000	000000	000000
000245 000000	000000	000000	000000	000000	000001	000000	000000
000246 000001	000000	000000	000000	000001	000000	000000	000000
000247 000000	000001	000000	000000	000001	000000	000000	000000
000248 000000	000000	000000	000000	000000	000000	000000	000002
000249 000000	000000	000002	000000	000000	000000	000000	000001
000250 000000	000000	000001	000000	000000	000001	000000	000000
000251 000000	000000	000000	000000	000001	000000	000000	000000
000252 000001	000000	000000	000000	000000	000001	000000	000000
000253 000000	000001	000000	000000	000001	000000	000000	000000
000254 000001	000000	000000	000000	000000	000000	000001	000000
000255 000000	000000	000000	000000	000000	000000	000000	000001
000256 000000	000000	000001	000000	000000	000000	000000	000000
000257 000000	000000	000000	000000	000000	000000	000000	000000
000258 000000	000001	000001	000000	000000	000002	000000	000001
000259 000000	000000	000000	000000	000000	000000	000001	000000
000260 000000	000000	000001	000000	000000	000000	000000	000000
000261 000000	000000	000000	000000	000001	000000	000001	000000
000262 000000	000000	000000	000000	000000	000000	000000	000001
000263 000000	000000	000000	000000	000000	000000	000000	000000
000264 000001	000002	000000	000000	000000	000001	000000	000000
000265 000001	000001	000001	000001	000000	000000	000000	000000
000266 000000	000000	000000	000000	000000	000000	000000	000000
000267 000000	000000	000001	000000	000001	000000	000000	000000
000268 000000	000000	000000	000000	000000	000000	000000	000001
000269 000000	000000	000000	000001	000000	000000	000000	000000
000270 000000	000000	000000	000000	000000	000000	000000	000000
000271 000000	000000	000000	000000	000000	000000	000000	000000
000272 000000	000001	000000	000001	000000	000000	000000	000001
000273 000000	000001	000000	000001	000001	000000	000001	000000
000274 000000	000001	000000	000001	000000	000000	000000	000000
000275 000000	000000	000000	000000	000000	000000	000000	000000
000276 000000	000000	000000	000000	000000	000000	000000	000000
000277 000000	000000	000000	000000	000001	000000	000000	000000
000278 000000	000001	000000	000001	000000	000000	000000	000001
000279 000000	000000	000000	000001	000000	000000	000000	000001
000280 000000	000000	000001	000000	000000	000000	000000	000000
000281 000000	000000	000000	000000	000000	000000	000000	000000
000282 000001	000000	000000	000000	000001	000000	000000	000000
000283 000001	000000	000001	000000	000000	000000	000000	000000
000284 000000	000001	000000	000001	000000	000000	000000	000000
000285 000000	000000	000000	000000	000000	000000	000000	000002
000286 000001	000000	000000	000000	000000	000000	000000	000000
000287 000000	000000	000000	000000	000000	000000	000000	000000
000288 000000	000000	000000	000000	000000	000000	000000	000000
000289 000001	000001	000000	000001	000000	000000	000001	000000
000290 000000	000000	000000	000000	000000	000000	000001	000000
000291 000000	000000	000001	000000	000000	000000	000000	000001
000292 000000	000000	000000	000000	000000	000000	000001	000000
000293 000000	000000	000000	000000	000000	000000	000000	000000
000294 000000	000000	000000	000000	000001	000000	000000	000000
000295 000000	000000	000000	000001	000000	000002	000000	000001
000296 000000	000001	000000	000001	000001	000000	000000	000000
000297 000001	000000	000000	000000	000000	000000	000000	000000
000298 000000	000000	000000	000000	000001	000000	000000	000000
000299 000000	000000	000001	000000	000000	000000	000000	000000
000300 000000	000000	000000	000000	000000	000000	000000	000000
000301 000000	000000	000000	000000	000000	000000	000000	000000
000302 000001	000002	000000	000000	000000	000000	000000	000000
000303 000000	000000	000000	000001	000000	000001	000000	000000
000304 000000	000000	000000	000000	000000	000000	000000	000000
000305 000000	000000	000000	000001	000000	000000	000000	000000
000306 000000	000000	000000	000000	000000	000000	000000	000000
000307 000000	000000	000000	000000	000000	000000	000000	000000
000308 000000	000000	000000	000000	000001	000000	000001	000000
000309 000000	000000	000002	000000	000000	000000	000000	000000
000310 000000	000000	000000	000001	000000	000000	000000	000000
000311 000000	000001	000001	000000	000001	000001	000000	000000
000312 000001	000000	000000	000000	000000	000000	000000	000000
000313 000000	000000	000000	000000	000001	000000	000000	000000
000314 000000	000000	000000	000000	000000	000001	000000	000000
000315 000000	000000	000000	000000	000001	000000	000000	000000
000316 000000	000000	000000	000000	000000	000000	000000	000000
000317 000000	000000	000000	000000	000000	000000	000000	000000
000318 000001	000000	000000	000001	000000	000000	000001	000000
000319 000000	000000	000000	000001	000000	000000	000000	000000
000320 000000	000000	000000	000000	000000	000000	000000	000000
000321 000000	000000	000000	000000	000001	000000	000000	000000
000322 000000	000000	000000	000000	000000	000000	000000	000000
000323 000000	000000	000000	000000	000000	000001	000000	000002
000324 000000	000000	000000	000000	000000	000000	000000	000000
000325 000000	000000	000000	000000	000000	000000	000001	000000
000326 000000	000000	000000	000000	000000	000000	000000	000000
000327 000000	000000	000000	000000	000000	000000	000000	000001
000328 000000	000000	000000	000000	000000	000000	000000	000000
000329 000000	000000	000000	000000	000001	000000	000000	000000
000330 000001	000000	000000	000000	000000	000000	000000	000001
000331 000000	000000	000001	000000	000001	000000	000000	000000
000332 000000	000000	000001	000000	000000	000000	000000	000000
000333 000001	000000	000000	000001	000000	000000	000000	000000
000334 000000	000000	000000	000000	000000	000000	000000	000000
000335 000000	000000	000000	000000	000000	000000	000000	000000
000336 000000	000000	000000	000000	000000	000000	000000	000000
000337 000000	000000	000000	000000	000000	000000	000000	000000
000338 000000	000000	000000	000000	000000	000000	000000	000000
000339 000000	000001	000000	000000	000000	000000	000000	000000
000340 000000	000000	000000	000000	000000	000000	000001	000000
000341 000000	000000	000000	000000	000000	000000	000000	000001
000342 000000	000000	000000	000000	000000	000000	000000	000000
000343 000000	000000	000000	000001	000001	000000	000000	000000
000344 000001	000001	000000	000000	000000	000001	000000	000000
000345 000000	000000	000000	000000	000000	000001	000000	000000
000346 000000	000001	000000	000000	000001	000000	000000	000000
000347 000001	000000	000000	000000	000000	000000	000000	000000
000348 000001	000000	000000	000000	000000	000000	000000	000000
000349 000000	000000	000000	000000	000000	000000	000000	000000
000350 000000	000000	000000	000000	000000	000000	000000	000000
000351 000001	000000	000001	000000	000000	000000	000001	000001
000352 000000	000000	000000	000000	000001	000000	000000	000000
000353 000000	000000	000000	000000	000000	000000	000000	000000
000354 000000	000000	000000	000000	000000	000000	000001	000000
000355 000000	000000	000000	000000	000000	000000	000000	000000
000356 000000	000000	000000	000000	000000	000000	000001	000000
000357 000001	000001	000000	000000	000000	000000	000000	000000
000358 000000	000000	000000	000000	000000	000000	000000	000000
000359 000000	000000	000000	000001	000001	000000	000000	000000
000360 000000	000000	000000	000000	000000	000000	000000	000000
000361 000000	000000	000000	000000	000001	000000	000000	000000
000362 000000	000000	000000	000000	000001	000000	000000	000000
000363 000000	000000	000000	000000	000000	000000	000000	000000
000364 000000	000000	000000	000000	000000	000001	000001	000000
000365 000001	000000	000000	000000	000000	000000	000000	000000
000366 000001	000000	000000	000000	000000	000000	000000	000000
000367 000000	000000	000000	000000	000000	000000	000000	000000
000368 000000	000001	000001	000000	000000	000000	000000	000000
000369 000000	000000	000000	000000	000000	000001	000000	000000
000370 000000	000000	000000	000000	000000	000000	000000	000000
000371 000000	000000	000000	000000	000000	000000	000000	000000
000372 000000	000000	000000	000000	000000	000000	000000	000001
000373 000000	000000	000000	000000	000001	000000	000002	000001
000374 000000	000000	000000	000001	000000	000000	000000	000000
000375 000000	000000	000000	000000	000000	000000	000000	000000
000376 000000	000000	000000	000000	000000	000000	000000	000000
000377 000000	000000	000001	000000	000000	000000	000000	000000
000378 000000	000000	000000	000000	000000	000000	000000	000000
000379 000001	000000	000000	000000	000000	000000	000000	000000
000380 000000	000000	000000	000000	000000	000000	000000	000000
000381 000001	000000	000000	000000	000000	000000	000000	000000
000382 000000	000000	000000	000000	000000	000000	000000	000000
000383 000000	000000	000000	000000	000000	000000	000000	000000
000384 000000	000000	000000	000000	000000	000000	000000	000000
000385 000000	000000	000000	000000	000000	000000	000000	000000
000386 000000	000000	000000	000000	000000	000000	000001	000000
000387 000000	000000	000000	000000	000001	000000	000000	000000
000388 000001	000001	000001	000002	000000	000000	000000	000000
000389 000000	000001	000000	000000	000000	000000	000000	000000
000390 000000	000000	000000	000000	000001	000001	000000	000000
000391 000000	000000	000000	000000	000001	000000	000000	000000
000392 000000	000000	000000	000000	000000	000000	000000	000000
000393 000000	000000	000000	000000	000000	000000	000000	000001
000394 000001	000000	000000	000000	000000	000000	000000	000000
000395 000000	000000	000000	000000	000000	000001	000000	000000
000396 000001	000000	000000	000000	000000	000000	000001	000000
000397 000001	000000	000001	000000	000000	000000	000000	000001
000398 000000	000000	000000	000001	000000	000000	000000	000000
000399 000000	000000	000000	000000	000000	000000	000000	000000
# Total: 001799826 001799869 001799825 001799884 001799818 001799869 001799897 001799860
# Min Latencies: 00005 00005 00005 00005 00004 00005 00005 00005
# Avg Latencies: 00008 00007 00008 00007 00007 00008 00008 00007
# Max Latencies: 00805 00861 00462 00892 00770 00817 00813 00844
# Histogram Overflows: 00174 00131 00175 00112 00176 00125 00099 00135
# Histogram Overflow at cycle number:
# Thread 0: 72405 72406 140057 142719 142720 142822 142823 142824 211266 211267 211368 211478 211929 212883 224679 224680 225005 225639 225640 225641 236633 410438 410549 410646 410760 412710 412725 412925 412926 412927 415738 415988 416099 416100 416101 416205 416206 416207 416329 423581 436238 436239 501556 501663 501664 505402 507033 507034 507314 507315 525471 525472 525473 525580 525581 525685 525686 525778 525779 525780 530038 541890 541892 542265 543689 543691 546668 546760 546762 546773 546852 546854 547321 549397 549399 549660 549661 551860 551861 551862 551961 552147 552149 552339 689782 697698 697791 697793 697805 697980 698415 701653 732361 732362 732363 732638 732639 732640 733094 733183 733184 733185 739917 746719 746820 747816 748383 748384 748385 748570 748752 748753 749201 749202 749203 749293 749304 749382 750143 750144 751744 751745 751746 751833 751835 770793 770996 771096 771097 771098 771110 771195 771196 771197 771296 1009923 1018715 1021835 1022776 1022777 1025774 1341183 1341184 1341185 1341555 1341556 1341668 1341673 1342097 1342539 1342540 1345213 1345214 1345215 1345910 1348784 1348785 1348786 1349251 1349433 1349434 1349435 1349527 1425549 1425563 1425664 1425665 1425666 1426200 1426202 1426217 1426697 1453155 1453157
# Thread 1: 72405 140057 142719 142822 142824 211266 211368 211929 212883 224680 225006 225639 225641 236634 410549 410646 410760 412710 412725 412925 412927 415738 415988 416099 416101 416205 416207 416329 423461 423581 436238 501556 501663 505402 507033 507314 525471 525473 525580 525685 525778 525780 530038 541890 541892 542265 542267 543689 543691 545920 546668 546760 546762 546773 546852 546854 547321 549397 549399 549661 551860 551862 551961 552147 552149 552339 689782 697698 697980 701653 732361 732363 732639 733094 733183 733185 739917 746719 746820 747816 748383 748385 748570 748752 749125 749201 749203 749293 749304 749382 750143 751744 751746 751833 751835 770793 770996 771096 771098 771110 771195 771197 771296 1009923 1018716 1022776 1025773 1341183 1341185 1341555 1341673 1342097 1342539 1345213 1345215 1345910 1348784 1348786 1349251 1349433 1349435 1349527 1375685 1425549 1425563 1425664 1425666 1426201 1426217 1453155 1453157
# Thread 2: 72404 72405 72406 72509 140056 140057 142719 142822 142823 142824 211266 211368 211478 211929 212883 224679 224682 225004 225005 225006 225639 225640 236633 410438 410646 410760 412710 412725 412925 412926 412927 415738 415988 416099 416100 416101 416205 416206 416329 423581 436238 436239 501556 501663 507032 507033 507034 507313 515969 524423 525471 525472 525473 525580 525685 525686 525777 525778 525779 527401 534752 541890 542265 542266 543689 546668 546669 546760 546761 546773 546852 546853 546854 547321 549397 549399 549660 551860 551861 551862 551961 552147 552149 552339 689782 697791 697793 698415 701653 732361 732362 732638 732639 732640 733094 733183 733184 733185 746820 747815 748383 748384 748385 748570 748582 748751 748752 748839 748853 748931 749034 749112 749201 749202 749203 749214 750142 750143 751743 751744 751745 751832 751834 751835 751924 751925 770286 770490 770706 770792 770909 770995 770996 771096 771097 771195 771196 771296 1009923 1022776 1022777 1025773 1341183 1341184 1341185 1341555 1341668 1341673 1342097 1342098 1342539 1342646 1343599 1345213 1345214 1345215 1345910 1348783 1348784 1348785 1348786 1349251 1349355 1349433 1349434 1425549 1425563 1425664 1425665 1425666 1426200 1426201 1426202 1426697 1453155
# Thread 3: 72400 140052 142714 142817 142819 211261 211363 212878 224675 225000 225635 236629 412921 412923 415984 416095 416200 416202 416324 423456 423576 436233 501551 501658 507028 507309 525467 525575 525680 525773 525775 530033 541885 541887 542260 542262 543684 543686 545915 546663 546755 546757 546768 546847 546849 547316 549392 549394 549656 551855 551857 552142 552144 552334 689777 701648 732357 732634 733089 733178 733180 746714 746815 747811 748378 748380 748565 748747 749120 749196 749198 749288 749299 749377 750138 751739 751741 751828 751830 770788 770991 771091 771093 771105 771190 771192 771291 1009918 1018711 1022771 1025768 1341178 1341180 1341550 1341668 1342534 1342642 1345209 1345905 1348779 1348781 1349246 1349428 1349430 1349522 1375680 1425544 1425558 1425660 1426196 1453150 1453152
# Thread 4: 72398 72399 72400 140051 142713 142714 142816 142817 142818 211260 211261 211362 211472 211923 212877 224673 224674 224999 225000 225633 225634 225635 236627 410432 410543 410640 410754 412704 412719 412919 412920 412921 415732 415982 416093 416094 416095 416199 416200 416201 416323 423575 436232 436233 501550 501657 501658 505396 507027 507028 507308 507309 525465 525466 525467 525574 525575 525679 525680 525772 525773 525774 530032 541884 541886 542259 543683 543685 546662 546663 546754 546755 546767 546846 546848 547315 549391 549393 549654 549655 551854 551855 551856 551955 552141 552143 552333 689776 697692 697785 697787 697799 697974 698409 701647 732355 732356 732357 732632 732633 732634 733088 733177 733178 733179 739911 746713 746814 747810 748377 748378 748379 748564 748746 748747 749195 749196 749197 749287 749298 749376 750137 750138 751738 751739 751740 751829 770787 770990 771090 771091 771092 771104 771189 771190 771290 771291 1009917 1018709 1021829 1022770 1022771 1025768 1341177 1341178 1341179 1341549 1341662 1341667 1342091 1342533 1342534 1345207 1345208 1345209 1345904 1348778 1348779 1348780 1349245 1349427 1349428 1349429 1349521 1425543 1425557 1425658 1425659 1425660 1426194 1426195 1426196 1426211 1426691 1453149 1453151
# Thread 5: 72399 140051 142713 142816 142818 211260 211362 211472 211923 212877 224673 224999 225633 225635 236628 410432 410543 410640 412704 412919 412921 415982 416094 416199 416201 416323 423455 423575 436232 501550 501657 505396 507028 507308 507309 525465 525467 525574 525679 525772 525774 530032 541884 541886 543683 543685 546663 546754 546756 546767 546846 546848 547315 549391 549393 549654 551854 551856 551955 552141 552143 552333 689776 697692 697785 697787 698409 701647 732355 732357 732632 732634 733088 733177 733179 739911 746713 746814 747810 748377 748379 748564 748746 749195 749197 749287 749298 749376 750137 751738 751740 751827 770787 770990 771090 771092 771189 771191 771290 1009917 1018709 1018710 1021829 1022770 1025768 1341178 1341179 1341549 1341662 1341667 1342533 1345208 1345904 1348779 1349245 1349428 1425543 1425557 1425658 1425660 1426194 1426196 1426211 1453149 1453151
# Thread 6: 72402 142716 142819 142820 211263 211364 212879 224676 225001 225636 236630 412721 412922 415734 416096 416202 416325 436235 501659 507029 507311 525468 525469 525577 525682 525775 525776 530034 541886 541888 542261 543685 543687 546664 546757 546758 546769 546850 547317 549395 549657 551857 551858 551957 552143 552145 552335 689778 697976 698411 701649 732358 732635 733180 733181 746715 746816 748380 748381 748566 748749 749198 749199 750140 751741 751831 771093 771106 771192 771193 771293 1009919 1018712 1022773 1025770 1341179 1341181 1341552 1341669 1342093 1342536 1345209 1345211 1348780 1348782 1349247 1349429 1349431 1349523 1425545 1425559 1425660 1425662 1426196 1426198 1426213 1426693 1453151 1453153
# Thread 7: 72400 140052 142714 142817 142819 211261 211363 211924 212878 224674 225000 225634 225636 236629 410433 410544 410641 410755 412705 412720 412920 412922 415733 415983 416094 416096 416200 416202 416324 423456 423576 436233 501551 501659 505397 507028 507309 525466 525468 525575 525680 525773 525775 530033 541885 541887 542260 542262 543684 543686 545915 546663 546755 546757 546768 546847 546849 547316 549392 549394 549656 551855 551857 551956 552142 552144 552334 689777 697693 697788 697975 698410 701648 732356 732358 732634 733089 733178 733180 739912 746714 746815 747811 748378 748380 748565 748747 749120 749196 749198 749288 749299 749377 750138 751739 751741 751828 751830 770788 770991 771091 771093 771105 771190 771192 771291 1009918 1018711 1022771 1025769 1341178 1341180 1341550 1341668 1342092 1342534 1345208 1345210 1345905 1348779 1348781 1349246 1349428 1349430 1349522 1425544 1425558 1425659 1425661 1426195 1426197 1426212 1426692 1453150 1453152

